================================================================================
| EXCITING BORON started                                                       =
| version hash id:                                                             =
| MPI version using     16 processor(s)                                        =
|                                                                              =
| Date (DD-MM-YYYY) : 09-08-2015                                               =
| Time (hh:mm:ss)   : 22:33:01                                                 =
|                                                                              =
| All units are atomic (Hartree, Bohr, etc.)                                   =
================================================================================
 
********************************************************************************
| Structural optimisation starting from atomic densities                       *
********************************************************************************
 
++++++++++++++++++++++++++++++++++++++++++++++++++++++++++++++++++++++++++++++++
| Starting initialization                                                      +
++++++++++++++++++++++++++++++++++++++++++++++++++++++++++++++++++++++++++++++++
 
 Lattice vectors (cartesian) :
      2.3270000000      4.0076694563     -0.4282201870
     -2.3270000000      4.0076694563     -0.4282201870
      0.0000000000     -0.6986805718      5.8402002937
 
 Reciprocal lattice vectors (cartesian) :
      1.3500613036      0.7940452770      0.0949940037
     -1.3500613036      0.7940452770      0.0949940037
      0.0000000000      0.1164433410      1.0897814608
 
 Unit cell volume                           :     107.5372005441
 Brillouin zone volume                      :       2.3066456276
 
 Species :    1 (C)
     parameters loaded from                 :    C.xml
     name                                   :    carbon
     nuclear charge                         :      -6.00000000
     electronic charge                      :       6.00000000
     atomic mass                            :   21894.16673000
     muffin-tin radius                      :       1.20000000
     # of radial points in muffin-tin       :     250
 
     atomic positions (lattice) :
       1 :   0.00000000  0.00000000  0.00000000
       2 :   0.33333333  0.33333333  0.00000000
 
 Total number of atoms per unit cell        :       2
 
 Spin treatment                             :    spin-unpolarised
 
 Number of Bravais lattice symmetries       :       4
 Number of crystal symmetries               :       4
 
 k-point grid                               :      34   34   24
 Total number of k-points                   :    7159
 k-point set is reduced with crystal symmetries
 
 R^MT_min * |G+k|_max (rgkmax)              :       8.00000000
 Species with R^MT_min                      :       1 (C)
 Maximum |G+k| for APW functions            :       6.66666667
 Maximum |G| for potential and density      :      20.00000000
 
 G-vector grid sizes                        :      30    30    40
 Total number of G-vectors                  :   14503
 
 Maximum angular momentum used for
     APW functions                          :       8
     computing H and O matrix elements      :       8
     potential and density                  :       8
     inner part of muffin-tin               :       2
 
 Total nuclear charge                       :     -12.00000000
 Total electronic charge                    :      12.00000000
 Total core charge                          :       4.00000000
 Total valence charge                       :       8.00000000
 
 Number of empty states                     :       5
 Total number of valence states             :      10
 
 Maximum Hamiltonian size                   :     564
 Maximum number of plane-waves              :     556
 Total number of local-orbitals             :       8
 
 Exchange-correlation type                  :      20
     Perdew-Burke-Ernzerhof, Phys. Rev. Lett. 77, 3865 (1996)
     Generalised gradient approximation (GGA)
 
 Smearing scheme                            :    Gaussian
 Smearing width                             :       0.01000000
 
 Using multisecant Broyden potential mixing
 
++++++++++++++++++++++++++++++++++++++++++++++++++++++++++++++++++++++++++++++++
| Ending initialization                                                        +
++++++++++++++++++++++++++++++++++++++++++++++++++++++++++++++++++++++++++++++++
 
********************************************************************************
| Groundstate module started                                                   *
********************************************************************************
 Output level for this task is set to normal
 
++++++++++++++++++++++++++++++++++++++++++++++++++++++++++++++++++++++++++++++++
| Self-consistent loop started                                                 +
++++++++++++++++++++++++++++++++++++++++++++++++++++++++++++++++++++++++++++++++
 Density and potential initialised from atomic data
 
 
++++++++++++++++++++++++++++++++++++++++++++++++++++++++++++++++++++++++++++++++
| SCF iteration number :    1                                                  +
++++++++++++++++++++++++++++++++++++++++++++++++++++++++++++++++++++++++++++++++
 Total energy                               :       -78.09784667
 _______________________________________________________________
 Fermi energy                               :         0.22762924
 Kinetic energy                             :        74.75379714
 Coulomb energy                             :      -141.93035073
 Exchange energy                            :       -10.49991718
 Correlation energy                         :        -0.42137589
 
 DOS at Fermi energy (states/Ha/cell)       :         1.48520447
 
 Electron charges :
     core                                   :         4.00000000
     core leakage                           :         0.00128298
     valence                                :         8.00000000
     interstitial                           :         4.53968564
     charge in muffin-tin spheres :
                  atom     1     C          :         3.73015718
                  atom     2     C          :         3.73015718
     total charge in muffin-tins            :         7.46031436
     total charge                           :        12.00000000
 
 Wall time (seconds)                        :       128.35
 
++++++++++++++++++++++++++++++++++++++++++++++++++++++++++++++++++++++++++++++++
| SCF iteration number :    2                                                  +
++++++++++++++++++++++++++++++++++++++++++++++++++++++++++++++++++++++++++++++++
 Total energy                               :       -77.40850028
 _______________________________________________________________
 Fermi energy                               :         0.24523527
 Kinetic energy                             :        75.19975289
 Coulomb energy                             :      -141.72143910
 Exchange energy                            :       -10.46415028
 Correlation energy                         :        -0.42266379
 
 DOS at Fermi energy (states/Ha/cell)       :         1.57735552
 
 Electron charges :
     core                                   :         4.00000000
     core leakage                           :         0.00129520
     valence                                :         8.00000000
     interstitial                           :         4.60015459
     charge in muffin-tin spheres :
                  atom     1     C          :         3.69992271
                  atom     2     C          :         3.69992271
     total charge in muffin-tins            :         7.39984541
     total charge                           :        12.00000000
 
 Wall time (seconds)                        :       252.76
 
 RMS change in effective potential (target) :   1.65458      ( 0.100000E-05)
 Absolute change in total energy   (target) :  0.689346      ( 0.100000E-06)
 Charge distance                   (target) :  0.122717E-01  ( 0.100000E-04)
 Abs. change in max-nonIBS-force   (target) :  0.508005E-03  ( 0.250000E-05)
 
++++++++++++++++++++++++++++++++++++++++++++++++++++++++++++++++++++++++++++++++
| SCF iteration number :    3                                                  +
++++++++++++++++++++++++++++++++++++++++++++++++++++++++++++++++++++++++++++++++
 Total energy                               :       -76.91970736
 _______________________________________________________________
 Fermi energy                               :         0.25729271
 Kinetic energy                             :        75.51375933
 Coulomb energy                             :      -141.57148884
 Exchange energy                            :       -10.43832293
 Correlation energy                         :        -0.42365492
 
 DOS at Fermi energy (states/Ha/cell)       :         1.65134398
 
 Electron charges :
     core                                   :         4.00000000
     core leakage                           :         0.00130314
     valence                                :         8.00000000
     interstitial                           :         4.64434242
     charge in muffin-tin spheres :
                  atom     1     C          :         3.67782879
                  atom     2     C          :         3.67782879
     total charge in muffin-tins            :         7.35565758
     total charge                           :        12.00000000
 
 Wall time (seconds)                        :       376.88
 
 RMS change in effective potential (target) :   1.22121      ( 0.100000E-05)
 Absolute change in total energy   (target) :  0.488793      ( 0.100000E-06)
 Charge distance                   (target) :  0.906312E-02  ( 0.100000E-04)
 Abs. change in max-nonIBS-force   (target) :  0.424581E-04  ( 0.250000E-05)
 
++++++++++++++++++++++++++++++++++++++++++++++++++++++++++++++++++++++++++++++++
| SCF iteration number :    4                                                  +
++++++++++++++++++++++++++++++++++++++++++++++++++++++++++++++++++++++++++++++++
 Total energy                               :       -76.66684791
 _______________________________________________________________
 Fermi energy                               :         0.26293164
 Kinetic energy                             :        75.68894377
 Coulomb energy                             :      -141.50964781
 Exchange energy                            :       -10.42175028
 Correlation energy                         :        -0.42439359
 
 DOS at Fermi energy (states/Ha/cell)       :         1.71454033
 
 Electron charges :
     core                                   :         4.00000000
     core leakage                           :         0.00129632
     valence                                :         8.00000000
     interstitial                           :         4.67711711
     charge in muffin-tin spheres :
                  atom     1     C          :         3.66144145
                  atom     2     C          :         3.66144145
     total charge in muffin-tins            :         7.32288289
     total charge                           :        12.00000000
 
 Wall time (seconds)                        :       501.54
 
 RMS change in effective potential (target) :  0.664776E-01  ( 0.100000E-05)
 Absolute change in total energy   (target) :  0.252859      ( 0.100000E-06)
 Charge distance                   (target) :  0.723772E-02  ( 0.100000E-04)
 Abs. change in max-nonIBS-force   (target) :  0.211540E-03  ( 0.250000E-05)
 
++++++++++++++++++++++++++++++++++++++++++++++++++++++++++++++++++++++++++++++++
| SCF iteration number :    5                                                  +
++++++++++++++++++++++++++++++++++++++++++++++++++++++++++++++++++++++++++++++++
 Total energy                               :       -75.97550356
 _______________________________________________________________
 Fermi energy                               :         0.27927202
 Kinetic energy                             :        76.11222727
 Coulomb energy                             :      -141.27529274
 Exchange energy                            :       -10.38663438
 Correlation energy                         :        -0.42580370
 
 DOS at Fermi energy (states/Ha/cell)       :         1.83586453
 
 Electron charges :
     core                                   :         4.00000000
     core leakage                           :         0.00131535
     valence                                :         8.00000000
     interstitial                           :         4.73473150
     charge in muffin-tin spheres :
                  atom     1     C          :         3.63263425
                  atom     2     C          :         3.63263425
     total charge in muffin-tins            :         7.26526850
     total charge                           :        12.00000000
 
 Wall time (seconds)                        :       625.67
 
 RMS change in effective potential (target) :  0.337516E-01  ( 0.100000E-05)
 Absolute change in total energy   (target) :  0.691344      ( 0.100000E-06)
 Charge distance                   (target) :  0.116403E-01  ( 0.100000E-04)
 Abs. change in max-nonIBS-force   (target) :  0.355891E-04  ( 0.250000E-05)
 
++++++++++++++++++++++++++++++++++++++++++++++++++++++++++++++++++++++++++++++++
| SCF iteration number :    6                                                  +
++++++++++++++++++++++++++++++++++++++++++++++++++++++++++++++++++++++++++++++++
 Total energy                               :       -76.20098648
 _______________________________________________________________
 Fermi energy                               :         0.27410662
 Kinetic energy                             :        75.97492325
 Coulomb energy                             :      -141.35233014
 Exchange energy                            :       -10.39824844
 Correlation energy                         :        -0.42533115
 
 DOS at Fermi energy (states/Ha/cell)       :         1.79125197
 
 Electron charges :
     core                                   :         4.00000000
     core leakage                           :         0.00130928
     valence                                :         8.00000000
     interstitial                           :         4.71563111
     charge in muffin-tin spheres :
                  atom     1     C          :         3.64218445
                  atom     2     C          :         3.64218445
     total charge in muffin-tins            :         7.28436889
     total charge                           :        12.00000000
 
 Wall time (seconds)                        :       749.70
 
 RMS change in effective potential (target) :  0.743301E-03  ( 0.100000E-05)
 Absolute change in total energy   (target) :  0.225483      ( 0.100000E-06)
 Charge distance                   (target) :  0.388927E-02  ( 0.100000E-04)
 Abs. change in max-nonIBS-force   (target) :  0.174915E-04  ( 0.250000E-05)
 
++++++++++++++++++++++++++++++++++++++++++++++++++++++++++++++++++++++++++++++++
| SCF iteration number :    7                                                  +
++++++++++++++++++++++++++++++++++++++++++++++++++++++++++++++++++++++++++++++++
 Total energy                               :       -76.20309254
 _______________________________________________________________
 Fermi energy                               :         0.27404474
 Kinetic energy                             :        75.97380178
 Coulomb energy                             :      -141.35322662
 Exchange energy                            :       -10.39834093
 Correlation energy                         :        -0.42532678
 
 DOS at Fermi energy (states/Ha/cell)       :         1.79117084
 
 Electron charges :
     core                                   :         4.00000000
     core leakage                           :         0.00130915
     valence                                :         8.00000000
     interstitial                           :         4.71549336
     charge in muffin-tin spheres :
                  atom     1     C          :         3.64225332
                  atom     2     C          :         3.64225332
     total charge in muffin-tins            :         7.28450664
     total charge                           :        12.00000000
 
 Wall time (seconds)                        :       873.79
 
 RMS change in effective potential (target) :  0.149249E-03  ( 0.100000E-05)
 Absolute change in total energy   (target) :  0.210606E-02  ( 0.100000E-06)
 Charge distance                   (target) :  0.255060E-04  ( 0.100000E-04)
 Abs. change in max-nonIBS-force   (target) :  0.603414E-07  ( 0.250000E-05)
 
++++++++++++++++++++++++++++++++++++++++++++++++++++++++++++++++++++++++++++++++
| SCF iteration number :    8                                                  +
++++++++++++++++++++++++++++++++++++++++++++++++++++++++++++++++++++++++++++++++
 Total energy                               :       -76.20356762
 _______________________________________________________________
 Fermi energy                               :         0.27403445
 Kinetic energy                             :        75.97345661
 Coulomb energy                             :      -141.35333334
 Exchange energy                            :       -10.39836498
 Correlation energy                         :        -0.42532591
 
 DOS at Fermi energy (states/Ha/cell)       :         1.79104626
 
 Electron charges :
     core                                   :         4.00000000
     core leakage                           :         0.00130915
     valence                                :         8.00000000
     interstitial                           :         4.71545004
     charge in muffin-tin spheres :
                  atom     1     C          :         3.64227498
                  atom     2     C          :         3.64227498
     total charge in muffin-tins            :         7.28454996
     total charge                           :        12.00000000
 
 Wall time (seconds)                        :       997.85
 
 RMS change in effective potential (target) :  0.257144E-04  ( 0.100000E-05)
 Absolute change in total energy   (target) :  0.475084E-03  ( 0.100000E-06)
 Charge distance                   (target) :  0.103391E-04  ( 0.100000E-04)
 Abs. change in max-nonIBS-force   (target) :  0.245551E-06  ( 0.250000E-05)
 
++++++++++++++++++++++++++++++++++++++++++++++++++++++++++++++++++++++++++++++++
| SCF iteration number :    9                                                  +
++++++++++++++++++++++++++++++++++++++++++++++++++++++++++++++++++++++++++++++++
 Total energy                               :       -76.20346262
 _______________________________________________________________
 Fermi energy                               :         0.27403686
 Kinetic energy                             :        75.97351795
 Coulomb energy                             :      -141.35329478
 Exchange energy                            :       -10.39835967
 Correlation energy                         :        -0.42532613
 
 DOS at Fermi energy (states/Ha/cell)       :         1.79106298
 
 Electron charges :
     core                                   :         4.00000000
     core leakage                           :         0.00130916
     valence                                :         8.00000000
     interstitial                           :         4.71545850
     charge in muffin-tin spheres :
                  atom     1     C          :         3.64227075
                  atom     2     C          :         3.64227075
     total charge in muffin-tins            :         7.28454150
     total charge                           :        12.00000000
 
 Wall time (seconds)                        :      1121.94
 
 RMS change in effective potential (target) :  0.915626E-06  ( 0.100000E-05)
 Absolute change in total energy   (target) :  0.105003E-03  ( 0.100000E-06)
 Charge distance                   (target) :  0.166683E-05  ( 0.100000E-04)
 Abs. change in max-nonIBS-force   (target) :  0.884743E-07  ( 0.250000E-05)
 
++++++++++++++++++++++++++++++++++++++++++++++++++++++++++++++++++++++++++++++++
| SCF iteration number :   10                                                  +
++++++++++++++++++++++++++++++++++++++++++++++++++++++++++++++++++++++++++++++++
 Total energy                               :       -76.20346275
 _______________________________________________________________
 Fermi energy                               :         0.27403687
 Kinetic energy                             :        75.97351809
 Coulomb energy                             :      -141.35329503
 Exchange energy                            :       -10.39835968
 Correlation energy                         :        -0.42532613
 
 DOS at Fermi energy (states/Ha/cell)       :         1.79106323
 
 Electron charges :
     core                                   :         4.00000000
     core leakage                           :         0.00130916
     valence                                :         8.00000000
     interstitial                           :         4.71545850
     charge in muffin-tin spheres :
                  atom     1     C          :         3.64227075
                  atom     2     C          :         3.64227075
     total charge in muffin-tins            :         7.28454150
     total charge                           :        12.00000000
 
 Wall time (seconds)                        :      1245.91
 
 RMS change in effective potential (target) :  0.740668E-07  ( 0.100000E-05)
 Absolute change in total energy   (target) :  0.129013E-06  ( 0.100000E-06)
 Charge distance                   (target) :  0.425365E-07  ( 0.100000E-04)
 Abs. change in max-nonIBS-force   (target) :  0.400813E-07  ( 0.250000E-05)
 
++++++++++++++++++++++++++++++++++++++++++++++++++++++++++++++++++++++++++++++++
| SCF iteration number :   11                                                  +
++++++++++++++++++++++++++++++++++++++++++++++++++++++++++++++++++++++++++++++++
 Total energy                               :       -76.20346265
 _______________________________________________________________
 Fermi energy                               :         0.27403687
 Kinetic energy                             :        75.97351815
 Coulomb energy                             :      -141.35329499
 Exchange energy                            :       -10.39835968
 Correlation energy                         :        -0.42532613
 
 DOS at Fermi energy (states/Ha/cell)       :         1.79106318
 
 Electron charges :
     core                                   :         4.00000000
     core leakage                           :         0.00130916
     valence                                :         8.00000000
     interstitial                           :         4.71545850
     charge in muffin-tin spheres :
                  atom     1     C          :         3.64227075
                  atom     2     C          :         3.64227075
     total charge in muffin-tins            :         7.28454150
     total charge                           :        12.00000000
 
 Wall time (seconds)                        :      1369.76
 
 RMS change in effective potential (target) :  0.705446E-08  ( 0.100000E-05)
 Absolute change in total energy   (target) :  0.101143E-06  ( 0.100000E-06)
 Charge distance                   (target) :  0.144328E-07  ( 0.100000E-04)
 Abs. change in max-nonIBS-force   (target) :  0.100738E-07  ( 0.250000E-05)
 
++++++++++++++++++++++++++++++++++++++++++++++++++++++++++++++++++++++++++++++++
| SCF iteration number :   12                                                  +
++++++++++++++++++++++++++++++++++++++++++++++++++++++++++++++++++++++++++++++++
 Total energy                               :       -76.20346263
 _______________________________________________________________
 Fermi energy                               :         0.27403687
 Kinetic energy                             :        75.97351816
 Coulomb energy                             :      -141.35329499
 Exchange energy                            :       -10.39835968
 Correlation energy                         :        -0.42532613
 
 DOS at Fermi energy (states/Ha/cell)       :         1.79106318
 
 Electron charges :
     core                                   :         4.00000000
     core leakage                           :         0.00130916
     valence                                :         8.00000000
     interstitial                           :         4.71545851
     charge in muffin-tin spheres :
                  atom     1     C          :         3.64227075
                  atom     2     C          :         3.64227075
     total charge in muffin-tins            :         7.28454149
     total charge                           :        12.00000000
 
 Wall time (seconds)                        :      1493.76
 
 RMS change in effective potential (target) :  0.505793E-08  ( 0.100000E-05)
 Absolute change in total energy   (target) :  0.151856E-07  ( 0.100000E-06)
 Charge distance                   (target) :  0.749895E-09  ( 0.100000E-04)
 Abs. change in max-nonIBS-force   (target) :  0.137829E-08  ( 0.250000E-05)
 
++++++++++++++++++++++++++++++++++++++++++++++++++++++++++++++++++++++++++++++++
| Convergence targets achieved. Performing final SCF iteration                 +
++++++++++++++++++++++++++++++++++++++++++++++++++++++++++++++++++++++++++++++++
 Total energy                               :       -76.21469889
 _______________________________________________________________
 Fermi energy                               :         0.27403687
 Kinetic energy                             :        75.97351816
 Coulomb energy                             :      -141.35329499
 Exchange energy                            :       -10.39835968
 Correlation energy                         :        -0.42532613
 DFT-D2 dispersion correction               :        -0.01123625
 
 DOS at Fermi energy (states/Ha/cell)       :         1.79106318
 
 Electron charges :
     core                                   :         4.00000000
     core leakage                           :         0.00130916
     valence                                :         8.00000000
     interstitial                           :         4.71545851
     charge in muffin-tin spheres :
                  atom     1     C          :         3.64227075
                  atom     2     C          :         3.64227075
     total charge in muffin-tins            :         7.28454149
     total charge                           :        12.00000000
 
++++++++++++++++++++++++++++++++++++++++++++++++++++++++++++++++++++++++++++++++
| Self-consistent loop stopped                                                 +
++++++++++++++++++++++++++++++++++++++++++++++++++++++++++++++++++++++++++++++++
 STATE.OUT is written
 
--------------------------------------------------------------------------------
| Writing atomic positions and forces                                          -
--------------------------------------------------------------------------------
 
 Atomic positions (lattice) :
 atom     1   C  :     0.00000000    0.00000000    0.00000000
 atom     2   C  :     0.33333333    0.33333333    0.00000000
 
 Total atomic forces including IBS (cartesian) :
 atom     1   C  :     0.00000000   -0.00011323    0.00022186
 atom     2   C  :     0.00000000    0.00011323   -0.00022186
 
 Atomic force components including IBS (cartesian) :
 atom     1   C  :     0.00000000    0.00018527    0.00017179   HF force
                 :     0.00000000   -0.00021353    0.00018387   core correction
                 :     0.00000000   -0.00001229   -0.00000123   IBS correction
                 :     0.00000000   -0.00007268   -0.00013257   DFT-D2 force
 atom     2   C  :     0.00000000   -0.00018527   -0.00017179   HF force
                 :     0.00000000    0.00021353   -0.00018387   core correction
                 :     0.00000000    0.00001229    0.00000123   IBS correction
                 :     0.00000000    0.00007268    0.00013257   DFT-D2 force
 
********************************************************************************
| Groundstate module stopped                                                   *
********************************************************************************
 
********************************************************************************
| Structure-optimization module started                                        *
********************************************************************************
 Output level for this task is set to normal
 
 Maximum displacement tau_BFGS   is         :         0.3000
 Maximum displacement tau_newton is         :         0.8000
 
++++++++++++++++++++++++++++++++++++++++++++++++++++++++++++++++++++++++++++++++
| Use harmonic method for optimizing atomic positions                          +
++++++++++++++++++++++++++++++++++++++++++++++++++++++++++++++++++++++++++++++++
 
--------------------------------------------------------------------------------
| Optimization step 0: Initialize optimization                                 -
--------------------------------------------------------------------------------
 Maximum force magnitude           (target) :         0.00024908  (  0.00001000)
 Total energy at this optimization step     :       -76.21469889
 
 Atomic positions at this step (lattice) :
 atom     1   C  :     0.00000000    0.00000000    0.00000000
 atom     2   C  :     0.33333333    0.33333333    0.00000000
 
 Total atomic forces including IBS (cartesian) :
 atom     1   C  :     0.00000000   -0.00011323    0.00022186
 atom     2   C  :     0.00000000    0.00011323   -0.00022186
 
--------------------------------------------------------------------------------
| Optimization step    1    (method = harmonic)                                -
--------------------------------------------------------------------------------
 Number of scf iterations                   :        10  (full newton step)
 Maximum force magnitude           (target) :         0.00015262  (  0.00001000)
 Total energy at this optimization step     :       -76.21469896
 
 Atomic positions at this step (lattice) :
 atom     1   C  :     0.00000000    0.00000000    0.00000000
 atom     2   C  :     0.33335086    0.33335086    0.99994179
 
 Total atomic forces including IBS (cartesian) :
 atom     1   C  :     0.00000000    0.00000070    0.00015261
 atom     2   C  :     0.00000000   -0.00000070   -0.00015261
 
 Time spent in this optimization step       :      1346.55 seconds
 
--------------------------------------------------------------------------------
| Optimization step    2    (method = harmonic)                                -
--------------------------------------------------------------------------------
 Number of scf iterations                   :        10  (partial harmonic step)
 Maximum force magnitude           (target) :         0.00003884  (  0.00001000)
 Total energy at this optimization step     :       -76.21469903
 
 Atomic positions at this step (lattice) :
 atom     1   C  :     0.00000000    0.00000000    0.00000000
 atom     2   C  :     0.33333964    0.33333964    0.99981471
 
 Total atomic forces including IBS (cartesian) :
 atom     1   C  :     0.00000000    0.00002979    0.00002491
 atom     2   C  :     0.00000000   -0.00002979   -0.00002491
 
 Time spent in this optimization step       :      1346.65 seconds
 
--------------------------------------------------------------------------------
| Optimization step    3    (method = harmonic)                                -
--------------------------------------------------------------------------------
 Number of scf iterations                   :         9  (partial harmonic step)
 Maximum force magnitude           (target) :         0.00001724  (  0.00001000)
 Total energy at this optimization step     :       -76.21469905
 
 Atomic positions at this step (lattice) :
 atom     1   C  :     0.00000000    0.00000000    0.00000000
 atom     2   C  :     0.33332543    0.33332543    0.99978816
 
 Total atomic forces including IBS (cartesian) :
 atom     1   C  :     0.00000000   -0.00001680    0.00000386
 atom     2   C  :     0.00000000    0.00001680   -0.00000386
 
 Time spent in this optimization step       :      1218.34 seconds
 
--------------------------------------------------------------------------------
| Optimization step    4    (method = harmonic)                                -
--------------------------------------------------------------------------------
 Number of scf iterations                   :         7  (full harmonic step)
 Maximum force magnitude           (target) :         0.00000363  (  0.00001000)
 Total energy at this optimization step     :       -76.21469903
 
 Atomic positions at this step (lattice) :
 atom     1   C  :     0.00000000    0.00000000    0.00000000
 atom     2   C  :     0.33332938    0.33332938    0.99978425
 
 Total atomic forces including IBS (cartesian) :
 atom     1   C  :     0.00000000    0.00000304   -0.00000200
 atom     2   C  :     0.00000000   -0.00000304    0.00000200
 
 Time spent in this optimization step       :       966.84 seconds
 
++++++++++++++++++++++++++++++++++++++++++++++++++++++++++++++++++++++++++++++++
| Force convergence target achieved                                            +
++++++++++++++++++++++++++++++++++++++++++++++++++++++++++++++++++++++++++++++++
 Total energy                               :       -76.21469903
 _______________________________________________________________
 Fermi energy                               :         0.27403883
 Kinetic energy                             :        75.97351626
 Coulomb energy                             :      -141.35329353
 Exchange energy                            :       -10.39835958
 Correlation energy                         :        -0.42532608
 DFT-D2 dispersion correction               :        -0.01123609
 
 DOS at Fermi energy (states/Ha/cell)       :         1.79121992
 
 Electron charges :
     core                                   :         4.00000000
     core leakage                           :         0.00130916
     valence                                :         8.00000000
     interstitial                           :         4.71545916
     charge in muffin-tin spheres :
                  atom     1     C          :         3.64227042
                  atom     2     C          :         3.64227042
     total charge in muffin-tins            :         7.28454084
     total charge                           :        12.00000000
 
 Optimized atomic positions (lattice) :
 atom     1   C  :     0.00000000    0.00000000    0.00000000
 atom     2   C  :     0.33332938    0.33332938    0.99978425
 
 Total atomic forces including IBS (cartesian) :
 atom     1   C  :     0.00000000    0.00000304   -0.00000200
 atom     2   C  :     0.00000000   -0.00000304    0.00000200
 
 Atomic force components including IBS (cartesian) :
 atom     1   C  :     0.00000000    0.00030965    0.00000765   HF force
                 :     0.00000000   -0.00022028    0.00012275   core correction
                 :     0.00000000   -0.00001346    0.00000020   IBS correction
                 :     0.00000000   -0.00007287   -0.00013260   DFT-D2 force
 atom     2   C  :     0.00000000   -0.00030965   -0.00000765   HF force
                 :     0.00000000    0.00022028   -0.00012275   core correction
                 :     0.00000000    0.00001346   -0.00000020   IBS correction
                 :     0.00000000    0.00007287    0.00013260   DFT-D2 force
 
********************************************************************************
| Structure-optimization module stopped                                        *
********************************************************************************
 
 Total time spent (seconds)                 :      6610.88
 
================================================================================
| EXCITING BORON stopped                                                       =
================================================================================
