aurl=aflowlib.duke.edu:AFLOWDATA/ICSD_WEB/HEX/Ag1Co1O2_ICSD_246157 | auid=aflow:fbc2cf03b9659c90 | data_api=aapi1.2 | data_source=aflowlib | loop=ael,agl,bader,bands,lock,magnetic,static,thermodynamics | code=vasp.4.6.35 | compound=Ag2Co2O4 | prototype=Ag1Co1O2_ICSD_246157 | nspecies=3 | natoms=8 | natoms_orig=8 | composition=2,2,4 | density=7.25634 | density_orig=7.5683 | scintillation_attenuation_length=1.61639 | stoichiometry=0.25,0.25,0.5 | species=Ag,Co,O | species_pp=Ag,Co,O | dft_type=PAW_PBE | species_pp_version=Ag:PAW_PBE:06Sep2000,Co:PAW_PBE:06Sep2000,O:PAW_PBE:08Apr2002 | species_pp_ZVAL=11,9,6 | species_pp_AUID=eca65d7d992efb48,9c4653e42c9f870b,85ded82734544fa9 | ldau_type=2 | ldau_l=2,2,0 | ldau_u=5.8,5,0 | ldau_j=0,0,0 | ldau_TLUJ=2;2,2,0;5.8,5,0;0,0,0 | valence_cell_iupac=26 | valence_cell_std=64 | volume_cell=90.9868 | volume_atom=11.3733 | volume_cell_orig=87.2364 | volume_atom_orig=10.9046 | pressure=0 | stress_tensor=3.27,0,0,0,3.24,-0,0,-0,2.35 | pressure_residual=2.95 | Pulay_stress=0 | geometry=2.9063289,2.9063289,12.438414,90,90,120.00158 | geometry_orig=2.87091,2.87091,12.2216,90,90,120 | Egap=1.8904 | Egap_fit=3.46126 | Egap_type=insulator-indirect | energy_cell=-34.8821 | energy_atom=-4.36026 | energy_cutoff=560 | delta_electronic_energy_convergence=3.06569e-05 | delta_electronic_energy_threshold=0.0001 | kpoints_relax=15,15,3 | kpoints_static=19,19,4 | kpoints_bands_path=\Gamma-M,M-K,K-\Gamma,\Gamma-A,A-L,L-H,H-A,L-M,K-H | kpoints_bands_nkpts=20 | kpoints=15,15,3;19,19,4;\Gamma-M,M-K,K-\Gamma,\Gamma-A,A-L,L-H,H-A,L-M,K-H;20 | enthalpy_cell=-34.8821 | enthalpy_atom=-4.36026 | eentropy_cell=0.0033504 | eentropy_atom=0.0004188 | enthalpy_formation_cell=4.71493 | enthalpy_formation_atom=0.589366 | entropic_temperature=-6578.02 | PV_cell=0 | PV_atom=0 | spin_cell=0 | spin_atom=0 | spinD=0,0,0,0,0,0,0,0 | spinF=0 | stoich=0.25     0.25      0.5 | calculation_time=4038.85 | calculation_memory=1130.47 | calculation_cores=16 | nbondxx=2.9063,3.5334,2.1451,2.9063,1.9354,2.5566 | sg=P6_{3}/mmc #194,P6_{3}/mmc #194,P6_{3}/mmc #194 | sg2=P6_{3}/mmc #194,P6_{3}/mmc #194,P6_{3}/mmc #194 | spacegroup_orig=194 | spacegroup_relax=194 | forces=0,-0.000134,0;0,0.000134,-0;0,-0,0;0,0,0;0,-0.000778,0.011649;0,0.000778,0.011649;0,0.000778,-0.011649;0,-0.000778,-0.011649 | positions_cartesian=1.45313,0.83915,3.1096;1.45313,-0.83915,9.32881;0,-0,0;-0,-0,6.21921;1.45313,0.83905,0.96447;1.45313,-0.83905,7.18368;1.45313,-0.83905,11.47394;1.45313,0.83905,5.25474 | positions_fractional=0.33330088,0.66669912,0.25;0.66669912,0.33330088,0.75;0,0,0;-0,-0,0.5;0.33332156,0.66667844,0.077539589;0.66667844,0.33332156,0.57753959;0.66667844,0.33332156,0.92246041;0.33332156,0.66667844,0.42246041 | Bravais_lattice_orig=HEX | lattice_variation_orig=HEX | lattice_system_orig=hexagonal | Pearson_symbol_orig=hP8 | Bravais_lattice_relax=HEX | lattice_variation_relax=HEX | lattice_system_relax=hexagonal | Pearson_symbol_relax=hP8 | crystal_family_orig=hexagonal | crystal_system_orig=hexagonal | crystal_class_orig=dihexagonal-dipyramidal | point_group_Hermann_Mauguin_orig=6/mmm | point_group_Schoenflies_orig=D_6h | point_group_orbifold_orig=*622 | point_group_type_orig=centrosymmetric | point_group_order_orig=24 | point_group_structure_orig=2_x_dihedral | Bravais_lattice_lattice_type_orig=HEX | Bravais_lattice_lattice_variation_type_orig=HEX | Bravais_lattice_lattice_system_orig=hexagonal | Bravais_superlattice_lattice_type_orig=HEX | Bravais_superlattice_lattice_variation_type_orig=HEX | Bravais_superlattice_lattice_system_orig=hexagonal | Pearson_symbol_superlattice_orig=hP8 | reciprocal_geometry_orig=2.5271421,2.5271421,0.51410497,90,90,60 | reciprocal_volume_cell_orig=2.84342 | reciprocal_lattice_type_orig=HEX | reciprocal_lattice_variation_type_orig=HEX | Wyckoff_letters_orig=c;a;f | Wyckoff_multiplicities_orig=2;2;4 | Wyckoff_site_symmetries_orig=-6m2;-3m.;3m. | crystal_family=hexagonal | crystal_system=hexagonal | crystal_class=dihexagonal-dipyramidal | point_group_Hermann_Mauguin=6/mmm | point_group_Schoenflies=D_6h | point_group_orbifold=*622 | point_group_type=centrosymmetric | point_group_order=24 | point_group_structure=2_x_dihedral | Bravais_lattice_lattice_type=HEX | Bravais_lattice_lattice_variation_type=HEX | Bravais_lattice_lattice_system=hexagonal | Bravais_superlattice_lattice_type=HEX | Bravais_superlattice_lattice_variation_type=HEX | Bravais_superlattice_lattice_system=hexagonal | Pearson_symbol_superlattice=hP8 | reciprocal_geometry=2.496384,2.496384,0.5051436,90,90,59.998421 | reciprocal_volume_cell=2.72622 | reciprocal_lattice_type=HEX | reciprocal_lattice_variation_type=HEX | Wyckoff_letters=c;a;f | Wyckoff_multiplicities=2;2;4 | Wyckoff_site_symmetries=-6m2;-3m.;3m. | aflow_prototype_label_orig=ABC2_hP8_194_c_a_f | aflow_prototype_params_list_orig=a,c/a,z3 | aflow_prototype_params_values_orig=2.8709,4.2570622,0.076 | aflow_prototype_label_relax=ABC2_hP8_194_c_a_f | aflow_prototype_params_list_relax=a,c/a,z3 | aflow_prototype_params_values_relax=2.9063,4.2798059,0.077539589 | agl_thermal_conductivity_300K=2.95475 | agl_debye=374.916 | agl_acoustic_debye=187.5 | agl_gruneisen=2.22975 | agl_heat_capacity_Cv_300K=22.2739 | agl_heat_capacity_Cp_300K=23.0311 | agl_thermal_expansion_300K=5.04085e-05 | agl_bulk_modulus_static_300K=153.361 | agl_bulk_modulus_isothermal_300K=148.318 | agl_poisson_ratio_source=ael_poisson_ratio_0.364064 | agl_vibrational_free_energy_300K_cell=-54.2809 | agl_vibrational_free_energy_300K_atom=-6.78511 | agl_vibrational_entropy_300K_cell=2.40318 | agl_vibrational_entropy_300K_atom=0.300398 | ael_poisson_ratio=0.364064 | ael_bulk_modulus_voigt=150.939 | ael_bulk_modulus_reuss=146.973 | ael_shear_modulus_voigt=67.32 | ael_shear_modulus_reuss=21.7453 | ael_bulk_modulus_vrh=148.956 | ael_shear_modulus_vrh=44.5326 | ael_elastic_anisotropy=10.5062 | ael_youngs_modulus_vrh=121.491 | ael_speed_sound_transverse=2477.31 | ael_speed_sound_longitudinal=3784.16 | ael_speed_sound_average=2714.4 | ael_pughs_modulus_ratio=0.298965 | ael_debye_temperature=359.352 | ael_applied_pressure=0 | ael_average_external_pressure=-0.4255 | ael_stiffness_tensor=258.967,74.5333,78.9167,0,0,0;73.0333,259.567,78.9167,0,0,0;75.7167,76.15,381.583,0,0,0;0,0,0,9.88333,0,0;0,0,0,0,10.0667,0;0,0,0,0,0,93 | ael_compliance_tensor=0.00435778,-0.00105066,-0.000683958,0,0,0;-0.00102545,0.00434866,-0.000687285,0,0,0;-0.000660061,-0.000659352,0.00289353,0,0,0;0,0,0,0.10118,0,0;0,0,0,0,0.0993377,0;0,0,0,0,0,0.0107527 | bader_net_charges=0.5177,0.5177,1.2874,1.2874,-0.9025,-0.9026,-0.9026,-0.9025 | bader_atomic_volumes=16.8798,16.8798,7.9252,7.9252,10.3439,10.3446,10.3446,10.3439 | files=AECCAR0.static.xz,AECCAR2.static.xz,AEL_Compliance_tensor.out,AEL_Elastic_constants.out,AEL_elastic_tensor.json,AEL_energy_structures.json,AGL.out,AGL_Hugoniot.out,AGL_edos_gap_pressure.json,AGL_edos_gap_pressure.out,AGL_energies_temperature.out,AGL_energy.json,AGL_energy_structures.json,AGL_energy_volume.out,AGL_gibbs_energy_pT.out,AGL_thermal_properties_temperature.out,ARUN.AEL_0_SF_N_1_0.99,ARUN.AEL_10_SF_N_3_1.005,ARUN.AEL_11_SF_N_3_1.01,ARUN.AEL_12_SF_S_1_0.99,ARUN.AEL_13_SF_S_1_0.995,ARUN.AEL_14_SF_S_1_1.005,ARUN.AEL_15_SF_S_1_1.01,ARUN.AEL_16_SF_S_2_0.99,ARUN.AEL_17_SF_S_2_0.995,ARUN.AEL_18_SF_S_2_1.005,ARUN.AEL_19_SF_S_2_1.01,ARUN.AEL_1_SF_N_1_0.995,ARUN.AEL_20_SF_S_3_0.99,ARUN.AEL_21_SF_S_3_0.995,ARUN.AEL_22_SF_S_3_1.005,ARUN.AEL_23_SF_S_3_1.01,ARUN.AEL_2_SF_N_1_1.005,ARUN.AEL_3_SF_N_1_1.01,ARUN.AEL_4_SF_N_2_0.99,ARUN.AEL_5_SF_N_2_0.995,ARUN.AEL_6_SF_N_2_1.005,ARUN.AEL_7_SF_N_2_1.01,ARUN.AEL_8_SF_N_3_0.99,ARUN.AEL_9_SF_N_3_0.995,ARUN.AGL_0_SF_0.86,ARUN.AGL_10_SF_0.96,ARUN.AGL_11_SF_0.97,ARUN.AGL_12_SF_0.98,ARUN.AGL_13_SF_0.99,ARUN.AGL_14_SF_1,ARUN.AGL_15_SF_1.01,ARUN.AGL_16_SF_1.02,ARUN.AGL_17_SF_1.03,ARUN.AGL_18_SF_1.04,ARUN.AGL_19_SF_1.05,ARUN.AGL_1_SF_0.87,ARUN.AGL_20_SF_1.06,ARUN.AGL_21_SF_1.07,ARUN.AGL_22_SF_1.08,ARUN.AGL_23_SF_1.09,ARUN.AGL_24_SF_1.1,ARUN.AGL_25_SF_1.11,ARUN.AGL_26_SF_1.12,ARUN.AGL_27_SF_1.13,ARUN.AGL_2_SF_0.88,ARUN.AGL_3_SF_0.89,ARUN.AGL_4_SF_0.9,ARUN.AGL_5_SF_0.91,ARUN.AGL_6_SF_0.92,ARUN.AGL_7_SF_0.93,ARUN.AGL_8_SF_0.94,ARUN.AGL_9_SF_0.95,Ag1Co1O2_ICSD_246157.cif,Ag1Co1O2_ICSD_246157_Bader_10_Ag.jvxl,Ag1Co1O2_ICSD_246157_Bader_10_Co.jvxl,Ag1Co1O2_ICSD_246157_Bader_10_O.jvxl,Ag1Co1O2_ICSD_246157_Bader_20_Ag.jvxl,Ag1Co1O2_ICSD_246157_Bader_20_Co.jvxl,Ag1Co1O2_ICSD_246157_Bader_20_O.jvxl,Ag1Co1O2_ICSD_246157_Bader_25_Ag.jvxl,Ag1Co1O2_ICSD_246157_Bader_25_Co.jvxl,Ag1Co1O2_ICSD_246157_Bader_25_O.jvxl,Ag1Co1O2_ICSD_246157_Bader_30_Ag.jvxl,Ag1Co1O2_ICSD_246157_Bader_30_Co.jvxl,Ag1Co1O2_ICSD_246157_Bader_30_O.jvxl,Ag1Co1O2_ICSD_246157_Bader_33_Ag.jvxl,Ag1Co1O2_ICSD_246157_Bader_33_Co.jvxl,Ag1Co1O2_ICSD_246157_Bader_33_O.jvxl,Ag1Co1O2_ICSD_246157_Bader_40_Ag.jvxl,Ag1Co1O2_ICSD_246157_Bader_40_Co.jvxl,Ag1Co1O2_ICSD_246157_Bader_40_O.jvxl,Ag1Co1O2_ICSD_246157_Bader_50_Ag.jvxl,Ag1Co1O2_ICSD_246157_Bader_50_Co.jvxl,Ag1Co1O2_ICSD_246157_Bader_50_O.jvxl,Ag1Co1O2_ICSD_246157_Bader_60_Ag.jvxl,Ag1Co1O2_ICSD_246157_Bader_60_Co.jvxl,Ag1Co1O2_ICSD_246157_Bader_60_O.jvxl,Ag1Co1O2_ICSD_246157_Bader_67_Ag.jvxl,Ag1Co1O2_ICSD_246157_Bader_67_Co.jvxl,Ag1Co1O2_ICSD_246157_Bader_67_O.jvxl,Ag1Co1O2_ICSD_246157_Bader_75_Ag.jvxl,Ag1Co1O2_ICSD_246157_Bader_75_Co.jvxl,Ag1Co1O2_ICSD_246157_Bader_75_O.jvxl,Ag1Co1O2_ICSD_246157_Bader_80_Ag.jvxl,Ag1Co1O2_ICSD_246157_Bader_80_Co.jvxl,Ag1Co1O2_ICSD_246157_Bader_80_O.jvxl,Ag1Co1O2_ICSD_246157_Bader_90_Ag.jvxl,Ag1Co1O2_ICSD_246157_Bader_90_Co.jvxl,Ag1Co1O2_ICSD_246157_Bader_90_O.jvxl,Ag1Co1O2_ICSD_246157_abader.out,Ag1Co1O2_ICSD_246157_banddos.png,Ag1Co1O2_ICSD_246157_bandsdata.json.xz,Ag1Co1O2_ICSD_246157_corner.cif,Ag1Co1O2_ICSD_246157_dos.png,Ag1Co1O2_ICSD_246157_dos_Ag_1.png,Ag1Co1O2_ICSD_246157_dos_Co_3.png,Ag1Co1O2_ICSD_246157_dos_O_5.png,Ag1Co1O2_ICSD_246157_dosdata.json.xz,Ag1Co1O2_ICSD_246157_sconv.cif,Ag1Co1O2_ICSD_246157_sconv_corner.cif,Ag1Co1O2_ICSD_246157_sprim.cif,Ag1Co1O2_ICSD_246157_sprim_corner.cif,Ag1Co1O2_ICSD_246157_structure_relax.json,Ag1Co1O2_ICSD_246157_structure_relax1.json,CHGCAR.static.xz,CONTCAR.relax,CONTCAR.relax.abinit,CONTCAR.relax.aims,CONTCAR.relax.qe,CONTCAR.relax.vasp,CONTCAR.relax1,DOSCAR.static.xz,EIGENVAL.bands.xz,INCAR.bands,KPOINTS.bands,KPOINTS.relax,KPOINTS.static,OUTCAR.static.xz,POSCAR.bands,aflow.ael.out,aflow.agl.out,aflow.agroup.bands.json.xz,aflow.agroup.bands.out.xz,aflow.agroup.orig.json.xz,aflow.agroup.orig.out.xz,aflow.agroup.relax.json.xz,aflow.agroup.relax.out.xz,aflow.fgroup.bands.json.xz,aflow.fgroup.bands.out.xz,aflow.fgroup.orig.json.xz,aflow.fgroup.orig.out.xz,aflow.fgroup.relax.json.xz,aflow.fgroup.relax.out.xz,aflow.iatoms.bands.json.xz,aflow.iatoms.bands.out.xz,aflow.iatoms.orig.json.xz,aflow.iatoms.orig.out.xz,aflow.iatoms.relax.json.xz,aflow.iatoms.relax.out.xz,aflow.pgroup.bands.json.xz,aflow.pgroup.bands.out.xz,aflow.pgroup.orig.json.xz,aflow.pgroup.orig.out.xz,aflow.pgroup.relax.json.xz,aflow.pgroup.relax.out.xz,aflow.pgroup_xtal.bands.json.xz,aflow.pgroup_xtal.bands.out.xz,aflow.pgroup_xtal.orig.json.xz,aflow.pgroup_xtal.orig.out.xz,aflow.pgroup_xtal.relax.json.xz,aflow.pgroup_xtal.relax.out.xz,aflow.pgroupk.bands.json.xz,aflow.pgroupk.bands.out.xz,aflow.pgroupk.orig.json.xz,aflow.pgroupk.orig.out.xz,aflow.pgroupk.relax.json.xz,aflow.pgroupk.relax.out.xz,aflow.pgroupk_xtal.bands.json.xz,aflow.pgroupk_xtal.bands.out.xz,aflow.pgroupk_xtal.orig.json.xz,aflow.pgroupk_xtal.orig.out.xz,aflow.pgroupk_xtal.relax.json.xz,aflow.pgroupk_xtal.relax.out.xz,aflow:fbc2cf03b9659c90.json,aflow:fbc2cf03b9659c90.out,aflowlib.json,aflowlib.out,bz_Ag1Co1O2_ICSD_246157.png,edata.bands.json,edata.bands.out,edata.orig.json,edata.orig.out,edata.relax.json,edata.relax.out,index.php | node_CPU_Model=AMD_Opteron(tm)_Processor_6378___ | node_CPU_Cores=64 | node_CPU_MHz=1400 | node_RAM_GB=253 | aflow_version=aflow30847 | catalog=ICSD | aflowlib_version=3.2.9 | aflowlib_date=20140702_17:53:32_GMT-5,20140702_19:03:49_GMT-5,20210524_01:52:33_GMT-5
