[AFLOW] **************************************************************************************************************************
[BADER_RESULTS]START
bader_net_charges=0.5177,0.5177,1.2874,1.2874,-0.9025,-0.9026,-0.9026,-0.9025 (electrons)
bader_atomic_volumes=16.8798,16.8798,7.9252,7.9252,10.3439,10.3446,10.3446,10.3439 (Angst^3)
[BADER_RESULTS]STOP
[AFLOW] **************************************************************************************************************************
