================================================================================
| EXCITING BORON started                                                       =
| version hash id:                                                             =
| MPI version using     16 processor(s)                                        =
|                                                                              =
| Date (DD-MM-YYYY) : 09-08-2015                                               =
| Time (hh:mm:ss)   : 22:29:33                                                 =
|                                                                              =
| All units are atomic (Hartree, Bohr, etc.)                                   =
================================================================================
 
********************************************************************************
| Structural optimisation starting from atomic densities                       *
********************************************************************************
 
++++++++++++++++++++++++++++++++++++++++++++++++++++++++++++++++++++++++++++++++
| Starting initialization                                                      +
++++++++++++++++++++++++++++++++++++++++++++++++++++++++++++++++++++++++++++++++
 
 Lattice vectors (cartesian) :
      2.3270000000      4.1886000000      0.0000000000
     -2.3270000000      4.1886000000      0.0000000000
      0.0000000000      0.0000000000      6.5761020000
 
 Reciprocal lattice vectors (cartesian) :
      1.3500613036      0.7500340576      0.0000000000
     -1.3500613036      0.7500340576      0.0000000000
      0.0000000000      0.0000000000      0.9554573982
 
 Unit cell volume                           :     128.1928515360
 Brillouin zone volume                      :       1.9349769544
 
 Species :    1 (C)
     parameters loaded from                 :    C.xml
     name                                   :    carbon
     nuclear charge                         :      -6.00000000
     electronic charge                      :       6.00000000
     atomic mass                            :   21894.16673000
     muffin-tin radius                      :       1.20000000
     # of radial points in muffin-tin       :     250
 
     atomic positions (lattice) :
       1 :   0.00000000  0.00000000  0.00000000
       2 :   0.33333333  0.33333333  0.00000000
 
 Total number of atoms per unit cell        :       2
 
 Spin treatment                             :    spin-unpolarised
 
 Number of Bravais lattice symmetries       :       8
 Number of crystal symmetries               :       8
 
 k-point grid                               :      34   34   24
 Total number of k-points                   :    3991
 k-point set is reduced with crystal symmetries
 
 R^MT_min * |G+k|_max (rgkmax)              :       8.00000000
 Species with R^MT_min                      :       1 (C)
 Maximum |G+k| for APW functions            :       6.66666667
 Maximum |G| for potential and density      :      20.00000000
 
 G-vector grid sizes                        :      32    32    45
 Total number of G-vectors                  :   17309
 
 Maximum angular momentum used for
     APW functions                          :       8
     computing H and O matrix elements      :       8
     potential and density                  :       8
     inner part of muffin-tin               :       2
 
 Total nuclear charge                       :     -12.00000000
 Total electronic charge                    :      12.00000000
 Total core charge                          :       4.00000000
 Total valence charge                       :       8.00000000
 
 Number of empty states                     :       5
 Total number of valence states             :      10
 
 Maximum Hamiltonian size                   :     670
 Maximum number of plane-waves              :     662
 Total number of local-orbitals             :       8
 
 Exchange-correlation type                  :      20
     Perdew-Burke-Ernzerhof, Phys. Rev. Lett. 77, 3865 (1996)
     Generalised gradient approximation (GGA)
 
 Smearing scheme                            :    Gaussian
 Smearing width                             :       0.01000000
 
 Using multisecant Broyden potential mixing
 
++++++++++++++++++++++++++++++++++++++++++++++++++++++++++++++++++++++++++++++++
| Ending initialization                                                        +
++++++++++++++++++++++++++++++++++++++++++++++++++++++++++++++++++++++++++++++++
 
********************************************************************************
| Groundstate module started                                                   *
********************************************************************************
 Output level for this task is set to normal
 
++++++++++++++++++++++++++++++++++++++++++++++++++++++++++++++++++++++++++++++++
| Self-consistent loop started                                                 +
++++++++++++++++++++++++++++++++++++++++++++++++++++++++++++++++++++++++++++++++
 Density and potential initialised from atomic data
 
 
++++++++++++++++++++++++++++++++++++++++++++++++++++++++++++++++++++++++++++++++
| SCF iteration number :    1                                                  +
++++++++++++++++++++++++++++++++++++++++++++++++++++++++++++++++++++++++++++++++
 Total energy                               :       -78.13592913
 _______________________________________________________________
 Fermi energy                               :         0.15231989
 Kinetic energy                             :        74.47374748
 Coulomb energy                             :      -141.74100218
 Exchange energy                            :       -10.45249483
 Correlation energy                         :        -0.41617960
 
 DOS at Fermi energy (states/Ha/cell)       :         1.10845778
 
 Electron charges :
     core                                   :         4.00000000
     core leakage                           :         0.00127893
     valence                                :         8.00000000
     interstitial                           :         4.63183590
     charge in muffin-tin spheres :
                  atom     1     C          :         3.68408205
                  atom     2     C          :         3.68408205
     total charge in muffin-tins            :         7.36816410
     total charge                           :        12.00000000
 
 Wall time (seconds)                        :       107.18
 
++++++++++++++++++++++++++++++++++++++++++++++++++++++++++++++++++++++++++++++++
| SCF iteration number :    2                                                  +
++++++++++++++++++++++++++++++++++++++++++++++++++++++++++++++++++++++++++++++++
 Total energy                               :       -77.42442428
 _______________________________________________________________
 Fermi energy                               :         0.17217365
 Kinetic energy                             :        74.95285829
 Coulomb energy                             :      -141.54272171
 Exchange energy                            :       -10.41751806
 Correlation energy                         :        -0.41704281
 
 DOS at Fermi energy (states/Ha/cell)       :         1.18410140
 
 Electron charges :
     core                                   :         4.00000000
     core leakage                           :         0.00128974
     valence                                :         8.00000000
     interstitial                           :         4.69016414
     charge in muffin-tin spheres :
                  atom     1     C          :         3.65491793
                  atom     2     C          :         3.65491793
     total charge in muffin-tins            :         7.30983586
     total charge                           :        12.00000000
 
 Wall time (seconds)                        :       213.96
 
 RMS change in effective potential (target) :   1.54829      ( 0.100000E-05)
 Absolute change in total energy   (target) :  0.711505      ( 0.100000E-06)
 Charge distance                   (target) :  0.120499E-01  ( 0.100000E-04)
 Abs. change in max-nonIBS-force   (target) :  0.403164E-01  ( 0.250000E-05)
 
++++++++++++++++++++++++++++++++++++++++++++++++++++++++++++++++++++++++++++++++
| SCF iteration number :    3                                                  +
++++++++++++++++++++++++++++++++++++++++++++++++++++++++++++++++++++++++++++++++
 Total energy                               :       -76.92187555
 _______________________________________________________________
 Fermi energy                               :         0.18573345
 Kinetic energy                             :        75.28862273
 Coulomb energy                             :      -141.40049822
 Exchange energy                            :       -10.39228532
 Correlation energy                         :        -0.41771475
 
 DOS at Fermi energy (states/Ha/cell)       :         1.24283312
 
 Electron charges :
     core                                   :         4.00000000
     core leakage                           :         0.00129662
     valence                                :         8.00000000
     interstitial                           :         4.73248435
     charge in muffin-tin spheres :
                  atom     1     C          :         3.63375783
                  atom     2     C          :         3.63375783
     total charge in muffin-tins            :         7.26751565
     total charge                           :        12.00000000
 
 Wall time (seconds)                        :       321.08
 
 RMS change in effective potential (target) :   1.14138      ( 0.100000E-05)
 Absolute change in total energy   (target) :  0.502549      ( 0.100000E-06)
 Charge distance                   (target) :  0.884721E-02  ( 0.100000E-04)
 Abs. change in max-nonIBS-force   (target) :  0.166845E-01  ( 0.250000E-05)
 
++++++++++++++++++++++++++++++++++++++++++++++++++++++++++++++++++++++++++++++++
| SCF iteration number :    4                                                  +
++++++++++++++++++++++++++++++++++++++++++++++++++++++++++++++++++++++++++++++++
 Total energy                               :       -76.70530537
 _______________________________________________________________
 Fermi energy                               :         0.19113318
 Kinetic energy                             :        75.44822281
 Coulomb energy                             :      -141.35669563
 Exchange energy                            :       -10.37868765
 Correlation energy                         :        -0.41814490
 
 DOS at Fermi energy (states/Ha/cell)       :         1.28103917
 
 Electron charges :
     core                                   :         4.00000000
     core leakage                           :         0.00128874
     valence                                :         8.00000000
     interstitial                           :         4.75940857
     charge in muffin-tin spheres :
                  atom     1     C          :         3.62029571
                  atom     2     C          :         3.62029571
     total charge in muffin-tins            :         7.24059143
     total charge                           :        12.00000000
 
 Wall time (seconds)                        :       427.59
 
 RMS change in effective potential (target) :  0.588107E-01  ( 0.100000E-05)
 Absolute change in total energy   (target) :  0.216570      ( 0.100000E-06)
 Charge distance                   (target) :  0.618816E-02  ( 0.100000E-04)
 Abs. change in max-nonIBS-force   (target) :  0.199662E-01  ( 0.250000E-05)
 
++++++++++++++++++++++++++++++++++++++++++++++++++++++++++++++++++++++++++++++++
| SCF iteration number :    5                                                  +
++++++++++++++++++++++++++++++++++++++++++++++++++++++++++++++++++++++++++++++++
 Total energy                               :       -75.94902030
 _______________________________________________________________
 Fermi energy                               :         0.21062656
 Kinetic energy                             :        75.93080201
 Coulomb energy                             :      -141.11895738
 Exchange energy                            :       -10.34166650
 Correlation energy                         :        -0.41919842
 
 DOS at Fermi energy (states/Ha/cell)       :         1.37260540
 
 Electron charges :
     core                                   :         4.00000000
     core leakage                           :         0.00130685
     valence                                :         8.00000000
     interstitial                           :         4.81878434
     charge in muffin-tin spheres :
                  atom     1     C          :         3.59060783
                  atom     2     C          :         3.59060783
     total charge in muffin-tins            :         7.18121566
     total charge                           :        12.00000000
 
 Wall time (seconds)                        :       533.87
 
 RMS change in effective potential (target) :  0.305892E-01  ( 0.100000E-05)
 Absolute change in total energy   (target) :  0.756285      ( 0.100000E-06)
 Charge distance                   (target) :  0.122268E-01  ( 0.100000E-04)
 Abs. change in max-nonIBS-force   (target) :  0.682375E-02  ( 0.250000E-05)
 
++++++++++++++++++++++++++++++++++++++++++++++++++++++++++++++++++++++++++++++++
| SCF iteration number :    6                                                  +
++++++++++++++++++++++++++++++++++++++++++++++++++++++++++++++++++++++++++++++++
 Total energy                               :       -76.20232604
 _______________________________________________________________
 Fermi energy                               :         0.20422399
 Kinetic energy                             :        75.76968636
 Coulomb energy                             :      -141.19899406
 Exchange energy                            :       -10.35418093
 Correlation energy                         :        -0.41883741
 
 DOS at Fermi energy (states/Ha/cell)       :         1.34027341
 
 Electron charges :
     core                                   :         4.00000000
     core leakage                           :         0.00130095
     valence                                :         8.00000000
     interstitial                           :         4.79867947
     charge in muffin-tin spheres :
                  atom     1     C          :         3.60066026
                  atom     2     C          :         3.60066026
     total charge in muffin-tins            :         7.20132053
     total charge                           :        12.00000000
 
 Wall time (seconds)                        :       640.16
 
 RMS change in effective potential (target) :  0.513446E-03  ( 0.100000E-05)
 Absolute change in total energy   (target) :  0.253306      ( 0.100000E-06)
 Charge distance                   (target) :  0.417310E-02  ( 0.100000E-04)
 Abs. change in max-nonIBS-force   (target) :  0.630111E-02  ( 0.250000E-05)
 
++++++++++++++++++++++++++++++++++++++++++++++++++++++++++++++++++++++++++++++++
| SCF iteration number :    7                                                  +
++++++++++++++++++++++++++++++++++++++++++++++++++++++++++++++++++++++++++++++++
 Total energy                               :       -76.20384566
 _______________________________________________________________
 Fermi energy                               :         0.20418074
 Kinetic energy                             :        75.76893626
 Coulomb energy                             :      -141.19969708
 Exchange energy                            :       -10.35425069
 Correlation energy                         :        -0.41883415
 
 DOS at Fermi energy (states/Ha/cell)       :         1.34025877
 
 Electron charges :
     core                                   :         4.00000000
     core leakage                           :         0.00130084
     valence                                :         8.00000000
     interstitial                           :         4.79857796
     charge in muffin-tin spheres :
                  atom     1     C          :         3.60071102
                  atom     2     C          :         3.60071102
     total charge in muffin-tins            :         7.20142204
     total charge                           :        12.00000000
 
 Wall time (seconds)                        :       746.19
 
 RMS change in effective potential (target) :  0.130151E-03  ( 0.100000E-05)
 Absolute change in total energy   (target) :  0.151962E-02  ( 0.100000E-06)
 Charge distance                   (target) :  0.210737E-04  ( 0.100000E-04)
 Abs. change in max-nonIBS-force   (target) :  0.849453E-04  ( 0.250000E-05)
 
++++++++++++++++++++++++++++++++++++++++++++++++++++++++++++++++++++++++++++++++
| SCF iteration number :    8                                                  +
++++++++++++++++++++++++++++++++++++++++++++++++++++++++++++++++++++++++++++++++
 Total energy                               :       -76.20430251
 _______________________________________________________________
 Fermi energy                               :         0.20416865
 Kinetic energy                             :        75.76858073
 Coulomb energy                             :      -141.19977792
 Exchange energy                            :       -10.35427154
 Correlation energy                         :        -0.41883378
 
 DOS at Fermi energy (states/Ha/cell)       :         1.34017281
 
 Electron charges :
     core                                   :         4.00000000
     core leakage                           :         0.00130084
     valence                                :         8.00000000
     interstitial                           :         4.79854154
     charge in muffin-tin spheres :
                  atom     1     C          :         3.60072923
                  atom     2     C          :         3.60072923
     total charge in muffin-tins            :         7.20145846
     total charge                           :        12.00000000
 
 Wall time (seconds)                        :       852.04
 
 RMS change in effective potential (target) :  0.137503E-04  ( 0.100000E-05)
 Absolute change in total energy   (target) :  0.456842E-03  ( 0.100000E-06)
 Charge distance                   (target) :  0.936045E-05  ( 0.100000E-04)
 Abs. change in max-nonIBS-force   (target) :  0.181811E-04  ( 0.250000E-05)
 
++++++++++++++++++++++++++++++++++++++++++++++++++++++++++++++++++++++++++++++++
| SCF iteration number :    9                                                  +
++++++++++++++++++++++++++++++++++++++++++++++++++++++++++++++++++++++++++++++++
 Total energy                               :       -76.20416595
 _______________________________________________________________
 Fermi energy                               :         0.20417208
 Kinetic energy                             :        75.76866895
 Coulomb energy                             :      -141.19973600
 Exchange energy                            :       -10.35426493
 Correlation energy                         :        -0.41883396
 
 DOS at Fermi energy (states/Ha/cell)       :         1.34019040
 
 Electron charges :
     core                                   :         4.00000000
     core leakage                           :         0.00130085
     valence                                :         8.00000000
     interstitial                           :         4.79855218
     charge in muffin-tin spheres :
                  atom     1     C          :         3.60072391
                  atom     2     C          :         3.60072391
     total charge in muffin-tins            :         7.20144782
     total charge                           :        12.00000000
 
 Wall time (seconds)                        :       958.28
 
 RMS change in effective potential (target) :  0.149108E-05  ( 0.100000E-05)
 Absolute change in total energy   (target) :  0.136557E-03  ( 0.100000E-06)
 Charge distance                   (target) :  0.224417E-05  ( 0.100000E-04)
 Abs. change in max-nonIBS-force   (target) :  0.278605E-05  ( 0.250000E-05)
 
++++++++++++++++++++++++++++++++++++++++++++++++++++++++++++++++++++++++++++++++
| SCF iteration number :   10                                                  +
++++++++++++++++++++++++++++++++++++++++++++++++++++++++++++++++++++++++++++++++
 Total energy                               :       -76.20416574
 _______________________________________________________________
 Fermi energy                               :         0.20417210
 Kinetic energy                             :        75.76866953
 Coulomb energy                             :      -141.19973637
 Exchange energy                            :       -10.35426493
 Correlation energy                         :        -0.41883396
 
 DOS at Fermi energy (states/Ha/cell)       :         1.34019032
 
 Electron charges :
     core                                   :         4.00000000
     core leakage                           :         0.00130085
     valence                                :         8.00000000
     interstitial                           :         4.79855222
     charge in muffin-tin spheres :
                  atom     1     C          :         3.60072389
                  atom     2     C          :         3.60072389
     total charge in muffin-tins            :         7.20144778
     total charge                           :        12.00000000
 
 Wall time (seconds)                        :      1064.48
 
 RMS change in effective potential (target) :  0.161825E-06  ( 0.100000E-05)
 Absolute change in total energy   (target) :  0.211516E-06  ( 0.100000E-06)
 Charge distance                   (target) :  0.200571E-06  ( 0.100000E-04)
 Abs. change in max-nonIBS-force   (target) :  0.258272E-05  ( 0.250000E-05)
 
++++++++++++++++++++++++++++++++++++++++++++++++++++++++++++++++++++++++++++++++
| SCF iteration number :   11                                                  +
++++++++++++++++++++++++++++++++++++++++++++++++++++++++++++++++++++++++++++++++
 Total energy                               :       -76.20416588
 _______________________________________________________________
 Fermi energy                               :         0.20417210
 Kinetic energy                             :        75.76866949
 Coulomb energy                             :      -141.19973646
 Exchange energy                            :       -10.35426494
 Correlation energy                         :        -0.41883396
 
 DOS at Fermi energy (states/Ha/cell)       :         1.34019037
 
 Electron charges :
     core                                   :         4.00000000
     core leakage                           :         0.00130085
     valence                                :         8.00000000
     interstitial                           :         4.79855220
     charge in muffin-tin spheres :
                  atom     1     C          :         3.60072390
                  atom     2     C          :         3.60072390
     total charge in muffin-tins            :         7.20144780
     total charge                           :        12.00000000
 
 Wall time (seconds)                        :      1170.47
 
 RMS change in effective potential (target) :  0.241002E-07  ( 0.100000E-05)
 Absolute change in total energy   (target) :  0.140399E-06  ( 0.100000E-06)
 Charge distance                   (target) :  0.463543E-07  ( 0.100000E-04)
 Abs. change in max-nonIBS-force   (target) :  0.762549E-06  ( 0.250000E-05)
 
++++++++++++++++++++++++++++++++++++++++++++++++++++++++++++++++++++++++++++++++
| SCF iteration number :   12                                                  +
++++++++++++++++++++++++++++++++++++++++++++++++++++++++++++++++++++++++++++++++
 Total energy                               :       -76.20416592
 _______________________________________________________________
 Fermi energy                               :         0.20417210
 Kinetic energy                             :        75.76866946
 Coulomb energy                             :      -141.19973647
 Exchange energy                            :       -10.35426494
 Correlation energy                         :        -0.41883396
 
 DOS at Fermi energy (states/Ha/cell)       :         1.34019036
 
 Electron charges :
     core                                   :         4.00000000
     core leakage                           :         0.00130085
     valence                                :         8.00000000
     interstitial                           :         4.79855220
     charge in muffin-tin spheres :
                  atom     1     C          :         3.60072390
                  atom     2     C          :         3.60072390
     total charge in muffin-tins            :         7.20144780
     total charge                           :        12.00000000
 
 Wall time (seconds)                        :      1276.60
 
 RMS change in effective potential (target) :  0.798041E-08  ( 0.100000E-05)
 Absolute change in total energy   (target) :  0.408485E-07  ( 0.100000E-06)
 Charge distance                   (target) :  0.815565E-09  ( 0.100000E-04)
 Abs. change in max-nonIBS-force   (target) :  0.401516E-08  ( 0.250000E-05)
 
++++++++++++++++++++++++++++++++++++++++++++++++++++++++++++++++++++++++++++++++
| Convergence targets achieved. Performing final SCF iteration                 +
++++++++++++++++++++++++++++++++++++++++++++++++++++++++++++++++++++++++++++++++
 Total energy                               :       -76.21239346
 _______________________________________________________________
 Fermi energy                               :         0.20417210
 Kinetic energy                             :        75.76866946
 Coulomb energy                             :      -141.19973646
 Exchange energy                            :       -10.35426494
 Correlation energy                         :        -0.41883396
 DFT-D2 dispersion correction               :        -0.00822755
 
 DOS at Fermi energy (states/Ha/cell)       :         1.34019037
 
 Electron charges :
     core                                   :         4.00000000
     core leakage                           :         0.00130085
     valence                                :         8.00000000
     interstitial                           :         4.79855220
     charge in muffin-tin spheres :
                  atom     1     C          :         3.60072390
                  atom     2     C          :         3.60072390
     total charge in muffin-tins            :         7.20144780
     total charge                           :        12.00000000
 
++++++++++++++++++++++++++++++++++++++++++++++++++++++++++++++++++++++++++++++++
| Self-consistent loop stopped                                                 +
++++++++++++++++++++++++++++++++++++++++++++++++++++++++++++++++++++++++++++++++
 STATE.OUT is written
 
--------------------------------------------------------------------------------
| Writing atomic positions and forces                                          -
--------------------------------------------------------------------------------
 
 Atomic positions (lattice) :
 atom     1   C  :     0.00000000    0.00000000    0.00000000
 atom     2   C  :     0.33333333    0.33333333    0.00000000
 
 Total atomic forces including IBS (cartesian) :
 atom     1   C  :     0.00000000    0.00402090    0.00000000
 atom     2   C  :     0.00000000   -0.00402090    0.00000000
 
 Atomic force components including IBS (cartesian) :
 atom     1   C  :     0.00000000   -0.00647312    0.00000000   HF force
                 :     0.00000000    0.01059377    0.00000000   core correction
                 :     0.00000000    0.00011404    0.00000000   IBS correction
                 :     0.00000000   -0.00021379    0.00000000   DFT-D2 force
 atom     2   C  :     0.00000000    0.00647312    0.00000000   HF force
                 :     0.00000000   -0.01059377    0.00000000   core correction
                 :     0.00000000   -0.00011404    0.00000000   IBS correction
                 :     0.00000000    0.00021379    0.00000000   DFT-D2 force
 
********************************************************************************
| Groundstate module stopped                                                   *
********************************************************************************
 
********************************************************************************
| Structure-optimization module started                                        *
********************************************************************************
 Output level for this task is set to normal
 
 Maximum displacement tau_BFGS   is         :         0.3000
 Maximum displacement tau_newton is         :         0.8000
 
++++++++++++++++++++++++++++++++++++++++++++++++++++++++++++++++++++++++++++++++
| Use harmonic method for optimizing atomic positions                          +
++++++++++++++++++++++++++++++++++++++++++++++++++++++++++++++++++++++++++++++++
 
--------------------------------------------------------------------------------
| Optimization step 0: Initialize optimization                                 -
--------------------------------------------------------------------------------
 Maximum force magnitude           (target) :         0.00402090  (  0.00001000)
 Total energy at this optimization step     :       -76.21239346
 
 Atomic positions at this step (lattice) :
 atom     1   C  :     0.00000000    0.00000000    0.00000000
 atom     2   C  :     0.33333333    0.33333333    0.00000000
 
 Total atomic forces including IBS (cartesian) :
 atom     1   C  :     0.00000000    0.00402090    0.00000000
 atom     2   C  :     0.00000000   -0.00402090    0.00000000
 
--------------------------------------------------------------------------------
| Optimization step    1    (method = harmonic)                                -
--------------------------------------------------------------------------------
 Number of scf iterations                   :        12  (full newton step)
 Maximum force magnitude           (target) :         0.00107472  (  0.00001000)
 Total energy at this optimization step     :       -76.21240993
 
 Atomic positions at this step (lattice) :
 atom     1   C  :     0.00000000    0.00000000    0.00000000
 atom     2   C  :     0.33256536    0.33256536    0.00000000
 
 Total atomic forces including IBS (cartesian) :
 atom     1   C  :     0.00000000    0.00107472    0.00000000
 atom     2   C  :     0.00000000   -0.00107472    0.00000000
 
 Time spent in this optimization step       :      1351.63 seconds
 
--------------------------------------------------------------------------------
| Optimization step    2    (method = harmonic)                                -
--------------------------------------------------------------------------------
 Number of scf iterations                   :        12  (full harmonic step)
 Maximum force magnitude           (target) :         0.00000459  (  0.00001000)
 Total energy at this optimization step     :       -76.21241120
 
 Atomic positions at this step (lattice) :
 atom     1   C  :     0.00000000    0.00000000    0.00000000
 atom     2   C  :     0.33228522    0.33228522    0.00000000
 
 Total atomic forces including IBS (cartesian) :
 atom     1   C  :     0.00000000   -0.00000459    0.00000000
 atom     2   C  :     0.00000000    0.00000459    0.00000000
 
 Time spent in this optimization step       :      1349.21 seconds
 
++++++++++++++++++++++++++++++++++++++++++++++++++++++++++++++++++++++++++++++++
| Force convergence target achieved                                            +
++++++++++++++++++++++++++++++++++++++++++++++++++++++++++++++++++++++++++++++++
 Total energy                               :       -76.21241120
 _______________________________________________________________
 Fermi energy                               :         0.20418604
 Kinetic energy                             :        75.76732734
 Coulomb energy                             :      -141.19865133
 Exchange energy                            :       -10.35402615
 Correlation energy                         :        -0.41883543
 DFT-D2 dispersion correction               :        -0.00822563
 
 DOS at Fermi energy (states/Ha/cell)       :         1.33799064
 
 Electron charges :
     core                                   :         4.00000000
     core leakage                           :         0.00130078
     valence                                :         8.00000000
     interstitial                           :         4.79921368
     charge in muffin-tin spheres :
                  atom     1     C          :         3.60039316
                  atom     2     C          :         3.60039316
     total charge in muffin-tins            :         7.20078632
     total charge                           :        12.00000000
 
 Optimized atomic positions (lattice) :
 atom     1   C  :     0.00000000    0.00000000    0.00000000
 atom     2   C  :     0.33228522    0.33228522    0.00000000
 
 Total atomic forces including IBS (cartesian) :
 atom     1   C  :     0.00000000   -0.00000459    0.00000000
 atom     2   C  :     0.00000000    0.00000459    0.00000000
 
 Atomic force components including IBS (cartesian) :
 atom     1   C  :     0.00000000   -0.01045680    0.00000000   HF force
                 :     0.00000000    0.01053747    0.00000000   core correction
                 :     0.00000000    0.00013973    0.00000000   IBS correction
                 :     0.00000000   -0.00022498    0.00000000   DFT-D2 force
 atom     2   C  :     0.00000000    0.01045680    0.00000000   HF force
                 :     0.00000000   -0.01053747    0.00000000   core correction
                 :     0.00000000   -0.00013973    0.00000000   IBS correction
                 :     0.00000000    0.00022498    0.00000000   DFT-D2 force
 
********************************************************************************
| Structure-optimization module stopped                                        *
********************************************************************************
 
 Total time spent (seconds)                 :      4170.21
 
================================================================================
| EXCITING BORON stopped                                                       =
================================================================================
