================================================================================
| EXCITING BORON started                                                       =
| version hash id:                                                             =
| MPI version using     16 processor(s)                                        =
|                                                                              =
| Date (DD-MM-YYYY) : 12-08-2015                                               =
| Time (hh:mm:ss)   : 22:52:36                                                 =
|                                                                              =
| All units are atomic (Hartree, Bohr, etc.)                                   =
================================================================================
 
********************************************************************************
| Structural optimisation starting from atomic densities                       *
********************************************************************************
 
++++++++++++++++++++++++++++++++++++++++++++++++++++++++++++++++++++++++++++++++
| Starting initialization                                                      +
++++++++++++++++++++++++++++++++++++++++++++++++++++++++++++++++++++++++++++++++
 
 Lattice vectors (cartesian) :
      2.5491007826      4.0304822292      0.0000000000
     -2.5491007826      4.0304822292      0.0000000000
      0.0000000000      0.0000000000      6.5761020000
 
 Reciprocal lattice vectors (cartesian) :
      1.2324317167      0.7794582571      0.0000000000
     -1.2324317167      0.7794582571      0.0000000000
      0.0000000000      0.0000000000      0.9554573982
 
 Unit cell volume                           :     135.1271302011
 Brillouin zone volume                      :       1.8356803188
 
 Species :    1 (C)
     parameters loaded from                 :    C.xml
     name                                   :    carbon
     nuclear charge                         :      -6.00000000
     electronic charge                      :       6.00000000
     atomic mass                            :   21894.16673000
     muffin-tin radius                      :       1.20000000
     # of radial points in muffin-tin       :     250
 
     atomic positions (lattice) :
       1 :   0.00000000  0.00000000  0.00000000
       2 :   0.33333333  0.33333333  0.00000000
 
 Total number of atoms per unit cell        :       2
 
 Spin treatment                             :    spin-unpolarised
 
 Number of Bravais lattice symmetries       :       8
 Number of crystal symmetries               :       8
 
 k-point grid                               :      34   34   24
 Total number of k-points                   :    3991
 k-point set is reduced with crystal symmetries
 
 R^MT_min * |G+k|_max (rgkmax)              :       8.00000000
 Species with R^MT_min                      :       1 (C)
 Maximum |G+k| for APW functions            :       6.66666667
 Maximum |G| for potential and density      :      20.00000000
 
 G-vector grid sizes                        :      32    32    45
 Total number of G-vectors                  :   18281
 
 Maximum angular momentum used for
     APW functions                          :       8
     computing H and O matrix elements      :       8
     potential and density                  :       8
     inner part of muffin-tin               :       2
 
 Total nuclear charge                       :     -12.00000000
 Total electronic charge                    :      12.00000000
 Total core charge                          :       4.00000000
 Total valence charge                       :       8.00000000
 
 Number of empty states                     :       5
 Total number of valence states             :      10
 
 Maximum Hamiltonian size                   :     714
 Maximum number of plane-waves              :     706
 Total number of local-orbitals             :       8
 
 Exchange-correlation type                  :      20
     Perdew-Burke-Ernzerhof, Phys. Rev. Lett. 77, 3865 (1996)
     Generalised gradient approximation (GGA)
 
 Smearing scheme                            :    Gaussian
 Smearing width                             :       0.01000000
 
 Using multisecant Broyden potential mixing
 
++++++++++++++++++++++++++++++++++++++++++++++++++++++++++++++++++++++++++++++++
| Ending initialization                                                        +
++++++++++++++++++++++++++++++++++++++++++++++++++++++++++++++++++++++++++++++++
 
********************************************************************************
| Groundstate module started                                                   *
********************************************************************************
 Output level for this task is set to normal
 
++++++++++++++++++++++++++++++++++++++++++++++++++++++++++++++++++++++++++++++++
| Self-consistent loop started                                                 +
++++++++++++++++++++++++++++++++++++++++++++++++++++++++++++++++++++++++++++++++
 Density and potential initialised from atomic data
 
 
++++++++++++++++++++++++++++++++++++++++++++++++++++++++++++++++++++++++++++++++
| SCF iteration number :    1                                                  +
++++++++++++++++++++++++++++++++++++++++++++++++++++++++++++++++++++++++++++++++
 Total energy                               :       -77.86379140
 _______________________________________________________________
 Fermi energy                               :         0.14139719
 Kinetic energy                             :        74.44246160
 Coulomb energy                             :      -141.50417205
 Exchange energy                            :       -10.38986094
 Correlation energy                         :        -0.41222001
 
 DOS at Fermi energy (states/Ha/cell)       :         1.40774821
 
 Electron charges :
     core                                   :         4.00000000
     core leakage                           :         0.00127437
     valence                                :         8.00000000
     interstitial                           :         4.74780634
     charge in muffin-tin spheres :
                  atom     1     C          :         3.62609683
                  atom     2     C          :         3.62609683
     total charge in muffin-tins            :         7.25219366
     total charge                           :        12.00000000
 
 Wall time (seconds)                        :       122.56
 
++++++++++++++++++++++++++++++++++++++++++++++++++++++++++++++++++++++++++++++++
| SCF iteration number :    2                                                  +
++++++++++++++++++++++++++++++++++++++++++++++++++++++++++++++++++++++++++++++++
 Total energy                               :       -77.24410431
 _______________________________________________________________
 Fermi energy                               :         0.15875009
 Kinetic energy                             :        74.85530034
 Coulomb energy                             :      -141.32787660
 Exchange energy                            :       -10.35851607
 Correlation energy                         :        -0.41301197
 
 DOS at Fermi energy (states/Ha/cell)       :         1.48283872
 
 Electron charges :
     core                                   :         4.00000000
     core leakage                           :         0.00128333
     valence                                :         8.00000000
     interstitial                           :         4.79978916
     charge in muffin-tin spheres :
                  atom     1     C          :         3.60010542
                  atom     2     C          :         3.60010542
     total charge in muffin-tins            :         7.20021084
     total charge                           :        12.00000000
 
 Wall time (seconds)                        :       242.45
 
 RMS change in effective potential (target) :   1.53905      ( 0.100000E-05)
 Absolute change in total energy   (target) :  0.619687      ( 0.100000E-06)
 Charge distance                   (target) :  0.110285E-01  ( 0.100000E-04)
 Abs. change in max-nonIBS-force   (target) :  0.967000E-01  ( 0.250000E-05)
 
++++++++++++++++++++++++++++++++++++++++++++++++++++++++++++++++++++++++++++++++
| SCF iteration number :    3                                                  +
++++++++++++++++++++++++++++++++++++++++++++++++++++++++++++++++++++++++++++++++
 Total energy                               :       -76.80858525
 _______________________________________________________________
 Fermi energy                               :         0.17060029
 Kinetic energy                             :        75.14372832
 Coulomb energy                             :      -141.20261987
 Exchange energy                            :       -10.33607400
 Correlation energy                         :        -0.41361971
 
 DOS at Fermi energy (states/Ha/cell)       :         1.54258401
 
 Electron charges :
     core                                   :         4.00000000
     core leakage                           :         0.00128889
     valence                                :         8.00000000
     interstitial                           :         4.83728027
     charge in muffin-tin spheres :
                  atom     1     C          :         3.58135987
                  atom     2     C          :         3.58135987
     total charge in muffin-tins            :         7.16271973
     total charge                           :        12.00000000
 
 Wall time (seconds)                        :       362.90
 
 RMS change in effective potential (target) :   1.13321      ( 0.100000E-05)
 Absolute change in total energy   (target) :  0.435519      ( 0.100000E-06)
 Charge distance                   (target) :  0.804313E-02  ( 0.100000E-04)
 Abs. change in max-nonIBS-force   (target) :  0.387588E-01  ( 0.250000E-05)
 
++++++++++++++++++++++++++++++++++++++++++++++++++++++++++++++++++++++++++++++++
| SCF iteration number :    4                                                  +
++++++++++++++++++++++++++++++++++++++++++++++++++++++++++++++++++++++++++++++++
 Total energy                               :       -76.63226323
 _______________________________________________________________
 Fermi energy                               :         0.17518413
 Kinetic energy                             :        75.27535390
 Coulomb energy                             :      -141.16905066
 Exchange energy                            :       -10.32458547
 Correlation energy                         :        -0.41398100
 
 DOS at Fermi energy (states/Ha/cell)       :         1.58116220
 
 Electron charges :
     core                                   :         4.00000000
     core leakage                           :         0.00128081
     valence                                :         8.00000000
     interstitial                           :         4.86006871
     charge in muffin-tin spheres :
                  atom     1     C          :         3.56996565
                  atom     2     C          :         3.56996565
     total charge in muffin-tins            :         7.13993129
     total charge                           :        12.00000000
 
 Wall time (seconds)                        :       483.75
 
 RMS change in effective potential (target) :  0.513668E-01  ( 0.100000E-05)
 Absolute change in total energy   (target) :  0.176322      ( 0.100000E-06)
 Charge distance                   (target) :  0.547613E-02  ( 0.100000E-04)
 Abs. change in max-nonIBS-force   (target) :  0.465923E-01  ( 0.250000E-05)
 
++++++++++++++++++++++++++++++++++++++++++++++++++++++++++++++++++++++++++++++++
| SCF iteration number :    5                                                  +
++++++++++++++++++++++++++++++++++++++++++++++++++++++++++++++++++++++++++++++++
 Total energy                               :       -75.95279230
 _______________________________________________________________
 Fermi energy                               :         0.19284944
 Kinetic energy                             :        75.70344401
 Coulomb energy                             :      -140.95076872
 Exchange energy                            :       -10.29049833
 Correlation energy                         :        -0.41496926
 
 DOS at Fermi energy (states/Ha/cell)       :         1.67840004
 
 Electron charges :
     core                                   :         4.00000000
     core leakage                           :         0.00129710
     valence                                :         8.00000000
     interstitial                           :         4.91452306
     charge in muffin-tin spheres :
                  atom     1     C          :         3.54273847
                  atom     2     C          :         3.54273847
     total charge in muffin-tins            :         7.08547694
     total charge                           :        12.00000000
 
 Wall time (seconds)                        :       604.19
 
 RMS change in effective potential (target) :  0.288700E-01  ( 0.100000E-05)
 Absolute change in total energy   (target) :  0.679471      ( 0.100000E-06)
 Charge distance                   (target) :  0.114449E-01  ( 0.100000E-04)
 Abs. change in max-nonIBS-force   (target) :  0.902461E-02  ( 0.250000E-05)
 
++++++++++++++++++++++++++++++++++++++++++++++++++++++++++++++++++++++++++++++++
| SCF iteration number :    6                                                  +
++++++++++++++++++++++++++++++++++++++++++++++++++++++++++++++++++++++++++++++++
 Total energy                               :       -76.18856324
 _______________________________________________________________
 Fermi energy                               :         0.18683059
 Kinetic energy                             :        75.55557977
 Coulomb energy                             :      -141.02709696
 Exchange energy                            :       -10.30242797
 Correlation energy                         :        -0.41461809
 
 DOS at Fermi energy (states/Ha/cell)       :         1.64280064
 
 Electron charges :
     core                                   :         4.00000000
     core leakage                           :         0.00129153
     valence                                :         8.00000000
     interstitial                           :         4.89544742
     charge in muffin-tin spheres :
                  atom     1     C          :         3.55227629
                  atom     2     C          :         3.55227629
     total charge in muffin-tins            :         7.10455258
     total charge                           :        12.00000000
 
 Wall time (seconds)                        :       725.04
 
 RMS change in effective potential (target) :  0.415487E-03  ( 0.100000E-05)
 Absolute change in total energy   (target) :  0.235771      ( 0.100000E-06)
 Charge distance                   (target) :  0.403191E-02  ( 0.100000E-04)
 Abs. change in max-nonIBS-force   (target) :  0.147848E-01  ( 0.250000E-05)
 
++++++++++++++++++++++++++++++++++++++++++++++++++++++++++++++++++++++++++++++++
| SCF iteration number :    7                                                  +
++++++++++++++++++++++++++++++++++++++++++++++++++++++++++++++++++++++++++++++++
 Total energy                               :       -76.19124812
 _______________________________________________________________
 Fermi energy                               :         0.18675663
 Kinetic energy                             :        75.55401151
 Coulomb energy                             :      -141.02808826
 Exchange energy                            :       -10.30255785
 Correlation energy                         :        -0.41461352
 
 DOS at Fermi energy (states/Ha/cell)       :         1.64261995
 
 Electron charges :
     core                                   :         4.00000000
     core leakage                           :         0.00129142
     valence                                :         8.00000000
     interstitial                           :         4.89524473
     charge in muffin-tin spheres :
                  atom     1     C          :         3.55237764
                  atom     2     C          :         3.55237764
     total charge in muffin-tins            :         7.10475527
     total charge                           :        12.00000000
 
 Wall time (seconds)                        :       845.59
 
 RMS change in effective potential (target) :  0.101464E-03  ( 0.100000E-05)
 Absolute change in total energy   (target) :  0.268488E-02  ( 0.100000E-06)
 Charge distance                   (target) :  0.445395E-04  ( 0.100000E-04)
 Abs. change in max-nonIBS-force   (target) :  0.288023E-03  ( 0.250000E-05)
 
++++++++++++++++++++++++++++++++++++++++++++++++++++++++++++++++++++++++++++++++
| SCF iteration number :    8                                                  +
++++++++++++++++++++++++++++++++++++++++++++++++++++++++++++++++++++++++++++++++
 Total energy                               :       -76.19138126
 _______________________________________________________________
 Fermi energy                               :         0.18675302
 Kinetic energy                             :        75.55388111
 Coulomb energy                             :      -141.02808601
 Exchange energy                            :       -10.30256286
 Correlation energy                         :        -0.41461351
 
 DOS at Fermi energy (states/Ha/cell)       :         1.64254369
 
 Electron charges :
     core                                   :         4.00000000
     core leakage                           :         0.00129143
     valence                                :         8.00000000
     interstitial                           :         4.89523473
     charge in muffin-tin spheres :
                  atom     1     C          :         3.55238263
                  atom     2     C          :         3.55238263
     total charge in muffin-tins            :         7.10476527
     total charge                           :        12.00000000
 
 Wall time (seconds)                        :       966.04
 
 RMS change in effective potential (target) :  0.738082E-05  ( 0.100000E-05)
 Absolute change in total energy   (target) :  0.133140E-03  ( 0.100000E-06)
 Charge distance                   (target) :  0.820957E-05  ( 0.100000E-04)
 Abs. change in max-nonIBS-force   (target) :  0.757703E-04  ( 0.250000E-05)
 
++++++++++++++++++++++++++++++++++++++++++++++++++++++++++++++++++++++++++++++++
| SCF iteration number :    9                                                  +
++++++++++++++++++++++++++++++++++++++++++++++++++++++++++++++++++++++++++++++++
 Total energy                               :       -76.19125827
 _______________________________________________________________
 Fermi energy                               :         0.18675612
 Kinetic energy                             :        75.55396425
 Coulomb energy                             :      -141.02805178
 Exchange energy                            :       -10.30255708
 Correlation energy                         :        -0.41461366
 
 DOS at Fermi energy (states/Ha/cell)       :         1.64257431
 
 Electron charges :
     core                                   :         4.00000000
     core leakage                           :         0.00129143
     valence                                :         8.00000000
     interstitial                           :         4.89524420
     charge in muffin-tin spheres :
                  atom     1     C          :         3.55237790
                  atom     2     C          :         3.55237790
     total charge in muffin-tins            :         7.10475580
     total charge                           :        12.00000000
 
 Wall time (seconds)                        :      1086.62
 
 RMS change in effective potential (target) :  0.244295E-05  ( 0.100000E-05)
 Absolute change in total energy   (target) :  0.122990E-03  ( 0.100000E-06)
 Charge distance                   (target) :  0.297240E-05  ( 0.100000E-04)
 Abs. change in max-nonIBS-force   (target) :  0.242676E-04  ( 0.250000E-05)
 
++++++++++++++++++++++++++++++++++++++++++++++++++++++++++++++++++++++++++++++++
| SCF iteration number :   10                                                  +
++++++++++++++++++++++++++++++++++++++++++++++++++++++++++++++++++++++++++++++++
 Total energy                               :       -76.19125206
 _______________________________________________________________
 Fermi energy                               :         0.18675631
 Kinetic energy                             :        75.55396914
 Coulomb energy                             :      -141.02805078
 Exchange energy                            :       -10.30255675
 Correlation energy                         :        -0.41461367
 
 DOS at Fermi energy (states/Ha/cell)       :         1.64257442
 
 Electron charges :
     core                                   :         4.00000000
     core leakage                           :         0.00129143
     valence                                :         8.00000000
     interstitial                           :         4.89524477
     charge in muffin-tin spheres :
                  atom     1     C          :         3.55237761
                  atom     2     C          :         3.55237761
     total charge in muffin-tins            :         7.10475523
     total charge                           :        12.00000000
 
 Wall time (seconds)                        :      1207.13
 
 RMS change in effective potential (target) :  0.783252E-07  ( 0.100000E-05)
 Absolute change in total energy   (target) :  0.621599E-05  ( 0.100000E-06)
 Charge distance                   (target) :  0.348500E-06  ( 0.100000E-04)
 Abs. change in max-nonIBS-force   (target) :  0.479810E-05  ( 0.250000E-05)
 
++++++++++++++++++++++++++++++++++++++++++++++++++++++++++++++++++++++++++++++++
| SCF iteration number :   11                                                  +
++++++++++++++++++++++++++++++++++++++++++++++++++++++++++++++++++++++++++++++++
 Total energy                               :       -76.19125301
 _______________________________________________________________
 Fermi energy                               :         0.18675629
 Kinetic energy                             :        75.55396850
 Coulomb energy                             :      -141.02805104
 Exchange energy                            :       -10.30255680
 Correlation energy                         :        -0.41461367
 
 DOS at Fermi energy (states/Ha/cell)       :         1.64257434
 
 Electron charges :
     core                                   :         4.00000000
     core leakage                           :         0.00129143
     valence                                :         8.00000000
     interstitial                           :         4.89524469
     charge in muffin-tin spheres :
                  atom     1     C          :         3.55237766
                  atom     2     C          :         3.55237766
     total charge in muffin-tins            :         7.10475531
     total charge                           :        12.00000000
 
 Wall time (seconds)                        :      1327.58
 
 RMS change in effective potential (target) :  0.105246E-07  ( 0.100000E-05)
 Absolute change in total energy   (target) :  0.954205E-06  ( 0.100000E-06)
 Charge distance                   (target) :  0.324313E-07  ( 0.100000E-04)
 Abs. change in max-nonIBS-force   (target) :  0.435592E-06  ( 0.250000E-05)
 
++++++++++++++++++++++++++++++++++++++++++++++++++++++++++++++++++++++++++++++++
| SCF iteration number :   12                                                  +
++++++++++++++++++++++++++++++++++++++++++++++++++++++++++++++++++++++++++++++++
 Total energy                               :       -76.19125305
 _______________________________________________________________
 Fermi energy                               :         0.18675628
 Kinetic energy                             :        75.55396848
 Coulomb energy                             :      -141.02805106
 Exchange energy                            :       -10.30255680
 Correlation energy                         :        -0.41461367
 
 DOS at Fermi energy (states/Ha/cell)       :         1.64257434
 
 Electron charges :
     core                                   :         4.00000000
     core leakage                           :         0.00129143
     valence                                :         8.00000000
     interstitial                           :         4.89524469
     charge in muffin-tin spheres :
                  atom     1     C          :         3.55237766
                  atom     2     C          :         3.55237766
     total charge in muffin-tins            :         7.10475531
     total charge                           :        12.00000000
 
 Wall time (seconds)                        :      1447.99
 
 RMS change in effective potential (target) :  0.190100E-07  ( 0.100000E-05)
 Absolute change in total energy   (target) :  0.354162E-07  ( 0.100000E-06)
 Charge distance                   (target) :  0.602559E-09  ( 0.100000E-04)
 Abs. change in max-nonIBS-force   (target) :  0.249956E-08  ( 0.250000E-05)
 
++++++++++++++++++++++++++++++++++++++++++++++++++++++++++++++++++++++++++++++++
| Convergence targets achieved. Performing final SCF iteration                 +
++++++++++++++++++++++++++++++++++++++++++++++++++++++++++++++++++++++++++++++++
 Total energy                               :       -76.19931727
 _______________________________________________________________
 Fermi energy                               :         0.18675628
 Kinetic energy                             :        75.55396848
 Coulomb energy                             :      -141.02805106
 Exchange energy                            :       -10.30255680
 Correlation energy                         :        -0.41461367
 DFT-D2 dispersion correction               :        -0.00806422
 
 DOS at Fermi energy (states/Ha/cell)       :         1.64257433
 
 Electron charges :
     core                                   :         4.00000000
     core leakage                           :         0.00129143
     valence                                :         8.00000000
     interstitial                           :         4.89524469
     charge in muffin-tin spheres :
                  atom     1     C          :         3.55237766
                  atom     2     C          :         3.55237766
     total charge in muffin-tins            :         7.10475531
     total charge                           :        12.00000000
 
++++++++++++++++++++++++++++++++++++++++++++++++++++++++++++++++++++++++++++++++
| Self-consistent loop stopped                                                 +
++++++++++++++++++++++++++++++++++++++++++++++++++++++++++++++++++++++++++++++++
 STATE.OUT is written
 
--------------------------------------------------------------------------------
| Writing atomic positions and forces                                          -
--------------------------------------------------------------------------------
 
 Atomic positions (lattice) :
 atom     1   C  :     0.00000000    0.00000000    0.00000000
 atom     2   C  :     0.33333333    0.33333333    0.00000000
 
 Total atomic forces including IBS (cartesian) :
 atom     1   C  :     0.00000000   -0.00525689    0.00000000
 atom     2   C  :     0.00000000    0.00525689    0.00000000
 
 Atomic force components including IBS (cartesian) :
 atom     1   C  :     0.00000000    0.02139090    0.00000000   HF force
                 :     0.00000000   -0.02674740    0.00000000   core correction
                 :     0.00000000   -0.00039654    0.00000000   IBS correction
                 :     0.00000000    0.00049614    0.00000000   DFT-D2 force
 atom     2   C  :     0.00000000   -0.02139090    0.00000000   HF force
                 :     0.00000000    0.02674740    0.00000000   core correction
                 :     0.00000000    0.00039654    0.00000000   IBS correction
                 :     0.00000000   -0.00049614    0.00000000   DFT-D2 force
 
********************************************************************************
| Groundstate module stopped                                                   *
********************************************************************************
 
********************************************************************************
| Structure-optimization module started                                        *
********************************************************************************
 Output level for this task is set to normal
 
 Maximum displacement tau_BFGS   is         :         0.3000
 Maximum displacement tau_newton is         :         0.8000
 
++++++++++++++++++++++++++++++++++++++++++++++++++++++++++++++++++++++++++++++++
| Use harmonic method for optimizing atomic positions                          +
++++++++++++++++++++++++++++++++++++++++++++++++++++++++++++++++++++++++++++++++
 
--------------------------------------------------------------------------------
| Optimization step 0: Initialize optimization                                 -
--------------------------------------------------------------------------------
 Maximum force magnitude           (target) :         0.00525689  (  0.00001000)
 Total energy at this optimization step     :       -76.19931727
 
 Atomic positions at this step (lattice) :
 atom     1   C  :     0.00000000    0.00000000    0.00000000
 atom     2   C  :     0.33333333    0.33333333    0.00000000
 
 Total atomic forces including IBS (cartesian) :
 atom     1   C  :     0.00000000   -0.00525689    0.00000000
 atom     2   C  :     0.00000000    0.00525689    0.00000000
 
--------------------------------------------------------------------------------
| Optimization step    1    (method = harmonic)                                -
--------------------------------------------------------------------------------
 Number of scf iterations                   :        12  (full newton step)
 Maximum force magnitude           (target) :         0.00145968  (  0.00001000)
 Total energy at this optimization step     :       -76.19934466
 
 Atomic positions at this step (lattice) :
 atom     1   C  :     0.00000000    0.00000000    0.00000000
 atom     2   C  :     0.33437676    0.33437676    0.00000000
 
 Total atomic forces including IBS (cartesian) :
 atom     1   C  :     0.00000000   -0.00145968    0.00000000
 atom     2   C  :     0.00000000    0.00145968    0.00000000
 
 Time spent in this optimization step       :      1543.17 seconds
 
--------------------------------------------------------------------------------
| Optimization step    2    (method = harmonic)                                -
--------------------------------------------------------------------------------
 Number of scf iterations                   :        12  (full harmonic step)
 Maximum force magnitude           (target) :         0.00001177  (  0.00001000)
 Total energy at this optimization step     :       -76.19934671
 
 Atomic positions at this step (lattice) :
 atom     1   C  :     0.00000000    0.00000000    0.00000000
 atom     2   C  :     0.33477786    0.33477786    0.00000000
 
 Total atomic forces including IBS (cartesian) :
 atom     1   C  :     0.00000000   -0.00001177    0.00000000
 atom     2   C  :     0.00000000    0.00001177    0.00000000
 
 Time spent in this optimization step       :      1515.90 seconds
 
--------------------------------------------------------------------------------
| Optimization step    3    (method = harmonic)                                -
--------------------------------------------------------------------------------
 Number of scf iterations                   :        10  (full harmonic step)
 Maximum force magnitude           (target) :         0.00000003  (  0.00001000)
 Total energy at this optimization step     :       -76.19934669
 
 Atomic positions at this step (lattice) :
 atom     1   C  :     0.00000000    0.00000000    0.00000000
 atom     2   C  :     0.33478112    0.33478112    0.00000000
 
 Total atomic forces including IBS (cartesian) :
 atom     1   C  :     0.00000000   -0.00000003    0.00000000
 atom     2   C  :     0.00000000    0.00000003    0.00000000
 
 Time spent in this optimization step       :      1272.68 seconds
 
++++++++++++++++++++++++++++++++++++++++++++++++++++++++++++++++++++++++++++++++
| Force convergence target achieved                                            +
++++++++++++++++++++++++++++++++++++++++++++++++++++++++++++++++++++++++++++++++
 Total energy                               :       -76.19934669
 _______________________________________________________________
 Fermi energy                               :         0.18677109
 Kinetic energy                             :        75.54979588
 Coulomb energy                             :      -141.02467424
 Exchange energy                            :       -10.30179242
 Correlation energy                         :        -0.41461753
 DFT-D2 dispersion correction               :        -0.00805837
 
 DOS at Fermi energy (states/Ha/cell)       :         1.63358895
 
 Electron charges :
     core                                   :         4.00000000
     core leakage                           :         0.00129123
     valence                                :         8.00000000
     interstitial                           :         4.89729037
     charge in muffin-tin spheres :
                  atom     1     C          :         3.55135481
                  atom     2     C          :         3.55135481
     total charge in muffin-tins            :         7.10270963
     total charge                           :        12.00000000
 
 Optimized atomic positions (lattice) :
 atom     1   C  :     0.00000000    0.00000000    0.00000000
 atom     2   C  :     0.33478112    0.33478112    0.00000000
 
 Total atomic forces including IBS (cartesian) :
 atom     1   C  :     0.00000000   -0.00000003    0.00000000
 atom     2   C  :     0.00000000    0.00000003    0.00000000
 
 Atomic force components including IBS (cartesian) :
 atom     1   C  :     0.00000000    0.02658679    0.00000000   HF force
                 :     0.00000000   -0.02665280    0.00000000   core correction
                 :     0.00000000   -0.00043935    0.00000000   IBS correction
                 :     0.00000000    0.00050532    0.00000000   DFT-D2 force
 atom     2   C  :     0.00000000   -0.02658679    0.00000000   HF force
                 :     0.00000000    0.02665280    0.00000000   core correction
                 :     0.00000000    0.00043935    0.00000000   IBS correction
                 :     0.00000000   -0.00050532    0.00000000   DFT-D2 force
 
********************************************************************************
| Structure-optimization module stopped                                        *
********************************************************************************
 
 Total time spent (seconds)                 :      5996.35
 
================================================================================
| EXCITING BORON stopped                                                       =
================================================================================
