================================================================================
| EXCITING BORON started                                                       =
| version hash id:                                                             =
| MPI version using     16 processor(s)                                        =
|                                                                              =
| Date (DD-MM-YYYY) : 12-08-2015                                               =
| Time (hh:mm:ss)   : 18:45:25                                                 =
|                                                                              =
| All units are atomic (Hartree, Bohr, etc.)                                   =
================================================================================
 
********************************************************************************
| Structural optimisation starting from atomic densities                       *
********************************************************************************
 
++++++++++++++++++++++++++++++++++++++++++++++++++++++++++++++++++++++++++++++++
| Starting initialization                                                      +
++++++++++++++++++++++++++++++++++++++++++++++++++++++++++++++++++++++++++++++++
 
 Lattice vectors (cartesian) :
      2.1679029390      3.8967485817      0.0000000000
     -2.4135606499      4.0385791272      0.0000000000
      0.0000000000      0.0000000000      6.7705113961
 
 Reciprocal lattice vectors (cartesian) :
      1.3972874765      0.8350555885      0.0000000000
     -1.3482162466      0.7500617251      0.0000000000
      0.0000000000      0.0000000000      0.9280222630
 
 Unit cell volume                           :     122.9544273736
 Brillouin zone volume                      :       2.0174158730
 
 Species :    1 (C)
     parameters loaded from                 :    C.xml
     name                                   :    carbon
     nuclear charge                         :      -6.00000000
     electronic charge                      :       6.00000000
     atomic mass                            :   21894.16673000
     muffin-tin radius                      :       1.20000000
     # of radial points in muffin-tin       :     250
 
     atomic positions (lattice) :
       1 :   0.00000000  0.00000000  0.00000000
       2 :   0.33333333  0.33333333  0.00000000
 
 Total number of atoms per unit cell        :       2
 
 Spin treatment                             :    spin-unpolarised
 
 Number of Bravais lattice symmetries       :       4
 Number of crystal symmetries               :       4
 
 k-point grid                               :      34   34   24
 Total number of k-points                   :    7540
 k-point set is reduced with crystal symmetries
 
 R^MT_min * |G+k|_max (rgkmax)              :       8.00000000
 Species with R^MT_min                      :       1 (C)
 Maximum |G+k| for APW functions            :       6.66666667
 Maximum |G| for potential and density      :      20.00000000
 
 G-vector grid sizes                        :      30    30    45
 Total number of G-vectors                  :   16615
 
 Maximum angular momentum used for
     APW functions                          :       8
     computing H and O matrix elements      :       8
     potential and density                  :       8
     inner part of muffin-tin               :       2
 
 Total nuclear charge                       :     -12.00000000
 Total electronic charge                    :      12.00000000
 Total core charge                          :       4.00000000
 Total valence charge                       :       8.00000000
 
 Number of empty states                     :       5
 Total number of valence states             :      10
 
 Maximum Hamiltonian size                   :     639
 Maximum number of plane-waves              :     631
 Total number of local-orbitals             :       8
 
 Exchange-correlation type                  :      20
     Perdew-Burke-Ernzerhof, Phys. Rev. Lett. 77, 3865 (1996)
     Generalised gradient approximation (GGA)
 
 Smearing scheme                            :    Gaussian
 Smearing width                             :       0.01000000
 
 Using multisecant Broyden potential mixing
 
++++++++++++++++++++++++++++++++++++++++++++++++++++++++++++++++++++++++++++++++
| Ending initialization                                                        +
++++++++++++++++++++++++++++++++++++++++++++++++++++++++++++++++++++++++++++++++
 
********************************************************************************
| Groundstate module started                                                   *
********************************************************************************
 Output level for this task is set to normal
 
++++++++++++++++++++++++++++++++++++++++++++++++++++++++++++++++++++++++++++++++
| Self-consistent loop started                                                 +
++++++++++++++++++++++++++++++++++++++++++++++++++++++++++++++++++++++++++++++++
 Density and potential initialised from atomic data
 
 
++++++++++++++++++++++++++++++++++++++++++++++++++++++++++++++++++++++++++++++++
| SCF iteration number :    1                                                  +
++++++++++++++++++++++++++++++++++++++++++++++++++++++++++++++++++++++++++++++++
 Total energy                               :       -78.61760560
 _______________________________________________________________
 Fermi energy                               :         0.15517128
 Kinetic energy                             :        74.46686317
 Coulomb energy                             :      -142.11586703
 Exchange energy                            :       -10.54720942
 Correlation energy                         :        -0.42139231
 
 DOS at Fermi energy (states/Ha/cell)       :         0.74426159
 
 Electron charges :
     core                                   :         4.00000000
     core leakage                           :         0.00128649
     valence                                :         8.00000000
     interstitial                           :         4.44392347
     charge in muffin-tin spheres :
                  atom     1     C          :         3.77803826
                  atom     2     C          :         3.77803826
     total charge in muffin-tins            :         7.55607653
     total charge                           :        12.00000000
 
 Wall time (seconds)                        :       180.73
 
++++++++++++++++++++++++++++++++++++++++++++++++++++++++++++++++++++++++++++++++
| SCF iteration number :    2                                                  +
++++++++++++++++++++++++++++++++++++++++++++++++++++++++++++++++++++++++++++++++
 Total energy                               :       -77.72931137
 _______________________________________________________________
 Fermi energy                               :         0.18047133
 Kinetic energy                             :        75.07963772
 Coulomb energy                             :      -141.88102739
 Exchange energy                            :       -10.50565444
 Correlation energy                         :        -0.42226726
 
 DOS at Fermi energy (states/Ha/cell)       :         0.79192470
 
 Electron charges :
     core                                   :         4.00000000
     core leakage                           :         0.00130033
     valence                                :         8.00000000
     interstitial                           :         4.51349573
     charge in muffin-tin spheres :
                  atom     1     C          :         3.74325214
                  atom     2     C          :         3.74325214
     total charge in muffin-tins            :         7.48650427
     total charge                           :        12.00000000
 
 Wall time (seconds)                        :       359.44
 
 RMS change in effective potential (target) :   1.61661      ( 0.100000E-05)
 Absolute change in total energy   (target) :  0.888294      ( 0.100000E-06)
 Charge distance                   (target) :  0.139969E-01  ( 0.100000E-04)
 Abs. change in max-nonIBS-force   (target) :  0.609425E-01  ( 0.250000E-05)
 
++++++++++++++++++++++++++++++++++++++++++++++++++++++++++++++++++++++++++++++++
| SCF iteration number :    3                                                  +
++++++++++++++++++++++++++++++++++++++++++++++++++++++++++++++++++++++++++++++++
 Total energy                               :       -77.09985307
 _______________________________________________________________
 Fermi energy                               :         0.19767950
 Kinetic energy                             :        75.50977155
 Coulomb energy                             :      -141.71117634
 Exchange energy                            :       -10.47548924
 Correlation energy                         :        -0.42295904
 
 DOS at Fermi energy (states/Ha/cell)       :         0.83232927
 
 Electron charges :
     core                                   :         4.00000000
     core leakage                           :         0.00130932
     valence                                :         8.00000000
     interstitial                           :         4.56429444
     charge in muffin-tin spheres :
                  atom     1     C          :         3.71785278
                  atom     2     C          :         3.71785278
     total charge in muffin-tins            :         7.43570556
     total charge                           :        12.00000000
 
 Wall time (seconds)                        :       537.52
 
 RMS change in effective potential (target) :   1.19407      ( 0.100000E-05)
 Absolute change in total energy   (target) :  0.629458      ( 0.100000E-06)
 Charge distance                   (target) :  0.103370E-01  ( 0.100000E-04)
 Abs. change in max-nonIBS-force   (target) :  0.298330E-01  ( 0.250000E-05)
 
++++++++++++++++++++++++++++++++++++++++++++++++++++++++++++++++++++++++++++++++
| SCF iteration number :    4                                                  +
++++++++++++++++++++++++++++++++++++++++++++++++++++++++++++++++++++++++++++++++
 Total energy                               :       -76.83250677
 _______________________________________________________________
 Fermi energy                               :         0.20407107
 Kinetic energy                             :        75.70716893
 Coulomb energy                             :      -141.65666280
 Exchange energy                            :       -10.45960355
 Correlation energy                         :        -0.42340935
 
 DOS at Fermi energy (states/Ha/cell)       :         0.85824474
 
 Electron charges :
     core                                   :         4.00000000
     core leakage                           :         0.00130167
     valence                                :         8.00000000
     interstitial                           :         4.59593091
     charge in muffin-tin spheres :
                  atom     1     C          :         3.70203455
                  atom     2     C          :         3.70203455
     total charge in muffin-tins            :         7.40406909
     total charge                           :        12.00000000
 
 Wall time (seconds)                        :       715.73
 
 RMS change in effective potential (target) :  0.733278E-01  ( 0.100000E-05)
 Absolute change in total energy   (target) :  0.267346      ( 0.100000E-06)
 Charge distance                   (target) :  0.693947E-02  ( 0.100000E-04)
 Abs. change in max-nonIBS-force   (target) :  0.265582E-01  ( 0.250000E-05)
 
++++++++++++++++++++++++++++++++++++++++++++++++++++++++++++++++++++++++++++++++
| SCF iteration number :    5                                                  +
++++++++++++++++++++++++++++++++++++++++++++++++++++++++++++++++++++++++++++++++
 Total energy                               :       -75.90769975
 _______________________________________________________________
 Fermi energy                               :         0.22819620
 Kinetic energy                             :        76.31316272
 Coulomb energy                             :      -141.38036829
 Exchange energy                            :       -10.41600437
 Correlation energy                         :        -0.42448981
 
 DOS at Fermi energy (states/Ha/cell)       :         0.93081776
 
 Electron charges :
     core                                   :         4.00000000
     core leakage                           :         0.00132279
     valence                                :         8.00000000
     interstitial                           :         4.66619701
     charge in muffin-tin spheres :
                  atom     1     C          :         3.66690149
                  atom     2     C          :         3.66690149
     total charge in muffin-tins            :         7.33380299
     total charge                           :        12.00000000
 
 Wall time (seconds)                        :       893.83
 
 RMS change in effective potential (target) :  0.338039E-01  ( 0.100000E-05)
 Absolute change in total energy   (target) :  0.924807      ( 0.100000E-06)
 Charge distance                   (target) :  0.142144E-01  ( 0.100000E-04)
 Abs. change in max-nonIBS-force   (target) :  0.253377E-01  ( 0.250000E-05)
 
++++++++++++++++++++++++++++++++++++++++++++++++++++++++++++++++++++++++++++++++
| SCF iteration number :    6                                                  +
++++++++++++++++++++++++++++++++++++++++++++++++++++++++++++++++++++++++++++++++
 Total energy                               :       -76.20214324
 _______________________________________________________________
 Fermi energy                               :         0.22065606
 Kinetic energy                             :        76.12049156
 Coulomb energy                             :      -141.46849163
 Exchange energy                            :       -10.43000525
 Correlation energy                         :        -0.42413791
 
 DOS at Fermi energy (states/Ha/cell)       :         0.90580104
 
 Electron charges :
     core                                   :         4.00000000
     core leakage                           :         0.00131637
     valence                                :         8.00000000
     interstitial                           :         4.64355365
     charge in muffin-tin spheres :
                  atom     1     C          :         3.67822317
                  atom     2     C          :         3.67822317
     total charge in muffin-tins            :         7.35644635
     total charge                           :        12.00000000
 
 Wall time (seconds)                        :      1072.26
 
 RMS change in effective potential (target) :  0.662443E-03  ( 0.100000E-05)
 Absolute change in total energy   (target) :  0.294443      ( 0.100000E-06)
 Charge distance                   (target) :  0.462435E-02  ( 0.100000E-04)
 Abs. change in max-nonIBS-force   (target) :  0.104016E-01  ( 0.250000E-05)
 
++++++++++++++++++++++++++++++++++++++++++++++++++++++++++++++++++++++++++++++++
| SCF iteration number :    7                                                  +
++++++++++++++++++++++++++++++++++++++++++++++++++++++++++++++++++++++++++++++++
 Total energy                               :       -76.20139495
 _______________________________________________________________
 Fermi energy                               :         0.22067563
 Kinetic energy                             :        76.12138440
 Coulomb energy                             :      -141.46866890
 Exchange energy                            :       -10.42997386
 Correlation energy                         :        -0.42413659
 
 DOS at Fermi energy (states/Ha/cell)       :         0.90601713
 
 Electron charges :
     core                                   :         4.00000000
     core leakage                           :         0.00131628
     valence                                :         8.00000000
     interstitial                           :         4.64362459
     charge in muffin-tin spheres :
                  atom     1     C          :         3.67818771
                  atom     2     C          :         3.67818771
     total charge in muffin-tins            :         7.35637541
     total charge                           :        12.00000000
 
 Wall time (seconds)                        :      1251.62
 
 RMS change in effective potential (target) :  0.166973E-03  ( 0.100000E-05)
 Absolute change in total energy   (target) :  0.748293E-03  ( 0.100000E-06)
 Charge distance                   (target) :  0.380759E-04  ( 0.100000E-04)
 Abs. change in max-nonIBS-force   (target) :  0.161701E-03  ( 0.250000E-05)
 
++++++++++++++++++++++++++++++++++++++++++++++++++++++++++++++++++++++++++++++++
| SCF iteration number :    8                                                  +
++++++++++++++++++++++++++++++++++++++++++++++++++++++++++++++++++++++++++++++++
 Total energy                               :       -76.20239027
 _______________________________________________________________
 Fermi energy                               :         0.22064880
 Kinetic energy                             :        76.12063348
 Coulomb energy                             :      -141.46887071
 Exchange energy                            :       -10.43001715
 Correlation energy                         :        -0.42413589
 
 DOS at Fermi energy (states/Ha/cell)       :         0.90590121
 
 Electron charges :
     core                                   :         4.00000000
     core leakage                           :         0.00131628
     valence                                :         8.00000000
     interstitial                           :         4.64355063
     charge in muffin-tin spheres :
                  atom     1     C          :         3.67822469
                  atom     2     C          :         3.67822469
     total charge in muffin-tins            :         7.35644937
     total charge                           :        12.00000000
 
 Wall time (seconds)                        :      1431.33
 
 RMS change in effective potential (target) :  0.205126E-04  ( 0.100000E-05)
 Absolute change in total energy   (target) :  0.995324E-03  ( 0.100000E-06)
 Charge distance                   (target) :  0.177385E-04  ( 0.100000E-04)
 Abs. change in max-nonIBS-force   (target) :  0.578912E-04  ( 0.250000E-05)
 
++++++++++++++++++++++++++++++++++++++++++++++++++++++++++++++++++++++++++++++++
| SCF iteration number :    9                                                  +
++++++++++++++++++++++++++++++++++++++++++++++++++++++++++++++++++++++++++++++++
 Total energy                               :       -76.20225323
 _______________________________________________________________
 Fermi energy                               :         0.22065223
 Kinetic energy                             :        76.12072235
 Coulomb energy                             :      -141.46882871
 Exchange energy                            :       -10.43001082
 Correlation energy                         :        -0.42413605
 
 DOS at Fermi energy (states/Ha/cell)       :         0.90591384
 
 Electron charges :
     core                                   :         4.00000000
     core leakage                           :         0.00131628
     valence                                :         8.00000000
     interstitial                           :         4.64356070
     charge in muffin-tin spheres :
                  atom     1     C          :         3.67821965
                  atom     2     C          :         3.67821965
     total charge in muffin-tins            :         7.35643930
     total charge                           :        12.00000000
 
 Wall time (seconds)                        :      1608.56
 
 RMS change in effective potential (target) :  0.217577E-05  ( 0.100000E-05)
 Absolute change in total energy   (target) :  0.137036E-03  ( 0.100000E-06)
 Charge distance                   (target) :  0.241766E-05  ( 0.100000E-04)
 Abs. change in max-nonIBS-force   (target) :  0.115339E-04  ( 0.250000E-05)
 
++++++++++++++++++++++++++++++++++++++++++++++++++++++++++++++++++++++++++++++++
| SCF iteration number :   10                                                  +
++++++++++++++++++++++++++++++++++++++++++++++++++++++++++++++++++++++++++++++++
 Total energy                               :       -76.20224961
 _______________________________________________________________
 Fermi energy                               :         0.22065236
 Kinetic energy                             :        76.12072516
 Coulomb energy                             :      -141.46882809
 Exchange energy                            :       -10.43001063
 Correlation energy                         :        -0.42413605
 
 DOS at Fermi energy (states/Ha/cell)       :         0.90591342
 
 Electron charges :
     core                                   :         4.00000000
     core leakage                           :         0.00131628
     valence                                :         8.00000000
     interstitial                           :         4.64356107
     charge in muffin-tin spheres :
                  atom     1     C          :         3.67821946
                  atom     2     C          :         3.67821946
     total charge in muffin-tins            :         7.35643893
     total charge                           :        12.00000000
 
 Wall time (seconds)                        :      1786.49
 
 RMS change in effective potential (target) :  0.359543E-06  ( 0.100000E-05)
 Absolute change in total energy   (target) :  0.362639E-05  ( 0.100000E-06)
 Charge distance                   (target) :  0.468383E-06  ( 0.100000E-04)
 Abs. change in max-nonIBS-force   (target) :  0.760949E-05  ( 0.250000E-05)
 
++++++++++++++++++++++++++++++++++++++++++++++++++++++++++++++++++++++++++++++++
| SCF iteration number :   11                                                  +
++++++++++++++++++++++++++++++++++++++++++++++++++++++++++++++++++++++++++++++++
 Total energy                               :       -76.20224967
 _______________________________________________________________
 Fermi energy                               :         0.22065236
 Kinetic energy                             :        76.12072525
 Coulomb energy                             :      -141.46882823
 Exchange energy                            :       -10.43001064
 Correlation energy                         :        -0.42413605
 
 DOS at Fermi energy (states/Ha/cell)       :         0.90591351
 
 Electron charges :
     core                                   :         4.00000000
     core leakage                           :         0.00131628
     valence                                :         8.00000000
     interstitial                           :         4.64356106
     charge in muffin-tin spheres :
                  atom     1     C          :         3.67821947
                  atom     2     C          :         3.67821947
     total charge in muffin-tins            :         7.35643894
     total charge                           :        12.00000000
 
 Wall time (seconds)                        :      1964.60
 
 RMS change in effective potential (target) :  0.118773E-07  ( 0.100000E-05)
 Absolute change in total energy   (target) :  0.620871E-07  ( 0.100000E-06)
 Charge distance                   (target) :  0.392731E-07  ( 0.100000E-04)
 Abs. change in max-nonIBS-force   (target) :  0.689206E-06  ( 0.250000E-05)
 
++++++++++++++++++++++++++++++++++++++++++++++++++++++++++++++++++++++++++++++++
| Convergence targets achieved. Performing final SCF iteration                 +
++++++++++++++++++++++++++++++++++++++++++++++++++++++++++++++++++++++++++++++++
 Total energy                               :       -76.21033028
 _______________________________________________________________
 Fermi energy                               :         0.22065236
 Kinetic energy                             :        76.12072522
 Coulomb energy                             :      -141.46882824
 Exchange energy                            :       -10.43001064
 Correlation energy                         :        -0.42413605
 DFT-D2 dispersion correction               :        -0.00808056
 
 DOS at Fermi energy (states/Ha/cell)       :         0.90591351
 
 Electron charges :
     core                                   :         4.00000000
     core leakage                           :         0.00131628
     valence                                :         8.00000000
     interstitial                           :         4.64356106
     charge in muffin-tin spheres :
                  atom     1     C          :         3.67821947
                  atom     2     C          :         3.67821947
     total charge in muffin-tins            :         7.35643894
     total charge                           :        12.00000000
 
++++++++++++++++++++++++++++++++++++++++++++++++++++++++++++++++++++++++++++++++
| Self-consistent loop stopped                                                 +
++++++++++++++++++++++++++++++++++++++++++++++++++++++++++++++++++++++++++++++++
 STATE.OUT is written
 
--------------------------------------------------------------------------------
| Writing atomic positions and forces                                          -
--------------------------------------------------------------------------------
 
 Atomic positions (lattice) :
 atom     1   C  :     0.00000000    0.00000000    0.00000000
 atom     2   C  :     0.33333333    0.33333333    0.00000000
 
 Total atomic forces including IBS (cartesian) :
 atom     1   C  :     0.01909352    0.00252038    0.00000000
 atom     2   C  :    -0.01909352   -0.00252038    0.00000000
 
 Atomic force components including IBS (cartesian) :
 atom     1   C  :     0.00444863    0.00263953    0.00000000   HF force
                 :     0.01475909   -0.00006807    0.00000000   core correction
                 :     0.00004644   -0.00009070    0.00000000   IBS correction
                 :    -0.00016064    0.00003962    0.00000000   DFT-D2 force
 atom     2   C  :    -0.00444863   -0.00263953    0.00000000   HF force
                 :    -0.01475909    0.00006807    0.00000000   core correction
                 :    -0.00004644    0.00009070    0.00000000   IBS correction
                 :     0.00016064   -0.00003962    0.00000000   DFT-D2 force
 
********************************************************************************
| Groundstate module stopped                                                   *
********************************************************************************
 
********************************************************************************
| Structure-optimization module started                                        *
********************************************************************************
 Output level for this task is set to normal
 
 Maximum displacement tau_BFGS   is         :         0.3000
 Maximum displacement tau_newton is         :         0.8000
 
++++++++++++++++++++++++++++++++++++++++++++++++++++++++++++++++++++++++++++++++
| Use harmonic method for optimizing atomic positions                          +
++++++++++++++++++++++++++++++++++++++++++++++++++++++++++++++++++++++++++++++++
 
--------------------------------------------------------------------------------
| Optimization step 0: Initialize optimization                                 -
--------------------------------------------------------------------------------
 Maximum force magnitude           (target) :         0.01925915  (  0.00001000)
 Total energy at this optimization step     :       -76.21033028
 
 Atomic positions at this step (lattice) :
 atom     1   C  :     0.00000000    0.00000000    0.00000000
 atom     2   C  :     0.33333333    0.33333333    0.00000000
 
 Total atomic forces including IBS (cartesian) :
 atom     1   C  :     0.01909352    0.00252038    0.00000000
 atom     2   C  :    -0.01909352   -0.00252038    0.00000000
 
--------------------------------------------------------------------------------
| Optimization step    1    (method = harmonic)                                -
--------------------------------------------------------------------------------
 Number of scf iterations                   :        13  (full newton step)
 Maximum force magnitude           (target) :         0.00133552  (  0.00001000)
 Total energy at this optimization step     :       -76.21061849
 
 Atomic positions at this step (lattice) :
 atom     1   C  :     0.00000000    0.00000000    0.00000000
 atom     2   C  :     0.32600360    0.33940713    0.00000000
 
 Total atomic forces including IBS (cartesian) :
 atom     1   C  :    -0.00038814   -0.00127788    0.00000000
 atom     2   C  :     0.00038814    0.00127788    0.00000000
 
 Time spent in this optimization step       :      2459.43 seconds
 
--------------------------------------------------------------------------------
| Optimization step    2    (method = harmonic)                                -
--------------------------------------------------------------------------------
 Number of scf iterations                   :        12  (full harmonic step)
 Maximum force magnitude           (target) :         0.00041639  (  0.00001000)
 Total energy at this optimization step     :       -76.21061970
 
 Atomic positions at this step (lattice) :
 atom     1   C  :     0.00000000    0.00000000    0.00000000
 atom     2   C  :     0.32631926    0.33943849    0.00000000
 
 Total atomic forces including IBS (cartesian) :
 atom     1   C  :     0.00003425   -0.00041497    0.00000000
 atom     2   C  :    -0.00003425    0.00041497    0.00000000
 
 Time spent in this optimization step       :      2273.79 seconds
 
--------------------------------------------------------------------------------
| Optimization step    3    (method = harmonic)                                -
--------------------------------------------------------------------------------
 Number of scf iterations                   :        11  (full harmonic step)
 Maximum force magnitude           (target) :         0.00002513  (  0.00001000)
 Total energy at this optimization step     :       -76.21061983
 
 Atomic positions at this step (lattice) :
 atom     1   C  :     0.00000000    0.00000000    0.00000000
 atom     2   C  :     0.32639500    0.33952697    0.00000000
 
 Total atomic forces including IBS (cartesian) :
 atom     1   C  :     0.00002277   -0.00001064    0.00000000
 atom     2   C  :    -0.00002277    0.00001064    0.00000000
 
 Time spent in this optimization step       :      2090.62 seconds
 
--------------------------------------------------------------------------------
| Optimization step    4    (method = harmonic)                                -
--------------------------------------------------------------------------------
 Number of scf iterations                   :        11  (partial harmonic step)
 Maximum force magnitude           (target) :         0.00002265  (  0.00001000)
 Total energy at this optimization step     :       -76.21061982
 
 Atomic positions at this step (lattice) :
 atom     1   C  :     0.00000000    0.00000000    0.00000000
 atom     2   C  :     0.32638108    0.33954465    0.00000000
 
 Total atomic forces including IBS (cartesian) :
 atom     1   C  :    -0.00002255   -0.00000214    0.00000000
 atom     2   C  :     0.00002255    0.00000214    0.00000000
 
 Time spent in this optimization step       :      2093.72 seconds
 
--------------------------------------------------------------------------------
| Optimization step    5    (method = harmonic)                                -
--------------------------------------------------------------------------------
 Number of scf iterations                   :        10  (full harmonic step)
 Maximum force magnitude           (target) :         0.00000167  (  0.00001000)
 Total energy at this optimization step     :       -76.21061986
 
 Atomic positions at this step (lattice) :
 atom     1   C  :     0.00000000    0.00000000    0.00000000
 atom     2   C  :     0.32638972    0.33953738    0.00000000
 
 Total atomic forces including IBS (cartesian) :
 atom     1   C  :     0.00000039    0.00000162    0.00000000
 atom     2   C  :    -0.00000039   -0.00000162    0.00000000
 
 Time spent in this optimization step       :      1916.29 seconds
 
++++++++++++++++++++++++++++++++++++++++++++++++++++++++++++++++++++++++++++++++
| Force convergence target achieved                                            +
++++++++++++++++++++++++++++++++++++++++++++++++++++++++++++++++++++++++++++++++
 Total energy                               :       -76.21061986
 _______________________________________________________________
 Fermi energy                               :         0.22065798
 Kinetic energy                             :        76.11289461
 Coulomb energy                             :      -141.46261965
 Exchange energy                            :       -10.42866976
 Correlation energy                         :        -0.42414920
 DFT-D2 dispersion correction               :        -0.00807587
 
 DOS at Fermi energy (states/Ha/cell)       :         0.89981243
 
 Electron charges :
     core                                   :         4.00000000
     core leakage                           :         0.00131588
     valence                                :         8.00000000
     interstitial                           :         4.64749413
     charge in muffin-tin spheres :
                  atom     1     C          :         3.67625293
                  atom     2     C          :         3.67625293
     total charge in muffin-tins            :         7.35250587
     total charge                           :        12.00000000
 
 Optimized atomic positions (lattice) :
 atom     1   C  :     0.00000000    0.00000000    0.00000000
 atom     2   C  :     0.32638972    0.33953738    0.00000000
 
 Total atomic forces including IBS (cartesian) :
 atom     1   C  :     0.00000039    0.00000162    0.00000000
 atom     2   C  :    -0.00000039   -0.00000162    0.00000000
 
 Atomic force components including IBS (cartesian) :
 atom     1   C  :    -0.01514862   -0.00013000    0.00000000   HF force
                 :     0.01509726    0.00013125    0.00000000   core correction
                 :     0.00021020   -0.00005566    0.00000000   IBS correction
                 :    -0.00015845    0.00005603    0.00000000   DFT-D2 force
 atom     2   C  :     0.01514862    0.00013000    0.00000000   HF force
                 :    -0.01509726   -0.00013125    0.00000000   core correction
                 :    -0.00021020    0.00005566    0.00000000   IBS correction
                 :     0.00015845   -0.00005603    0.00000000   DFT-D2 force
 
********************************************************************************
| Structure-optimization module stopped                                        *
********************************************************************************
 
 Total time spent (seconds)                 :     13128.56
 
================================================================================
| EXCITING BORON stopped                                                       =
================================================================================
