================================================================================
| EXCITING BORON started                                                       =
| version hash id:                                                             =
| MPI version using     16 processor(s)                                        =
|                                                                              =
| Date (DD-MM-YYYY) : 12-08-2015                                               =
| Time (hh:mm:ss)   : 23:29:35                                                 =
|                                                                              =
| All units are atomic (Hartree, Bohr, etc.)                                   =
================================================================================
 
********************************************************************************
| Structural optimisation starting from atomic densities                       *
********************************************************************************
 
++++++++++++++++++++++++++++++++++++++++++++++++++++++++++++++++++++++++++++++++
| Starting initialization                                                      +
++++++++++++++++++++++++++++++++++++++++++++++++++++++++++++++++++++++++++++++++
 
 Lattice vectors (cartesian) :
      2.3957931338      4.0286664679      0.1209689643
     -2.3957931338      4.0286664679      0.1209689643
      0.0000000000      0.1973719775      6.5731394186
 
 Reciprocal lattice vectors (cartesian) :
      1.3112954575      0.7805132962     -0.0234365108
     -1.3112954575      0.7805132962     -0.0234365108
      0.0000000000     -0.0287283987      0.9567506617
 
 Unit cell volume                           :     126.7715272615
 Brillouin zone volume                      :       1.9566713346
 
 Species :    1 (C)
     parameters loaded from                 :    C.xml
     name                                   :    carbon
     nuclear charge                         :      -6.00000000
     electronic charge                      :       6.00000000
     atomic mass                            :   21894.16673000
     muffin-tin radius                      :       1.20000000
     # of radial points in muffin-tin       :     250
 
     atomic positions (lattice) :
       1 :   0.00000000  0.00000000  0.00000000
       2 :   0.33333333  0.33333333  0.00000000
 
 Total number of atoms per unit cell        :       2
 
 Spin treatment                             :    spin-unpolarised
 
 Number of Bravais lattice symmetries       :       4
 Number of crystal symmetries               :       4
 
 k-point grid                               :      34   34   24
 Total number of k-points                   :    7159
 k-point set is reduced with crystal symmetries
 
 R^MT_min * |G+k|_max (rgkmax)              :       8.00000000
 Species with R^MT_min                      :       1 (C)
 Maximum |G+k| for APW functions            :       6.66666667
 Maximum |G| for potential and density      :      20.00000000
 
 G-vector grid sizes                        :      30    30    45
 Total number of G-vectors                  :   17081
 
 Maximum angular momentum used for
     APW functions                          :       8
     computing H and O matrix elements      :       8
     potential and density                  :       8
     inner part of muffin-tin               :       2
 
 Total nuclear charge                       :     -12.00000000
 Total electronic charge                    :      12.00000000
 Total core charge                          :       4.00000000
 Total valence charge                       :       8.00000000
 
 Number of empty states                     :       5
 Total number of valence states             :      10
 
 Maximum Hamiltonian size                   :     658
 Maximum number of plane-waves              :     650
 Total number of local-orbitals             :       8
 
 Exchange-correlation type                  :      20
     Perdew-Burke-Ernzerhof, Phys. Rev. Lett. 77, 3865 (1996)
     Generalised gradient approximation (GGA)
 
 Smearing scheme                            :    Gaussian
 Smearing width                             :       0.01000000
 
 Using multisecant Broyden potential mixing
 
++++++++++++++++++++++++++++++++++++++++++++++++++++++++++++++++++++++++++++++++
| Ending initialization                                                        +
++++++++++++++++++++++++++++++++++++++++++++++++++++++++++++++++++++++++++++++++
 
********************************************************************************
| Groundstate module started                                                   *
********************************************************************************
 Output level for this task is set to normal
 
++++++++++++++++++++++++++++++++++++++++++++++++++++++++++++++++++++++++++++++++
| Self-consistent loop started                                                 +
++++++++++++++++++++++++++++++++++++++++++++++++++++++++++++++++++++++++++++++++
 Density and potential initialised from atomic data
 
 
++++++++++++++++++++++++++++++++++++++++++++++++++++++++++++++++++++++++++++++++
| SCF iteration number :    1                                                  +
++++++++++++++++++++++++++++++++++++++++++++++++++++++++++++++++++++++++++++++++
 Total energy                               :       -78.18480697
 _______________________________________________________________
 Fermi energy                               :         0.15514849
 Kinetic energy                             :        74.48288100
 Coulomb energy                             :      -141.78658807
 Exchange energy                            :       -10.46419956
 Correlation energy                         :        -0.41690034
 
 DOS at Fermi energy (states/Ha/cell)       :         1.03753809
 
 Electron charges :
     core                                   :         4.00000000
     core leakage                           :         0.00127983
     valence                                :         8.00000000
     interstitial                           :         4.60935331
     charge in muffin-tin spheres :
                  atom     1     C          :         3.69532334
                  atom     2     C          :         3.69532334
     total charge in muffin-tins            :         7.39064669
     total charge                           :        12.00000000
 
 Wall time (seconds)                        :       182.75
 
++++++++++++++++++++++++++++++++++++++++++++++++++++++++++++++++++++++++++++++++
| SCF iteration number :    2                                                  +
++++++++++++++++++++++++++++++++++++++++++++++++++++++++++++++++++++++++++++++++
 Total energy                               :       -77.45627911
 _______________________________________________________________
 Fermi energy                               :         0.17545152
 Kinetic energy                             :        74.97413242
 Coulomb energy                             :      -141.58411685
 Exchange energy                            :       -10.42851462
 Correlation energy                         :        -0.41778006
 
 DOS at Fermi energy (states/Ha/cell)       :         1.10942394
 
 Electron charges :
     core                                   :         4.00000000
     core leakage                           :         0.00129101
     valence                                :         8.00000000
     interstitial                           :         4.66891599
     charge in muffin-tin spheres :
                  atom     1     C          :         3.66554200
                  atom     2     C          :         3.66554200
     total charge in muffin-tins            :         7.33108401
     total charge                           :        12.00000000
 
 Wall time (seconds)                        :       365.17
 
 RMS change in effective potential (target) :   1.60250      ( 0.100000E-05)
 Absolute change in total energy   (target) :  0.728528      ( 0.100000E-06)
 Charge distance                   (target) :  0.122561E-01  ( 0.100000E-04)
 Abs. change in max-nonIBS-force   (target) :  0.300416E-01  ( 0.250000E-05)
 
++++++++++++++++++++++++++++++++++++++++++++++++++++++++++++++++++++++++++++++++
| SCF iteration number :    3                                                  +
++++++++++++++++++++++++++++++++++++++++++++++++++++++++++++++++++++++++++++++++
 Total energy                               :       -76.94136088
 _______________________________________________________________
 Fermi energy                               :         0.18931516
 Kinetic energy                             :        75.31850281
 Coulomb energy                             :      -141.43865481
 Exchange energy                            :       -10.40274233
 Correlation energy                         :        -0.41846656
 
 DOS at Fermi energy (states/Ha/cell)       :         1.16832667
 
 Electron charges :
     core                                   :         4.00000000
     core leakage                           :         0.00129814
     valence                                :         8.00000000
     interstitial                           :         4.71217136
     charge in muffin-tin spheres :
                  atom     1     C          :         3.64391432
                  atom     2     C          :         3.64391432
     total charge in muffin-tins            :         7.28782864
     total charge                           :        12.00000000
 
 Wall time (seconds)                        :       548.27
 
 RMS change in effective potential (target) :   1.18165      ( 0.100000E-05)
 Absolute change in total energy   (target) :  0.514918      ( 0.100000E-06)
 Charge distance                   (target) :  0.900754E-02  ( 0.100000E-04)
 Abs. change in max-nonIBS-force   (target) :  0.130802E-01  ( 0.250000E-05)
 
++++++++++++++++++++++++++++++++++++++++++++++++++++++++++++++++++++++++++++++++
| SCF iteration number :    4                                                  +
++++++++++++++++++++++++++++++++++++++++++++++++++++++++++++++++++++++++++++++++
 Total energy                               :       -76.72004426
 _______________________________________________________________
 Fermi energy                               :         0.19476930
 Kinetic energy                             :        75.48130216
 Coulomb energy                             :      -141.39357850
 Exchange energy                            :       -10.38886056
 Correlation energy                         :        -0.41890736
 
 DOS at Fermi energy (states/Ha/cell)       :         1.20781861
 
 Electron charges :
     core                                   :         4.00000000
     core leakage                           :         0.00129026
     valence                                :         8.00000000
     interstitial                           :         4.73967970
     charge in muffin-tin spheres :
                  atom     1     C          :         3.63016015
                  atom     2     C          :         3.63016015
     total charge in muffin-tins            :         7.26032030
     total charge                           :        12.00000000
 
 Wall time (seconds)                        :       730.98
 
 RMS change in effective potential (target) :  0.622222E-01  ( 0.100000E-05)
 Absolute change in total energy   (target) :  0.221317      ( 0.100000E-06)
 Charge distance                   (target) :  0.628228E-02  ( 0.100000E-04)
 Abs. change in max-nonIBS-force   (target) :  0.157441E-01  ( 0.250000E-05)
 
++++++++++++++++++++++++++++++++++++++++++++++++++++++++++++++++++++++++++++++++
| SCF iteration number :    5                                                  +
++++++++++++++++++++++++++++++++++++++++++++++++++++++++++++++++++++++++++++++++
 Total energy                               :       -75.94398941
 _______________________________________________________________
 Fermi energy                               :         0.21473721
 Kinetic energy                             :        75.97743034
 Coulomb energy                             :      -141.15044064
 Exchange energy                            :       -10.35099375
 Correlation energy                         :        -0.41998536
 
 DOS at Fermi energy (states/Ha/cell)       :         1.30446066
 
 Electron charges :
     core                                   :         4.00000000
     core leakage                           :         0.00130886
     valence                                :         8.00000000
     interstitial                           :         4.80049337
     charge in muffin-tin spheres :
                  atom     1     C          :         3.59975331
                  atom     2     C          :         3.59975331
     total charge in muffin-tins            :         7.19950663
     total charge                           :        12.00000000
 
 Wall time (seconds)                        :       913.54
 
 RMS change in effective potential (target) :  0.322151E-01  ( 0.100000E-05)
 Absolute change in total energy   (target) :  0.776055      ( 0.100000E-06)
 Charge distance                   (target) :  0.124861E-01  ( 0.100000E-04)
 Abs. change in max-nonIBS-force   (target) :  0.860742E-02  ( 0.250000E-05)
 
++++++++++++++++++++++++++++++++++++++++++++++++++++++++++++++++++++++++++++++++
| SCF iteration number :    6                                                  +
++++++++++++++++++++++++++++++++++++++++++++++++++++++++++++++++++++++++++++++++
 Total energy                               :       -76.20365953
 _______________________________________________________________
 Fermi energy                               :         0.20818845
 Kinetic energy                             :        75.81194219
 Coulomb energy                             :      -141.23220076
 Exchange energy                            :       -10.36378484
 Correlation energy                         :        -0.41961612
 
 DOS at Fermi energy (states/Ha/cell)       :         1.27024298
 
 Electron charges :
     core                                   :         4.00000000
     core leakage                           :         0.00130281
     valence                                :         8.00000000
     interstitial                           :         4.77991714
     charge in muffin-tin spheres :
                  atom     1     C          :         3.61004143
                  atom     2     C          :         3.61004143
     total charge in muffin-tins            :         7.22008286
     total charge                           :        12.00000000
 
 Wall time (seconds)                        :      1096.52
 
 RMS change in effective potential (target) :  0.575378E-03  ( 0.100000E-05)
 Absolute change in total energy   (target) :  0.259670      ( 0.100000E-06)
 Charge distance                   (target) :  0.425973E-02  ( 0.100000E-04)
 Abs. change in max-nonIBS-force   (target) :  0.488145E-02  ( 0.250000E-05)
 
++++++++++++++++++++++++++++++++++++++++++++++++++++++++++++++++++++++++++++++++
| SCF iteration number :    7                                                  +
++++++++++++++++++++++++++++++++++++++++++++++++++++++++++++++++++++++++++++++++
 Total energy                               :       -76.20501865
 _______________________________________________________________
 Fermi energy                               :         0.20814928
 Kinetic energy                             :        75.81131122
 Coulomb energy                             :      -141.23287045
 Exchange energy                            :       -10.36384643
 Correlation energy                         :        -0.41961299
 
 DOS at Fermi energy (states/Ha/cell)       :         1.27026341
 
 Electron charges :
     core                                   :         4.00000000
     core leakage                           :         0.00130270
     valence                                :         8.00000000
     interstitial                           :         4.77982982
     charge in muffin-tin spheres :
                  atom     1     C          :         3.61008509
                  atom     2     C          :         3.61008509
     total charge in muffin-tins            :         7.22017018
     total charge                           :        12.00000000
 
 Wall time (seconds)                        :      1279.00
 
 RMS change in effective potential (target) :  0.137647E-03  ( 0.100000E-05)
 Absolute change in total energy   (target) :  0.135912E-02  ( 0.100000E-06)
 Charge distance                   (target) :  0.196826E-04  ( 0.100000E-04)
 Abs. change in max-nonIBS-force   (target) :  0.780829E-04  ( 0.250000E-05)
 
++++++++++++++++++++++++++++++++++++++++++++++++++++++++++++++++++++++++++++++++
| SCF iteration number :    8                                                  +
++++++++++++++++++++++++++++++++++++++++++++++++++++++++++++++++++++++++++++++++
 Total energy                               :       -76.20556598
 _______________________________________________________________
 Fermi energy                               :         0.20813487
 Kinetic energy                             :        75.81089359
 Coulomb energy                             :      -141.23297551
 Exchange energy                            :       -10.36387156
 Correlation energy                         :        -0.41961251
 
 DOS at Fermi energy (states/Ha/cell)       :         1.27016054
 
 Electron charges :
     core                                   :         4.00000000
     core leakage                           :         0.00130270
     valence                                :         8.00000000
     interstitial                           :         4.77978629
     charge in muffin-tin spheres :
                  atom     1     C          :         3.61010686
                  atom     2     C          :         3.61010686
     total charge in muffin-tins            :         7.22021371
     total charge                           :        12.00000000
 
 Wall time (seconds)                        :      1461.54
 
 RMS change in effective potential (target) :  0.165799E-04  ( 0.100000E-05)
 Absolute change in total energy   (target) :  0.547333E-03  ( 0.100000E-06)
 Charge distance                   (target) :  0.108134E-04  ( 0.100000E-04)
 Abs. change in max-nonIBS-force   (target) :  0.198730E-04  ( 0.250000E-05)
 
++++++++++++++++++++++++++++++++++++++++++++++++++++++++++++++++++++++++++++++++
| SCF iteration number :    9                                                  +
++++++++++++++++++++++++++++++++++++++++++++++++++++++++++++++++++++++++++++++++
 Total energy                               :       -76.20543387
 _______________________________________________________________
 Fermi energy                               :         0.20813817
 Kinetic energy                             :        75.81097775
 Coulomb energy                             :      -141.23293377
 Exchange energy                            :       -10.36386516
 Correlation energy                         :        -0.41961269
 
 DOS at Fermi energy (states/Ha/cell)       :         1.27017772
 
 Electron charges :
     core                                   :         4.00000000
     core leakage                           :         0.00130270
     valence                                :         8.00000000
     interstitial                           :         4.77979655
     charge in muffin-tin spheres :
                  atom     1     C          :         3.61010172
                  atom     2     C          :         3.61010172
     total charge in muffin-tins            :         7.22020345
     total charge                           :        12.00000000
 
 Wall time (seconds)                        :      1643.95
 
 RMS change in effective potential (target) :  0.155902E-05  ( 0.100000E-05)
 Absolute change in total energy   (target) :  0.132111E-03  ( 0.100000E-06)
 Charge distance                   (target) :  0.214132E-05  ( 0.100000E-04)
 Abs. change in max-nonIBS-force   (target) :  0.284787E-05  ( 0.250000E-05)
 
++++++++++++++++++++++++++++++++++++++++++++++++++++++++++++++++++++++++++++++++
| SCF iteration number :   10                                                  +
++++++++++++++++++++++++++++++++++++++++++++++++++++++++++++++++++++++++++++++++
 Total energy                               :       -76.20543349
 _______________________________________________________________
 Fermi energy                               :         0.20813820
 Kinetic energy                             :        75.81097846
 Coulomb energy                             :      -141.23293412
 Exchange energy                            :       -10.36386514
 Correlation energy                         :        -0.41961269
 
 DOS at Fermi energy (states/Ha/cell)       :         1.27017756
 
 Electron charges :
     core                                   :         4.00000000
     core leakage                           :         0.00130270
     valence                                :         8.00000000
     interstitial                           :         4.77979660
     charge in muffin-tin spheres :
                  atom     1     C          :         3.61010170
                  atom     2     C          :         3.61010170
     total charge in muffin-tins            :         7.22020340
     total charge                           :        12.00000000
 
 Wall time (seconds)                        :      1826.92
 
 RMS change in effective potential (target) :  0.130075E-06  ( 0.100000E-05)
 Absolute change in total energy   (target) :  0.385474E-06  ( 0.100000E-06)
 Charge distance                   (target) :  0.199239E-06  ( 0.100000E-04)
 Abs. change in max-nonIBS-force   (target) :  0.252588E-05  ( 0.250000E-05)
 
++++++++++++++++++++++++++++++++++++++++++++++++++++++++++++++++++++++++++++++++
| SCF iteration number :   11                                                  +
++++++++++++++++++++++++++++++++++++++++++++++++++++++++++++++++++++++++++++++++
 Total energy                               :       -76.20543354
 _______________________________________________________________
 Fermi energy                               :         0.20813820
 Kinetic energy                             :        75.81097847
 Coulomb energy                             :      -141.23293417
 Exchange energy                            :       -10.36386515
 Correlation energy                         :        -0.41961269
 
 DOS at Fermi energy (states/Ha/cell)       :         1.27017765
 
 Electron charges :
     core                                   :         4.00000000
     core leakage                           :         0.00130270
     valence                                :         8.00000000
     interstitial                           :         4.77979659
     charge in muffin-tin spheres :
                  atom     1     C          :         3.61010170
                  atom     2     C          :         3.61010170
     total charge in muffin-tins            :         7.22020341
     total charge                           :        12.00000000
 
 Wall time (seconds)                        :      2009.73
 
 RMS change in effective potential (target) :  0.711543E-08  ( 0.100000E-05)
 Absolute change in total energy   (target) :  0.558172E-07  ( 0.100000E-06)
 Charge distance                   (target) :  0.482595E-07  ( 0.100000E-04)
 Abs. change in max-nonIBS-force   (target) :  0.802079E-06  ( 0.250000E-05)
 
++++++++++++++++++++++++++++++++++++++++++++++++++++++++++++++++++++++++++++++++
| Convergence targets achieved. Performing final SCF iteration                 +
++++++++++++++++++++++++++++++++++++++++++++++++++++++++++++++++++++++++++++++++
 Total energy                               :       -76.21372580
 _______________________________________________________________
 Fermi energy                               :         0.20813820
 Kinetic energy                             :        75.81097845
 Coulomb energy                             :      -141.23293418
 Exchange energy                            :       -10.36386515
 Correlation energy                         :        -0.41961269
 DFT-D2 dispersion correction               :        -0.00829223
 
 DOS at Fermi energy (states/Ha/cell)       :         1.27017765
 
 Electron charges :
     core                                   :         4.00000000
     core leakage                           :         0.00130270
     valence                                :         8.00000000
     interstitial                           :         4.77979659
     charge in muffin-tin spheres :
                  atom     1     C          :         3.61010170
                  atom     2     C          :         3.61010170
     total charge in muffin-tins            :         7.22020341
     total charge                           :        12.00000000
 
++++++++++++++++++++++++++++++++++++++++++++++++++++++++++++++++++++++++++++++++
| Self-consistent loop stopped                                                 +
++++++++++++++++++++++++++++++++++++++++++++++++++++++++++++++++++++++++++++++++
 STATE.OUT is written
 
--------------------------------------------------------------------------------
| Writing atomic positions and forces                                          -
--------------------------------------------------------------------------------
 
 Atomic positions (lattice) :
 atom     1   C  :     0.00000000    0.00000000    0.00000000
 atom     2   C  :     0.33333333    0.33333333    0.00000000
 
 Total atomic forces including IBS (cartesian) :
 atom     1   C  :     0.00000000   -0.00486953   -0.00015141
 atom     2   C  :     0.00000000    0.00486953    0.00015141
 
 Atomic force components including IBS (cartesian) :
 atom     1   C  :     0.00000000    0.00301672    0.00003552   HF force
                 :     0.00000000   -0.00789772   -0.00020452   core correction
                 :     0.00000000   -0.00012653    0.00001381   IBS correction
                 :     0.00000000    0.00013800    0.00000377   DFT-D2 force
 atom     2   C  :     0.00000000   -0.00301672   -0.00003552   HF force
                 :     0.00000000    0.00789772    0.00020452   core correction
                 :     0.00000000    0.00012653   -0.00001381   IBS correction
                 :     0.00000000   -0.00013800   -0.00000377   DFT-D2 force
 
********************************************************************************
| Groundstate module stopped                                                   *
********************************************************************************
 
********************************************************************************
| Structure-optimization module started                                        *
********************************************************************************
 Output level for this task is set to normal
 
 Maximum displacement tau_BFGS   is         :         0.3000
 Maximum displacement tau_newton is         :         0.8000
 
++++++++++++++++++++++++++++++++++++++++++++++++++++++++++++++++++++++++++++++++
| Use harmonic method for optimizing atomic positions                          +
++++++++++++++++++++++++++++++++++++++++++++++++++++++++++++++++++++++++++++++++
 
--------------------------------------------------------------------------------
| Optimization step 0: Initialize optimization                                 -
--------------------------------------------------------------------------------
 Maximum force magnitude           (target) :         0.00487188  (  0.00001000)
 Total energy at this optimization step     :       -76.21372580
 
 Atomic positions at this step (lattice) :
 atom     1   C  :     0.00000000    0.00000000    0.00000000
 atom     2   C  :     0.33333333    0.33333333    0.00000000
 
 Total atomic forces including IBS (cartesian) :
 atom     1   C  :     0.00000000   -0.00486953   -0.00015141
 atom     2   C  :     0.00000000    0.00486953    0.00015141
 
--------------------------------------------------------------------------------
| Optimization step    1    (method = harmonic)                                -
--------------------------------------------------------------------------------
 Number of scf iterations                   :        12  (full newton step)
 Maximum force magnitude           (target) :         0.00083226  (  0.00001000)
 Total energy at this optimization step     :       -76.21374740
 
 Atomic positions at this step (lattice) :
 atom     1   C  :     0.00000000    0.00000000    0.00000000
 atom     2   C  :     0.33430027    0.33430027    0.00000127
 
 Total atomic forces including IBS (cartesian) :
 atom     1   C  :     0.00000000   -0.00083176   -0.00002869
 atom     2   C  :     0.00000000    0.00083176    0.00002869
 
 Time spent in this optimization step       :      2363.03 seconds
 
--------------------------------------------------------------------------------
| Optimization step    2    (method = harmonic)                                -
--------------------------------------------------------------------------------
 Number of scf iterations                   :        11  (full harmonic step)
 Maximum force magnitude           (target) :         0.00000555  (  0.00001000)
 Total energy at this optimization step     :       -76.21374793
 
 Atomic positions at this step (lattice) :
 atom     1   C  :     0.00000000    0.00000000    0.00000000
 atom     2   C  :     0.33449944    0.33449944    0.00000255
 
 Total atomic forces including IBS (cartesian) :
 atom     1   C  :     0.00000000   -0.00000501   -0.00000239
 atom     2   C  :     0.00000000    0.00000501    0.00000239
 
 Time spent in this optimization step       :      2173.75 seconds
 
++++++++++++++++++++++++++++++++++++++++++++++++++++++++++++++++++++++++++++++++
| Force convergence target achieved                                            +
++++++++++++++++++++++++++++++++++++++++++++++++++++++++++++++++++++++++++++++++
 Total energy                               :       -76.21374793
 _______________________________________________________________
 Fermi energy                               :         0.20814108
 Kinetic energy                             :        75.80987140
 Coulomb energy                             :      -141.23204500
 Exchange energy                            :       -10.36366919
 Correlation energy                         :        -0.41961424
 DFT-D2 dispersion correction               :        -0.00829090
 
 DOS at Fermi energy (states/Ha/cell)       :         1.26681959
 
 Electron charges :
     core                                   :         4.00000000
     core leakage                           :         0.00130265
     valence                                :         8.00000000
     interstitial                           :         4.78034419
     charge in muffin-tin spheres :
                  atom     1     C          :         3.60982790
                  atom     2     C          :         3.60982790
     total charge in muffin-tins            :         7.21965581
     total charge                           :        12.00000000
 
 Optimized atomic positions (lattice) :
 atom     1   C  :     0.00000000    0.00000000    0.00000000
 atom     2   C  :     0.33449944    0.33449944    0.00000255
 
 Total atomic forces including IBS (cartesian) :
 atom     1   C  :     0.00000000   -0.00000501   -0.00000239
 atom     2   C  :     0.00000000    0.00000501    0.00000239
 
 Atomic force components including IBS (cartesian) :
 atom     1   C  :     0.00000000    0.00789294    0.00018360   HF force
                 :     0.00000000   -0.00787805   -0.00020340   core correction
                 :     0.00000000   -0.00016460    0.00001344   IBS correction
                 :     0.00000000    0.00014470    0.00000396   DFT-D2 force
 atom     2   C  :     0.00000000   -0.00789294   -0.00018360   HF force
                 :     0.00000000    0.00787805    0.00020340   core correction
                 :     0.00000000    0.00016460   -0.00001344   IBS correction
                 :     0.00000000   -0.00014470   -0.00000396   DFT-D2 force
 
********************************************************************************
| Structure-optimization module stopped                                        *
********************************************************************************
 
 Total time spent (seconds)                 :      6899.08
 
================================================================================
| EXCITING BORON stopped                                                       =
================================================================================
