================================================================================
| EXCITING BORON started                                                       =
| version hash id:                                                             =
| MPI version using     16 processor(s)                                        =
|                                                                              =
| Date (DD-MM-YYYY) : 12-08-2015                                               =
| Time (hh:mm:ss)   : 22:24:17                                                 =
|                                                                              =
| All units are atomic (Hartree, Bohr, etc.)                                   =
================================================================================
 
********************************************************************************
| Structural optimisation starting from atomic densities                       *
********************************************************************************
 
++++++++++++++++++++++++++++++++++++++++++++++++++++++++++++++++++++++++++++++++
| Starting initialization                                                      +
++++++++++++++++++++++++++++++++++++++++++++++++++++++++++++++++++++++++++++++++
 
 Lattice vectors (cartesian) :
      2.3730836816      4.0304822292      0.0000000000
     -2.3730836816      4.0304822292      0.0000000000
      0.0000000000      0.0000000000      6.5761020000
 
 Reciprocal lattice vectors (cartesian) :
      1.3238440254      0.7794582571      0.0000000000
     -1.3238440254      0.7794582571      0.0000000000
      0.0000000000      0.0000000000      0.9554573982
 
 Unit cell volume                           :     125.7965121706
 Brillouin zone volume                      :       1.9718369704
 
 Species :    1 (C)
     parameters loaded from                 :    C.xml
     name                                   :    carbon
     nuclear charge                         :      -6.00000000
     electronic charge                      :       6.00000000
     atomic mass                            :   21894.16673000
     muffin-tin radius                      :       1.20000000
     # of radial points in muffin-tin       :     250
 
     atomic positions (lattice) :
       1 :   0.00000000  0.00000000  0.00000000
       2 :   0.33333333  0.33333333  0.00000000
 
 Total number of atoms per unit cell        :       2
 
 Spin treatment                             :    spin-unpolarised
 
 Number of Bravais lattice symmetries       :       8
 Number of crystal symmetries               :       8
 
 k-point grid                               :      34   34   24
 Total number of k-points                   :    3991
 k-point set is reduced with crystal symmetries
 
 R^MT_min * |G+k|_max (rgkmax)              :       8.00000000
 Species with R^MT_min                      :       1 (C)
 Maximum |G+k| for APW functions            :       6.66666667
 Maximum |G| for potential and density      :      20.00000000
 
 G-vector grid sizes                        :      30    30    45
 Total number of G-vectors                  :   16987
 
 Maximum angular momentum used for
     APW functions                          :       8
     computing H and O matrix elements      :       8
     potential and density                  :       8
     inner part of muffin-tin               :       2
 
 Total nuclear charge                       :     -12.00000000
 Total electronic charge                    :      12.00000000
 Total core charge                          :       4.00000000
 Total valence charge                       :       8.00000000
 
 Number of empty states                     :       5
 Total number of valence states             :      10
 
 Maximum Hamiltonian size                   :     660
 Maximum number of plane-waves              :     652
 Total number of local-orbitals             :       8
 
 Exchange-correlation type                  :      20
     Perdew-Burke-Ernzerhof, Phys. Rev. Lett. 77, 3865 (1996)
     Generalised gradient approximation (GGA)
 
 Smearing scheme                            :    Gaussian
 Smearing width                             :       0.01000000
 
 Using multisecant Broyden potential mixing
 
++++++++++++++++++++++++++++++++++++++++++++++++++++++++++++++++++++++++++++++++
| Ending initialization                                                        +
++++++++++++++++++++++++++++++++++++++++++++++++++++++++++++++++++++++++++++++++
 
********************************************************************************
| Groundstate module started                                                   *
********************************************************************************
 Output level for this task is set to normal
 
++++++++++++++++++++++++++++++++++++++++++++++++++++++++++++++++++++++++++++++++
| Self-consistent loop started                                                 +
++++++++++++++++++++++++++++++++++++++++++++++++++++++++++++++++++++++++++++++++
 Density and potential initialised from atomic data
 
 
++++++++++++++++++++++++++++++++++++++++++++++++++++++++++++++++++++++++++++++++
| SCF iteration number :    1                                                  +
++++++++++++++++++++++++++++++++++++++++++++++++++++++++++++++++++++++++++++++++
 Total energy                               :       -78.24196696
 _______________________________________________________________
 Fermi energy                               :         0.15643023
 Kinetic energy                             :        74.48612536
 Coulomb energy                             :      -141.83409624
 Exchange energy                            :       -10.47639208
 Correlation energy                         :        -0.41760401
 
 DOS at Fermi energy (states/Ha/cell)       :         1.01665815
 
 Electron charges :
     core                                   :         4.00000000
     core leakage                           :         0.00128077
     valence                                :         8.00000000
     interstitial                           :         4.58582865
     charge in muffin-tin spheres :
                  atom     1     C          :         3.70708567
                  atom     2     C          :         3.70708567
     total charge in muffin-tins            :         7.41417135
     total charge                           :        12.00000000
 
 Wall time (seconds)                        :       102.32
 
++++++++++++++++++++++++++++++++++++++++++++++++++++++++++++++++++++++++++++++++
| SCF iteration number :    2                                                  +
++++++++++++++++++++++++++++++++++++++++++++++++++++++++++++++++++++++++++++++++
 Total energy                               :       -77.49324950
 _______________________________________________________________
 Fermi energy                               :         0.17731941
 Kinetic energy                             :        74.99233484
 Coulomb energy                             :      -141.62715648
 Exchange energy                            :       -10.43993688
 Correlation energy                         :        -0.41849098
 
 DOS at Fermi energy (states/Ha/cell)       :         1.08729075
 
 Electron charges :
     core                                   :         4.00000000
     core leakage                           :         0.00129232
     valence                                :         8.00000000
     interstitial                           :         4.64672406
     charge in muffin-tin spheres :
                  atom     1     C          :         3.67663797
                  atom     2     C          :         3.67663797
     total charge in muffin-tins            :         7.35327594
     total charge                           :        12.00000000
 
 Wall time (seconds)                        :       202.21
 
 RMS change in effective potential (target) :   1.60447      ( 0.100000E-05)
 Absolute change in total energy   (target) :  0.748717      ( 0.100000E-06)
 Charge distance                   (target) :  0.124810E-01  ( 0.100000E-04)
 Abs. change in max-nonIBS-force   (target) :  0.201168E-01  ( 0.250000E-05)
 
++++++++++++++++++++++++++++++++++++++++++++++++++++++++++++++++++++++++++++++++
| SCF iteration number :    3                                                  +
++++++++++++++++++++++++++++++++++++++++++++++++++++++++++++++++++++++++++++++++
 Total energy                               :       -76.96373487
 _______________________________________________________________
 Fermi energy                               :         0.19158034
 Kinetic energy                             :        75.34735098
 Coulomb energy                             :      -141.47831743
 Exchange energy                            :       -10.41358385
 Correlation energy                         :        -0.41918457
 
 DOS at Fermi energy (states/Ha/cell)       :         1.14528021
 
 Electron charges :
     core                                   :         4.00000000
     core leakage                           :         0.00129971
     valence                                :         8.00000000
     interstitial                           :         4.69099061
     charge in muffin-tin spheres :
                  atom     1     C          :         3.65450469
                  atom     2     C          :         3.65450469
     total charge in muffin-tins            :         7.30900939
     total charge                           :        12.00000000
 
 Wall time (seconds)                        :       302.23
 
 RMS change in effective potential (target) :   1.18339      ( 0.100000E-05)
 Absolute change in total energy   (target) :  0.529515      ( 0.100000E-06)
 Charge distance                   (target) :  0.918144E-02  ( 0.100000E-04)
 Abs. change in max-nonIBS-force   (target) :  0.887812E-02  ( 0.250000E-05)
 
++++++++++++++++++++++++++++++++++++++++++++++++++++++++++++++++++++++++++++++++
| SCF iteration number :    4                                                  +
++++++++++++++++++++++++++++++++++++++++++++++++++++++++++++++++++++++++++++++++
 Total energy                               :       -76.73474855
 _______________________________________________________________
 Fermi energy                               :         0.19719835
 Kinetic energy                             :        75.51564507
 Coulomb energy                             :      -141.43142533
 Exchange energy                            :       -10.39933480
 Correlation energy                         :        -0.41963348
 
 DOS at Fermi energy (states/Ha/cell)       :         1.18426388
 
 Electron charges :
     core                                   :         4.00000000
     core leakage                           :         0.00129188
     valence                                :         8.00000000
     interstitial                           :         4.71923811
     charge in muffin-tin spheres :
                  atom     1     C          :         3.64038095
                  atom     2     C          :         3.64038095
     total charge in muffin-tins            :         7.28076189
     total charge                           :        12.00000000
 
 Wall time (seconds)                        :       401.83
 
 RMS change in effective potential (target) :  0.637642E-01  ( 0.100000E-05)
 Absolute change in total energy   (target) :  0.228986      ( 0.100000E-06)
 Charge distance                   (target) :  0.640484E-02  ( 0.100000E-04)
 Abs. change in max-nonIBS-force   (target) :  0.106642E-01  ( 0.250000E-05)
 
++++++++++++++++++++++++++++++++++++++++++++++++++++++++++++++++++++++++++++++++
| SCF iteration number :    5                                                  +
++++++++++++++++++++++++++++++++++++++++++++++++++++++++++++++++++++++++++++++++
 Total energy                               :       -75.94100456
 _______________________________________________________________
 Fermi energy                               :         0.21761967
 Kinetic energy                             :        76.02456769
 Coulomb energy                             :      -141.18406577
 Exchange energy                            :       -10.36078750
 Correlation energy                         :        -0.42071898
 
 DOS at Fermi energy (states/Ha/cell)       :         1.28158860
 
 Electron charges :
     core                                   :         4.00000000
     core leakage                           :         0.00131084
     valence                                :         8.00000000
     interstitial                           :         4.78118264
     charge in muffin-tin spheres :
                  atom     1     C          :         3.60940868
                  atom     2     C          :         3.60940868
     total charge in muffin-tins            :         7.21881736
     total charge                           :        12.00000000
 
 Wall time (seconds)                        :       501.46
 
 RMS change in effective potential (target) :  0.324993E-01  ( 0.100000E-05)
 Absolute change in total energy   (target) :  0.793744      ( 0.100000E-06)
 Charge distance                   (target) :  0.126837E-01  ( 0.100000E-04)
 Abs. change in max-nonIBS-force   (target) :  0.639194E-02  ( 0.250000E-05)
 
++++++++++++++++++++++++++++++++++++++++++++++++++++++++++++++++++++++++++++++++
| SCF iteration number :    6                                                  +
++++++++++++++++++++++++++++++++++++++++++++++++++++++++++++++++++++++++++++++++
 Total energy                               :       -76.20474804
 _______________________________________________________________
 Fermi energy                               :         0.21096871
 Kinetic energy                             :        75.85593585
 Coulomb energy                             :      -141.26661735
 Exchange energy                            :       -10.37371660
 Correlation energy                         :        -0.42034995
 
 DOS at Fermi energy (states/Ha/cell)       :         1.24706502
 
 Electron charges :
     core                                   :         4.00000000
     core leakage                           :         0.00130473
     valence                                :         8.00000000
     interstitial                           :         4.76036289
     charge in muffin-tin spheres :
                  atom     1     C          :         3.61981856
                  atom     2     C          :         3.61981856
     total charge in muffin-tins            :         7.23963711
     total charge                           :        12.00000000
 
 Wall time (seconds)                        :       601.06
 
 RMS change in effective potential (target) :  0.585661E-03  ( 0.100000E-05)
 Absolute change in total energy   (target) :  0.263743      ( 0.100000E-06)
 Charge distance                   (target) :  0.429946E-02  ( 0.100000E-04)
 Abs. change in max-nonIBS-force   (target) :  0.329797E-02  ( 0.250000E-05)
 
++++++++++++++++++++++++++++++++++++++++++++++++++++++++++++++++++++++++++++++++
| SCF iteration number :    7                                                  +
++++++++++++++++++++++++++++++++++++++++++++++++++++++++++++++++++++++++++++++++
 Total energy                               :       -76.20588557
 _______________________________________________________________
 Fermi energy                               :         0.21093538
 Kinetic energy                             :        75.85546730
 Coulomb energy                             :      -141.26723812
 Exchange energy                            :       -10.37376772
 Correlation energy                         :        -0.42034704
 
 DOS at Fermi energy (states/Ha/cell)       :         1.24711735
 
 Electron charges :
     core                                   :         4.00000000
     core leakage                           :         0.00130462
     valence                                :         8.00000000
     interstitial                           :         4.76029358
     charge in muffin-tin spheres :
                  atom     1     C          :         3.61985321
                  atom     2     C          :         3.61985321
     total charge in muffin-tins            :         7.23970642
     total charge                           :        12.00000000
 
 Wall time (seconds)                        :       701.19
 
 RMS change in effective potential (target) :  0.146844E-03  ( 0.100000E-05)
 Absolute change in total energy   (target) :  0.113753E-02  ( 0.100000E-06)
 Charge distance                   (target) :  0.186756E-04  ( 0.100000E-04)
 Abs. change in max-nonIBS-force   (target) :  0.509613E-04  ( 0.250000E-05)
 
++++++++++++++++++++++++++++++++++++++++++++++++++++++++++++++++++++++++++++++++
| SCF iteration number :    8                                                  +
++++++++++++++++++++++++++++++++++++++++++++++++++++++++++++++++++++++++++++++++
 Total energy                               :       -76.20648217
 _______________________________________________________________
 Fermi energy                               :         0.21091967
 Kinetic energy                             :        75.85501293
 Coulomb energy                             :      -141.26735357
 Exchange energy                            :       -10.37379499
 Correlation energy                         :        -0.42034653
 
 DOS at Fermi energy (states/Ha/cell)       :         1.24700940
 
 Electron charges :
     core                                   :         4.00000000
     core leakage                           :         0.00130462
     valence                                :         8.00000000
     interstitial                           :         4.76024633
     charge in muffin-tin spheres :
                  atom     1     C          :         3.61987684
                  atom     2     C          :         3.61987684
     total charge in muffin-tins            :         7.23975367
     total charge                           :        12.00000000
 
 Wall time (seconds)                        :       800.89
 
 RMS change in effective potential (target) :  0.190347E-04  ( 0.100000E-05)
 Absolute change in total energy   (target) :  0.596597E-03  ( 0.100000E-06)
 Charge distance                   (target) :  0.115627E-04  ( 0.100000E-04)
 Abs. change in max-nonIBS-force   (target) :  0.132554E-04  ( 0.250000E-05)
 
++++++++++++++++++++++++++++++++++++++++++++++++++++++++++++++++++++++++++++++++
| SCF iteration number :    9                                                  +
++++++++++++++++++++++++++++++++++++++++++++++++++++++++++++++++++++++++++++++++
 Total energy                               :       -76.20634961
 _______________________________________________________________
 Fermi energy                               :         0.21092298
 Kinetic energy                             :        75.85509673
 Coulomb energy                             :      -141.26731105
 Exchange energy                            :       -10.37378857
 Correlation energy                         :        -0.42034671
 
 DOS at Fermi energy (states/Ha/cell)       :         1.24702572
 
 Electron charges :
     core                                   :         4.00000000
     core leakage                           :         0.00130463
     valence                                :         8.00000000
     interstitial                           :         4.76025660
     charge in muffin-tin spheres :
                  atom     1     C          :         3.61987170
                  atom     2     C          :         3.61987170
     total charge in muffin-tins            :         7.23974340
     total charge                           :        12.00000000
 
 Wall time (seconds)                        :       900.36
 
 RMS change in effective potential (target) :  0.157490E-05  ( 0.100000E-05)
 Absolute change in total energy   (target) :  0.132563E-03  ( 0.100000E-06)
 Charge distance                   (target) :  0.210302E-05  ( 0.100000E-04)
 Abs. change in max-nonIBS-force   (target) :  0.151806E-05  ( 0.250000E-05)
 
++++++++++++++++++++++++++++++++++++++++++++++++++++++++++++++++++++++++++++++++
| SCF iteration number :   10                                                  +
++++++++++++++++++++++++++++++++++++++++++++++++++++++++++++++++++++++++++++++++
 Total energy                               :       -76.20634970
 _______________________________________________________________
 Fermi energy                               :         0.21092299
 Kinetic energy                             :        75.85509715
 Coulomb energy                             :      -141.26731155
 Exchange energy                            :       -10.37378859
 Correlation energy                         :        -0.42034671
 
 DOS at Fermi energy (states/Ha/cell)       :         1.24702559
 
 Electron charges :
     core                                   :         4.00000000
     core leakage                           :         0.00130463
     valence                                :         8.00000000
     interstitial                           :         4.76025660
     charge in muffin-tin spheres :
                  atom     1     C          :         3.61987170
                  atom     2     C          :         3.61987170
     total charge in muffin-tins            :         7.23974340
     total charge                           :        12.00000000
 
 Wall time (seconds)                        :       999.97
 
 RMS change in effective potential (target) :  0.833961E-07  ( 0.100000E-05)
 Absolute change in total energy   (target) :  0.931475E-07  ( 0.100000E-06)
 Charge distance                   (target) :  0.148203E-06  ( 0.100000E-04)
 Abs. change in max-nonIBS-force   (target) :  0.174221E-05  ( 0.250000E-05)
 
++++++++++++++++++++++++++++++++++++++++++++++++++++++++++++++++++++++++++++++++
| Convergence targets achieved. Performing final SCF iteration                 +
++++++++++++++++++++++++++++++++++++++++++++++++++++++++++++++++++++++++++++++++
 Total energy                               :       -76.21464822
 _______________________________________________________________
 Fermi energy                               :         0.21092299
 Kinetic energy                             :        75.85509715
 Coulomb energy                             :      -141.26731157
 Exchange energy                            :       -10.37378859
 Correlation energy                         :        -0.42034671
 DFT-D2 dispersion correction               :        -0.00829850
 
 DOS at Fermi energy (states/Ha/cell)       :         1.24702567
 
 Electron charges :
     core                                   :         4.00000000
     core leakage                           :         0.00130463
     valence                                :         8.00000000
     interstitial                           :         4.76025659
     charge in muffin-tin spheres :
                  atom     1     C          :         3.61987170
                  atom     2     C          :         3.61987170
     total charge in muffin-tins            :         7.23974341
     total charge                           :        12.00000000
 
++++++++++++++++++++++++++++++++++++++++++++++++++++++++++++++++++++++++++++++++
| Self-consistent loop stopped                                                 +
++++++++++++++++++++++++++++++++++++++++++++++++++++++++++++++++++++++++++++++++
 STATE.OUT is written
 
--------------------------------------------------------------------------------
| Writing atomic positions and forces                                          -
--------------------------------------------------------------------------------
 
 Atomic positions (lattice) :
 atom     1   C  :     0.00000000    0.00000000    0.00000000
 atom     2   C  :     0.33333333    0.33333333    0.00000000
 
 Total atomic forces including IBS (cartesian) :
 atom     1   C  :     0.00000000   -0.00363473    0.00000000
 atom     2   C  :     0.00000000    0.00363473    0.00000000
 
 Atomic force components including IBS (cartesian) :
 atom     1   C  :     0.00000000    0.00160085    0.00000000   HF force
                 :     0.00000000   -0.00523102    0.00000000   core correction
                 :     0.00000000   -0.00009237    0.00000000   IBS correction
                 :     0.00000000    0.00008781    0.00000000   DFT-D2 force
 atom     2   C  :     0.00000000   -0.00160085    0.00000000   HF force
                 :     0.00000000    0.00523102    0.00000000   core correction
                 :     0.00000000    0.00009237    0.00000000   IBS correction
                 :     0.00000000   -0.00008781    0.00000000   DFT-D2 force
 
********************************************************************************
| Groundstate module stopped                                                   *
********************************************************************************
 
********************************************************************************
| Structure-optimization module started                                        *
********************************************************************************
 Output level for this task is set to normal
 
 Maximum displacement tau_BFGS   is         :         0.3000
 Maximum displacement tau_newton is         :         0.8000
 
++++++++++++++++++++++++++++++++++++++++++++++++++++++++++++++++++++++++++++++++
| Use harmonic method for optimizing atomic positions                          +
++++++++++++++++++++++++++++++++++++++++++++++++++++++++++++++++++++++++++++++++
 
--------------------------------------------------------------------------------
| Optimization step 0: Initialize optimization                                 -
--------------------------------------------------------------------------------
 Maximum force magnitude           (target) :         0.00363473  (  0.00001000)
 Total energy at this optimization step     :       -76.21464822
 
 Atomic positions at this step (lattice) :
 atom     1   C  :     0.00000000    0.00000000    0.00000000
 atom     2   C  :     0.33333333    0.33333333    0.00000000
 
 Total atomic forces including IBS (cartesian) :
 atom     1   C  :     0.00000000   -0.00363473    0.00000000
 atom     2   C  :     0.00000000    0.00363473    0.00000000
 
--------------------------------------------------------------------------------
| Optimization step    1    (method = harmonic)                                -
--------------------------------------------------------------------------------
 Number of scf iterations                   :        11  (full newton step)
 Maximum force magnitude           (target) :         0.00055167  (  0.00001000)
 Total energy at this optimization step     :       -76.21466009
 
 Atomic positions at this step (lattice) :
 atom     1   C  :     0.00000000    0.00000000    0.00000000
 atom     2   C  :     0.33405478    0.33405478    0.00000000
 
 Total atomic forces including IBS (cartesian) :
 atom     1   C  :     0.00000000   -0.00055167    0.00000000
 atom     2   C  :     0.00000000    0.00055167    0.00000000
 
 Time spent in this optimization step       :      1173.79 seconds
 
--------------------------------------------------------------------------------
| Optimization step    2    (method = harmonic)                                -
--------------------------------------------------------------------------------
 Number of scf iterations                   :        11  (full harmonic step)
 Maximum force magnitude           (target) :         0.00000242  (  0.00001000)
 Total energy at this optimization step     :       -76.21466034
 
 Atomic positions at this step (lattice) :
 atom     1   C  :     0.00000000    0.00000000    0.00000000
 atom     2   C  :     0.33418387    0.33418387    0.00000000
 
 Total atomic forces including IBS (cartesian) :
 atom     1   C  :     0.00000000   -0.00000242    0.00000000
 atom     2   C  :     0.00000000    0.00000242    0.00000000
 
 Time spent in this optimization step       :      1166.25 seconds
 
++++++++++++++++++++++++++++++++++++++++++++++++++++++++++++++++++++++++++++++++
| Force convergence target achieved                                            +
++++++++++++++++++++++++++++++++++++++++++++++++++++++++++++++++++++++++++++++++
 Total energy                               :       -76.21466034
 _______________________________________________________________
 Fermi energy                               :         0.21092405
 Kinetic energy                             :        75.85455151
 Coulomb energy                             :      -141.26687396
 Exchange energy                            :       -10.37369252
 Correlation energy                         :        -0.42034750
 DFT-D2 dispersion correction               :        -0.00829788
 
 DOS at Fermi energy (states/Ha/cell)       :         1.24450294
 
 Electron charges :
     core                                   :         4.00000000
     core leakage                           :         0.00130460
     valence                                :         8.00000000
     interstitial                           :         4.76052710
     charge in muffin-tin spheres :
                  atom     1     C          :         3.61973645
                  atom     2     C          :         3.61973645
     total charge in muffin-tins            :         7.23947290
     total charge                           :        12.00000000
 
 Optimized atomic positions (lattice) :
 atom     1   C  :     0.00000000    0.00000000    0.00000000
 atom     2   C  :     0.33418387    0.33418387    0.00000000
 
 Total atomic forces including IBS (cartesian) :
 atom     1   C  :     0.00000000   -0.00000242    0.00000000
 atom     2   C  :     0.00000000    0.00000242    0.00000000
 
 Atomic force components including IBS (cartesian) :
 atom     1   C  :     0.00000000    0.00525037    0.00000000   HF force
                 :     0.00000000   -0.00522409    0.00000000   core correction
                 :     0.00000000   -0.00012097    0.00000000   IBS correction
                 :     0.00000000    0.00009226    0.00000000   DFT-D2 force
 atom     2   C  :     0.00000000   -0.00525037    0.00000000   HF force
                 :     0.00000000    0.00522409    0.00000000   core correction
                 :     0.00000000    0.00012097    0.00000000   IBS correction
                 :     0.00000000   -0.00009226    0.00000000   DFT-D2 force
 
********************************************************************************
| Structure-optimization module stopped                                        *
********************************************************************************
 
 Total time spent (seconds)                 :      3518.85
 
================================================================================
| EXCITING BORON stopped                                                       =
================================================================================
