- name: A Prometheus postgres_exporter monitoring dbserver.example.net:5444
  dalibo.pglift.postgres_exporter:
    name: app
    port: 9188
    dsn: host=dbserver.example.net port=5444 user=monitor
    password: '{{ monitor_role_password }}'
