- name: A DBA role
  dalibo.pglift.role:
    name: dba
    pgpass: true
    login: true
    connection_limit: 10
    valid_until: 2025-01-01T00:00
    memberships:
      - role: pg_read_all_stats
        state: present
      - role: pg_signal_backend
        state: present
