================================================================================
| EXCITING BORON started                                                       =
| version hash id:                                                             =
| MPI version using     16 processor(s)                                        =
|                                                                              =
| Date (DD-MM-YYYY) : 13-08-2015                                               =
| Time (hh:mm:ss)   : 00:08:25                                                 =
|                                                                              =
| All units are atomic (Hartree, Bohr, etc.)                                   =
================================================================================
 
********************************************************************************
| Structural optimisation starting from atomic densities                       *
********************************************************************************
 
++++++++++++++++++++++++++++++++++++++++++++++++++++++++++++++++++++++++++++++++
| Starting initialization                                                      +
++++++++++++++++++++++++++++++++++++++++++++++++++++++++++++++++++++++++++++++++
 
 Lattice vectors (cartesian) :
      2.5277690203      4.0139906304      0.3642337426
     -2.5277690203      4.0139906304      0.3642337426
      0.0000000000      0.5942808098      6.5491944416
 
 Reciprocal lattice vectors (cartesian) :
      1.2428321687      0.7891585678     -0.0716090806
     -1.2428321687      0.7891585678     -0.0716090806
      0.0000000000     -0.0877781783      0.9673480075
 
 Unit cell volume                           :     131.8077249137
 Brillouin zone volume                      :       1.8819095285
 
 Species :    1 (C)
     parameters loaded from                 :    C.xml
     name                                   :    carbon
     nuclear charge                         :      -6.00000000
     electronic charge                      :       6.00000000
     atomic mass                            :   21894.16673000
     muffin-tin radius                      :       1.20000000
     # of radial points in muffin-tin       :     250
 
     atomic positions (lattice) :
       1 :   0.00000000  0.00000000  0.00000000
       2 :   0.33333333  0.33333333  0.00000000
 
 Total number of atoms per unit cell        :       2
 
 Spin treatment                             :    spin-unpolarised
 
 Number of Bravais lattice symmetries       :       4
 Number of crystal symmetries               :       4
 
 k-point grid                               :      34   34   24
 Total number of k-points                   :    7159
 k-point set is reduced with crystal symmetries
 
 R^MT_min * |G+k|_max (rgkmax)              :       8.00000000
 Species with R^MT_min                      :       1 (C)
 Maximum |G+k| for APW functions            :       6.66666667
 Maximum |G| for potential and density      :      20.00000000
 
 G-vector grid sizes                        :      32    32    45
 Total number of G-vectors                  :   17759
 
 Maximum angular momentum used for
     APW functions                          :       8
     computing H and O matrix elements      :       8
     potential and density                  :       8
     inner part of muffin-tin               :       2
 
 Total nuclear charge                       :     -12.00000000
 Total electronic charge                    :      12.00000000
 Total core charge                          :       4.00000000
 Total valence charge                       :       8.00000000
 
 Number of empty states                     :       5
 Total number of valence states             :      10
 
 Maximum Hamiltonian size                   :     686
 Maximum number of plane-waves              :     678
 Total number of local-orbitals             :       8
 
 Exchange-correlation type                  :      20
     Perdew-Burke-Ernzerhof, Phys. Rev. Lett. 77, 3865 (1996)
     Generalised gradient approximation (GGA)
 
 Smearing scheme                            :    Gaussian
 Smearing width                             :       0.01000000
 
 Using multisecant Broyden potential mixing
 
++++++++++++++++++++++++++++++++++++++++++++++++++++++++++++++++++++++++++++++++
| Ending initialization                                                        +
++++++++++++++++++++++++++++++++++++++++++++++++++++++++++++++++++++++++++++++++
 
********************************************************************************
| Groundstate module started                                                   *
********************************************************************************
 Output level for this task is set to normal
 
++++++++++++++++++++++++++++++++++++++++++++++++++++++++++++++++++++++++++++++++
| Self-consistent loop started                                                 +
++++++++++++++++++++++++++++++++++++++++++++++++++++++++++++++++++++++++++++++++
 Density and potential initialised from atomic data
 
 
++++++++++++++++++++++++++++++++++++++++++++++++++++++++++++++++++++++++++++++++
| SCF iteration number :    1                                                  +
++++++++++++++++++++++++++++++++++++++++++++++++++++++++++++++++++++++++++++++++
 Total energy                               :       -77.87867480
 _______________________________________________________________
 Fermi energy                               :         0.15004710
 Kinetic energy                             :        74.47145428
 Coulomb energy                             :      -141.53821418
 Exchange energy                            :       -10.39886152
 Correlation energy                         :        -0.41305339
 
 DOS at Fermi energy (states/Ha/cell)       :         1.12194206
 
 Electron charges :
     core                                   :         4.00000000
     core leakage                           :         0.00127506
     valence                                :         8.00000000
     interstitial                           :         4.73127397
     charge in muffin-tin spheres :
                  atom     1     C          :         3.63436302
                  atom     2     C          :         3.63436302
     total charge in muffin-tins            :         7.26872603
     total charge                           :        12.00000000
 
 Wall time (seconds)                        :       202.59
 
++++++++++++++++++++++++++++++++++++++++++++++++++++++++++++++++++++++++++++++++
| SCF iteration number :    2                                                  +
++++++++++++++++++++++++++++++++++++++++++++++++++++++++++++++++++++++++++++++++
 Total energy                               :       -77.25531876
 _______________________________________________________________
 Fermi energy                               :         0.16730743
 Kinetic energy                             :        74.88508100
 Coulomb energy                             :      -141.35934110
 Exchange energy                            :       -10.36716418
 Correlation energy                         :        -0.41389448
 
 DOS at Fermi energy (states/Ha/cell)       :         1.17150065
 
 Electron charges :
     core                                   :         4.00000000
     core leakage                           :         0.00128427
     valence                                :         8.00000000
     interstitial                           :         4.78392832
     charge in muffin-tin spheres :
                  atom     1     C          :         3.60803584
                  atom     2     C          :         3.60803584
     total charge in muffin-tins            :         7.21607168
     total charge                           :        12.00000000
 
 Wall time (seconds)                        :       401.66
 
 RMS change in effective potential (target) :   1.54033      ( 0.100000E-05)
 Absolute change in total energy   (target) :  0.623356      ( 0.100000E-06)
 Charge distance                   (target) :  0.111151E-01  ( 0.100000E-04)
 Abs. change in max-nonIBS-force   (target) :  0.873241E-01  ( 0.250000E-05)
 
++++++++++++++++++++++++++++++++++++++++++++++++++++++++++++++++++++++++++++++++
| SCF iteration number :    3                                                  +
++++++++++++++++++++++++++++++++++++++++++++++++++++++++++++++++++++++++++++++++
 Total energy                               :       -76.81676399
 _______________________________________________________________
 Fermi energy                               :         0.17909530
 Kinetic energy                             :        75.17410679
 Coulomb energy                             :      -141.23189930
 Exchange energy                            :       -10.34442985
 Correlation energy                         :        -0.41454163
 
 DOS at Fermi energy (states/Ha/cell)       :         1.21167830
 
 Electron charges :
     core                                   :         4.00000000
     core leakage                           :         0.00129002
     valence                                :         8.00000000
     interstitial                           :         4.82194275
     charge in muffin-tin spheres :
                  atom     1     C          :         3.58902863
                  atom     2     C          :         3.58902863
     total charge in muffin-tins            :         7.17805725
     total charge                           :        12.00000000
 
 Wall time (seconds)                        :       601.40
 
 RMS change in effective potential (target) :   1.13437      ( 0.100000E-05)
 Absolute change in total energy   (target) :  0.438555      ( 0.100000E-06)
 Charge distance                   (target) :  0.811628E-02  ( 0.100000E-04)
 Abs. change in max-nonIBS-force   (target) :  0.354505E-01  ( 0.250000E-05)
 
++++++++++++++++++++++++++++++++++++++++++++++++++++++++++++++++++++++++++++++++
| SCF iteration number :    4                                                  +
++++++++++++++++++++++++++++++++++++++++++++++++++++++++++++++++++++++++++++++++
 Total energy                               :       -76.63578594
 _______________________________________________________________
 Fermi energy                               :         0.18366973
 Kinetic energy                             :        75.30796718
 Coulomb energy                             :      -141.19628765
 Exchange energy                            :       -10.33253148
 Correlation energy                         :        -0.41493400
 
 DOS at Fermi energy (states/Ha/cell)       :         1.23911348
 
 Electron charges :
     core                                   :         4.00000000
     core leakage                           :         0.00128201
     valence                                :         8.00000000
     interstitial                           :         4.84549108
     charge in muffin-tin spheres :
                  atom     1     C          :         3.57725446
                  atom     2     C          :         3.57725446
     total charge in muffin-tins            :         7.15450892
     total charge                           :        12.00000000
 
 Wall time (seconds)                        :       800.81
 
 RMS change in effective potential (target) :  0.523216E-01  ( 0.100000E-05)
 Absolute change in total energy   (target) :  0.180978      ( 0.100000E-06)
 Charge distance                   (target) :  0.561230E-02  ( 0.100000E-04)
 Abs. change in max-nonIBS-force   (target) :  0.427212E-01  ( 0.250000E-05)
 
++++++++++++++++++++++++++++++++++++++++++++++++++++++++++++++++++++++++++++++++
| SCF iteration number :    5                                                  +
++++++++++++++++++++++++++++++++++++++++++++++++++++++++++++++++++++++++++++++++
 Total energy                               :       -75.95719319
 _______________________________________________________________
 Fermi energy                               :         0.20113902
 Kinetic energy                             :        75.73369089
 Coulomb energy                             :      -140.97654784
 Exchange energy                            :       -10.29836401
 Correlation energy                         :        -0.41597223
 
 DOS at Fermi energy (states/Ha/cell)       :         1.30407017
 
 Electron charges :
     core                                   :         4.00000000
     core leakage                           :         0.00129854
     valence                                :         8.00000000
     interstitial                           :         4.90017376
     charge in muffin-tin spheres :
                  atom     1     C          :         3.54991312
                  atom     2     C          :         3.54991312
     total charge in muffin-tins            :         7.09982624
     total charge                           :        12.00000000
 
 Wall time (seconds)                        :      1000.68
 
 RMS change in effective potential (target) :  0.291511E-01  ( 0.100000E-05)
 Absolute change in total energy   (target) :  0.678593      ( 0.100000E-06)
 Charge distance                   (target) :  0.114400E-01  ( 0.100000E-04)
 Abs. change in max-nonIBS-force   (target) :  0.105756E-01  ( 0.250000E-05)
 
++++++++++++++++++++++++++++++++++++++++++++++++++++++++++++++++++++++++++++++++
| SCF iteration number :    6                                                  +
++++++++++++++++++++++++++++++++++++++++++++++++++++++++++++++++++++++++++++++++
 Total energy                               :       -76.19133208
 _______________________________________________________________
 Fermi energy                               :         0.19522777
 Kinetic energy                             :        75.58752385
 Coulomb energy                             :      -141.05298600
 Exchange energy                            :       -10.31026488
 Correlation energy                         :        -0.41560506
 
 DOS at Fermi energy (states/Ha/cell)       :         1.28038534
 
 Electron charges :
     core                                   :         4.00000000
     core leakage                           :         0.00129293
     valence                                :         8.00000000
     interstitial                           :         4.88111793
     charge in muffin-tin spheres :
                  atom     1     C          :         3.55944104
                  atom     2     C          :         3.55944104
     total charge in muffin-tins            :         7.11888207
     total charge                           :        12.00000000
 
 Wall time (seconds)                        :      1201.83
 
 RMS change in effective potential (target) :  0.449911E-03  ( 0.100000E-05)
 Absolute change in total energy   (target) :  0.234139      ( 0.100000E-06)
 Charge distance                   (target) :  0.401127E-02  ( 0.100000E-04)
 Abs. change in max-nonIBS-force   (target) :  0.133955E-01  ( 0.250000E-05)
 
++++++++++++++++++++++++++++++++++++++++++++++++++++++++++++++++++++++++++++++++
| SCF iteration number :    7                                                  +
++++++++++++++++++++++++++++++++++++++++++++++++++++++++++++++++++++++++++++++++
 Total energy                               :       -76.19389898
 _______________________________________________________________
 Fermi energy                               :         0.19515685
 Kinetic energy                             :        75.58603410
 Coulomb energy                             :      -141.05394497
 Exchange energy                            :       -10.31038760
 Correlation energy                         :        -0.41560050
 
 DOS at Fermi energy (states/Ha/cell)       :         1.28025226
 
 Electron charges :
     core                                   :         4.00000000
     core leakage                           :         0.00129282
     valence                                :         8.00000000
     interstitial                           :         4.88092660
     charge in muffin-tin spheres :
                  atom     1     C          :         3.55953670
                  atom     2     C          :         3.55953670
     total charge in muffin-tins            :         7.11907340
     total charge                           :        12.00000000
 
 Wall time (seconds)                        :      1401.37
 
 RMS change in effective potential (target) :  0.983905E-04  ( 0.100000E-05)
 Absolute change in total energy   (target) :  0.256690E-02  ( 0.100000E-06)
 Charge distance                   (target) :  0.411303E-04  ( 0.100000E-04)
 Abs. change in max-nonIBS-force   (target) :  0.255495E-03  ( 0.250000E-05)
 
++++++++++++++++++++++++++++++++++++++++++++++++++++++++++++++++++++++++++++++++
| SCF iteration number :    8                                                  +
++++++++++++++++++++++++++++++++++++++++++++++++++++++++++++++++++++++++++++++++
 Total energy                               :       -76.19409123
 _______________________________________________________________
 Fermi energy                               :         0.19515180
 Kinetic energy                             :        75.58586683
 Coulomb energy                             :      -141.05396182
 Exchange energy                            :       -10.31039586
 Correlation energy                         :        -0.41560038
 
 DOS at Fermi energy (states/Ha/cell)       :         1.28021405
 
 Electron charges :
     core                                   :         4.00000000
     core leakage                           :         0.00129282
     valence                                :         8.00000000
     interstitial                           :         4.88091127
     charge in muffin-tin spheres :
                  atom     1     C          :         3.55954436
                  atom     2     C          :         3.55954436
     total charge in muffin-tins            :         7.11908873
     total charge                           :        12.00000000
 
 Wall time (seconds)                        :      1600.89
 
 RMS change in effective potential (target) :  0.708275E-05  ( 0.100000E-05)
 Absolute change in total energy   (target) :  0.192259E-03  ( 0.100000E-06)
 Charge distance                   (target) :  0.785467E-05  ( 0.100000E-04)
 Abs. change in max-nonIBS-force   (target) :  0.640606E-04  ( 0.250000E-05)
 
++++++++++++++++++++++++++++++++++++++++++++++++++++++++++++++++++++++++++++++++
| SCF iteration number :    9                                                  +
++++++++++++++++++++++++++++++++++++++++++++++++++++++++++++++++++++++++++++++++
 Total energy                               :       -76.19396932
 _______________________________________________________________
 Fermi energy                               :         0.19515483
 Kinetic energy                             :        75.58594817
 Coulomb energy                             :      -141.05392692
 Exchange energy                            :       -10.31039002
 Correlation energy                         :        -0.41560055
 
 DOS at Fermi energy (states/Ha/cell)       :         1.28022812
 
 Electron charges :
     core                                   :         4.00000000
     core leakage                           :         0.00129283
     valence                                :         8.00000000
     interstitial                           :         4.88092082
     charge in muffin-tin spheres :
                  atom     1     C          :         3.55953959
                  atom     2     C          :         3.55953959
     total charge in muffin-tins            :         7.11907918
     total charge                           :        12.00000000
 
 Wall time (seconds)                        :      1800.91
 
 RMS change in effective potential (target) :  0.222991E-05  ( 0.100000E-05)
 Absolute change in total energy   (target) :  0.121917E-03  ( 0.100000E-06)
 Charge distance                   (target) :  0.272162E-05  ( 0.100000E-04)
 Abs. change in max-nonIBS-force   (target) :  0.193338E-04  ( 0.250000E-05)
 
++++++++++++++++++++++++++++++++++++++++++++++++++++++++++++++++++++++++++++++++
| SCF iteration number :   10                                                  +
++++++++++++++++++++++++++++++++++++++++++++++++++++++++++++++++++++++++++++++++
 Total energy                               :       -76.19396390
 _______________________________________________________________
 Fermi energy                               :         0.19515499
 Kinetic energy                             :        75.58595242
 Coulomb energy                             :      -141.05392603
 Exchange energy                            :       -10.31038974
 Correlation energy                         :        -0.41560055
 
 DOS at Fermi energy (states/Ha/cell)       :         1.28022887
 
 Electron charges :
     core                                   :         4.00000000
     core leakage                           :         0.00129283
     valence                                :         8.00000000
     interstitial                           :         4.88092133
     charge in muffin-tin spheres :
                  atom     1     C          :         3.55953934
                  atom     2     C          :         3.55953934
     total charge in muffin-tins            :         7.11907867
     total charge                           :        12.00000000
 
 Wall time (seconds)                        :      2001.27
 
 RMS change in effective potential (target) :  0.821062E-07  ( 0.100000E-05)
 Absolute change in total energy   (target) :  0.541259E-05  ( 0.100000E-06)
 Charge distance                   (target) :  0.332658E-06  ( 0.100000E-04)
 Abs. change in max-nonIBS-force   (target) :  0.463529E-05  ( 0.250000E-05)
 
++++++++++++++++++++++++++++++++++++++++++++++++++++++++++++++++++++++++++++++++
| SCF iteration number :   11                                                  +
++++++++++++++++++++++++++++++++++++++++++++++++++++++++++++++++++++++++++++++++
 Total energy                               :       -76.19396462
 _______________________________________________________________
 Fermi energy                               :         0.19515497
 Kinetic energy                             :        75.58595197
 Coulomb energy                             :      -141.05392625
 Exchange energy                            :       -10.31038978
 Correlation energy                         :        -0.41560055
 
 DOS at Fermi energy (states/Ha/cell)       :         1.28022879
 
 Electron charges :
     core                                   :         4.00000000
     core leakage                           :         0.00129283
     valence                                :         8.00000000
     interstitial                           :         4.88092126
     charge in muffin-tin spheres :
                  atom     1     C          :         3.55953937
                  atom     2     C          :         3.55953937
     total charge in muffin-tins            :         7.11907874
     total charge                           :        12.00000000
 
 Wall time (seconds)                        :      2200.14
 
 RMS change in effective potential (target) :  0.824915E-08  ( 0.100000E-05)
 Absolute change in total energy   (target) :  0.710785E-06  ( 0.100000E-06)
 Charge distance                   (target) :  0.304379E-07  ( 0.100000E-04)
 Abs. change in max-nonIBS-force   (target) :  0.441455E-06  ( 0.250000E-05)
 
++++++++++++++++++++++++++++++++++++++++++++++++++++++++++++++++++++++++++++++++
| SCF iteration number :   12                                                  +
++++++++++++++++++++++++++++++++++++++++++++++++++++++++++++++++++++++++++++++++
 Total energy                               :       -76.19396465
 _______________________________________________________________
 Fermi energy                               :         0.19515497
 Kinetic energy                             :        75.58595195
 Coulomb energy                             :      -141.05392626
 Exchange energy                            :       -10.31038978
 Correlation energy                         :        -0.41560055
 
 DOS at Fermi energy (states/Ha/cell)       :         1.28022879
 
 Electron charges :
     core                                   :         4.00000000
     core leakage                           :         0.00129283
     valence                                :         8.00000000
     interstitial                           :         4.88092126
     charge in muffin-tin spheres :
                  atom     1     C          :         3.55953937
                  atom     2     C          :         3.55953937
     total charge in muffin-tins            :         7.11907874
     total charge                           :        12.00000000
 
 Wall time (seconds)                        :      2400.08
 
 RMS change in effective potential (target) :  0.212113E-07  ( 0.100000E-05)
 Absolute change in total energy   (target) :  0.302479E-07  ( 0.100000E-06)
 Charge distance                   (target) :  0.548537E-09  ( 0.100000E-04)
 Abs. change in max-nonIBS-force   (target) :  0.262428E-08  ( 0.250000E-05)
 
++++++++++++++++++++++++++++++++++++++++++++++++++++++++++++++++++++++++++++++++
| Convergence targets achieved. Performing final SCF iteration                 +
++++++++++++++++++++++++++++++++++++++++++++++++++++++++++++++++++++++++++++++++
 Total energy                               :       -76.20232196
 _______________________________________________________________
 Fermi energy                               :         0.19515497
 Kinetic energy                             :        75.58595195
 Coulomb energy                             :      -141.05392626
 Exchange energy                            :       -10.31038978
 Correlation energy                         :        -0.41560055
 DFT-D2 dispersion correction               :        -0.00835731
 
 DOS at Fermi energy (states/Ha/cell)       :         1.28022879
 
 Electron charges :
     core                                   :         4.00000000
     core leakage                           :         0.00129283
     valence                                :         8.00000000
     interstitial                           :         4.88092126
     charge in muffin-tin spheres :
                  atom     1     C          :         3.55953937
                  atom     2     C          :         3.55953937
     total charge in muffin-tins            :         7.11907874
     total charge                           :        12.00000000
 
++++++++++++++++++++++++++++++++++++++++++++++++++++++++++++++++++++++++++++++++
| Self-consistent loop stopped                                                 +
++++++++++++++++++++++++++++++++++++++++++++++++++++++++++++++++++++++++++++++++
 STATE.OUT is written
 
--------------------------------------------------------------------------------
| Writing atomic positions and forces                                          -
--------------------------------------------------------------------------------
 
 Atomic positions (lattice) :
 atom     1   C  :     0.00000000    0.00000000    0.00000000
 atom     2   C  :     0.33333333    0.33333333    0.00000000
 
 Total atomic forces including IBS (cartesian) :
 atom     1   C  :     0.00000000   -0.00599789   -0.00060492
 atom     2   C  :     0.00000000    0.00599789    0.00060492
 
 Atomic force components including IBS (cartesian) :
 atom     1   C  :     0.00000000    0.01788073    0.00157323   HF force
                 :     0.00000000   -0.02397494   -0.00219674   core correction
                 :     0.00000000   -0.00035397   -0.00002098   IBS correction
                 :     0.00000000    0.00045030    0.00003957   DFT-D2 force
 atom     2   C  :     0.00000000   -0.01788073   -0.00157323   HF force
                 :     0.00000000    0.02397494    0.00219674   core correction
                 :     0.00000000    0.00035397    0.00002098   IBS correction
                 :     0.00000000   -0.00045030   -0.00003957   DFT-D2 force
 
********************************************************************************
| Groundstate module stopped                                                   *
********************************************************************************
 
********************************************************************************
| Structure-optimization module started                                        *
********************************************************************************
 Output level for this task is set to normal
 
 Maximum displacement tau_BFGS   is         :         0.3000
 Maximum displacement tau_newton is         :         0.8000
 
++++++++++++++++++++++++++++++++++++++++++++++++++++++++++++++++++++++++++++++++
| Use harmonic method for optimizing atomic positions                          +
++++++++++++++++++++++++++++++++++++++++++++++++++++++++++++++++++++++++++++++++
 
--------------------------------------------------------------------------------
| Optimization step 0: Initialize optimization                                 -
--------------------------------------------------------------------------------
 Maximum force magnitude           (target) :         0.00602832  (  0.00001000)
 Total energy at this optimization step     :       -76.20232196
 
 Atomic positions at this step (lattice) :
 atom     1   C  :     0.00000000    0.00000000    0.00000000
 atom     2   C  :     0.33333333    0.33333333    0.00000000
 
 Total atomic forces including IBS (cartesian) :
 atom     1   C  :     0.00000000   -0.00599789   -0.00060492
 atom     2   C  :     0.00000000    0.00599789    0.00060492
 
--------------------------------------------------------------------------------
| Optimization step    1    (method = harmonic)                                -
--------------------------------------------------------------------------------
 Number of scf iterations                   :        12  (full newton step)
 Maximum force magnitude           (target) :         0.00158464  (  0.00001000)
 Total energy at this optimization step     :       -76.20235701
 
 Atomic positions at this step (lattice) :
 atom     1   C  :     0.00000000    0.00000000    0.00000000
 atom     2   C  :     0.33452762    0.33452762    0.00001494
 
 Total atomic forces including IBS (cartesian) :
 atom     1   C  :     0.00000000   -0.00157341   -0.00018828
 atom     2   C  :     0.00000000    0.00157341    0.00018828
 
 Time spent in this optimization step       :      2560.44 seconds
 
--------------------------------------------------------------------------------
| Optimization step    2    (method = harmonic)                                -
--------------------------------------------------------------------------------
 Number of scf iterations                   :        11  (full harmonic step)
 Maximum force magnitude           (target) :         0.00002834  (  0.00001000)
 Total energy at this optimization step     :       -76.20235918
 
 Atomic positions at this step (lattice) :
 atom     1   C  :     0.00000000    0.00000000    0.00000000
 atom     2   C  :     0.33495127    0.33495127    0.00003461
 
 Total atomic forces including IBS (cartesian) :
 atom     1   C  :     0.00000000   -0.00001196   -0.00002569
 atom     2   C  :     0.00000000    0.00001196    0.00002569
 
 Time spent in this optimization step       :      2337.32 seconds
 
--------------------------------------------------------------------------------
| Optimization step    3    (method = harmonic)                                -
--------------------------------------------------------------------------------
 Number of scf iterations                   :        10  (full harmonic step)
 Maximum force magnitude           (target) :         0.00001349  (  0.00001000)
 Total energy at this optimization step     :       -76.20235919
 
 Atomic positions at this step (lattice) :
 atom     1   C  :     0.00000000    0.00000000    0.00000000
 atom     2   C  :     0.33495376    0.33495376    0.00004488
 
 Total atomic forces including IBS (cartesian) :
 atom     1   C  :     0.00000000    0.00000167   -0.00001339
 atom     2   C  :     0.00000000   -0.00000167    0.00001339
 
 Time spent in this optimization step       :      2134.29 seconds
 
--------------------------------------------------------------------------------
| Optimization step    4    (method = harmonic)                                -
--------------------------------------------------------------------------------
 Number of scf iterations                   :        10  (partial harmonic step)
 Maximum force magnitude           (target) :         0.00000640  (  0.00001000)
 Total energy at this optimization step     :       -76.20235918
 
 Atomic positions at this step (lattice) :
 atom     1   C  :     0.00000000    0.00000000    0.00000000
 atom     2   C  :     0.33495287    0.33495287    0.00005152
 
 Total atomic forces including IBS (cartesian) :
 atom     1   C  :     0.00000000    0.00000133   -0.00000626
 atom     2   C  :     0.00000000   -0.00000133    0.00000626
 
 Time spent in this optimization step       :      2133.80 seconds
 
++++++++++++++++++++++++++++++++++++++++++++++++++++++++++++++++++++++++++++++++
| Force convergence target achieved                                            +
++++++++++++++++++++++++++++++++++++++++++++++++++++++++++++++++++++++++++++++++
 Total energy                               :       -76.20235918
 _______________________________________________________________
 Fermi energy                               :         0.19517498
 Kinetic energy                             :        75.58167009
 Coulomb energy                             :      -141.05046472
 Exchange energy                            :       -10.30960780
 Correlation energy                         :        -0.41560543
 DFT-D2 dispersion correction               :        -0.00835131
 
 DOS at Fermi energy (states/Ha/cell)       :         1.28165922
 
 Electron charges :
     core                                   :         4.00000000
     core leakage                           :         0.00129262
     valence                                :         8.00000000
     interstitial                           :         4.88301983
     charge in muffin-tin spheres :
                  atom     1     C          :         3.55849009
                  atom     2     C          :         3.55849009
     total charge in muffin-tins            :         7.11698017
     total charge                           :        12.00000000
 
 Optimized atomic positions (lattice) :
 atom     1   C  :     0.00000000    0.00000000    0.00000000
 atom     2   C  :     0.33495287    0.33495287    0.00005152
 
 Total atomic forces including IBS (cartesian) :
 atom     1   C  :     0.00000000    0.00000133   -0.00000626
 atom     2   C  :     0.00000000   -0.00000133    0.00000626
 
 Atomic force components including IBS (cartesian) :
 atom     1   C  :     0.00000000    0.02383255    0.00214588   HF force
                 :     0.00000000   -0.02388973   -0.00216736   core correction
                 :     0.00000000   -0.00040242   -0.00002500   IBS correction
                 :     0.00000000    0.00046093    0.00004022   DFT-D2 force
 atom     2   C  :     0.00000000   -0.02383255   -0.00214588   HF force
                 :     0.00000000    0.02388973    0.00216736   core correction
                 :     0.00000000    0.00040242    0.00002500   IBS correction
                 :     0.00000000   -0.00046093   -0.00004022   DFT-D2 force
 
********************************************************************************
| Structure-optimization module stopped                                        *
********************************************************************************
 
 Total time spent (seconds)                 :     11947.86
 
================================================================================
| EXCITING BORON stopped                                                       =
================================================================================
