================================================================================
| EXCITING BORON started                                                       =
| version hash id:                                                             =
| MPI version using     16 processor(s)                                        =
|                                                                              =
| Date (DD-MM-YYYY) : 12-08-2015                                               =
| Time (hh:mm:ss)   : 23:04:42                                                 =
|                                                                              =
| All units are atomic (Hartree, Bohr, etc.)                                   =
================================================================================
 
********************************************************************************
| Structural optimisation starting from atomic densities                       *
********************************************************************************
 
++++++++++++++++++++++++++++++++++++++++++++++++++++++++++++++++++++++++++++++++
| Starting initialization                                                      +
++++++++++++++++++++++++++++++++++++++++++++++++++++++++++++++++++++++++++++++++
 
 Lattice vectors (cartesian) :
      2.2561102056      4.0286664679     -0.1209689643
     -2.2561102056      4.0286664679     -0.1209689643
      0.0000000000     -0.1973719775      6.5731394186
 
 Reciprocal lattice vectors (cartesian) :
      1.3924819123      0.7805132962      0.0234365108
     -1.3924819123      0.7805132962      0.0234365108
      0.0000000000      0.0287283987      0.9567506617
 
 Unit cell volume                           :     119.3803139359
 Brillouin zone volume                      :       2.0778150540
 
 Species :    1 (C)
     parameters loaded from                 :    C.xml
     name                                   :    carbon
     nuclear charge                         :      -6.00000000
     electronic charge                      :       6.00000000
     atomic mass                            :   21894.16673000
     muffin-tin radius                      :       1.20000000
     # of radial points in muffin-tin       :     250
 
     atomic positions (lattice) :
       1 :   0.00000000  0.00000000  0.00000000
       2 :   0.33333333  0.33333333  0.00000000
 
 Total number of atoms per unit cell        :       2
 
 Spin treatment                             :    spin-unpolarised
 
 Number of Bravais lattice symmetries       :       4
 Number of crystal symmetries               :       4
 
 k-point grid                               :      34   34   24
 Total number of k-points                   :    7159
 k-point set is reduced with crystal symmetries
 
 R^MT_min * |G+k|_max (rgkmax)              :       8.00000000
 Species with R^MT_min                      :       1 (C)
 Maximum |G+k| for APW functions            :       6.66666667
 Maximum |G| for potential and density      :      20.00000000
 
 G-vector grid sizes                        :      30    30    45
 Total number of G-vectors                  :   16129
 
 Maximum angular momentum used for
     APW functions                          :       8
     computing H and O matrix elements      :       8
     potential and density                  :       8
     inner part of muffin-tin               :       2
 
 Total nuclear charge                       :     -12.00000000
 Total electronic charge                    :      12.00000000
 Total core charge                          :       4.00000000
 Total valence charge                       :       8.00000000
 
 Number of empty states                     :       5
 Total number of valence states             :      10
 
 Maximum Hamiltonian size                   :     623
 Maximum number of plane-waves              :     615
 Total number of local-orbitals             :       8
 
 Exchange-correlation type                  :      20
     Perdew-Burke-Ernzerhof, Phys. Rev. Lett. 77, 3865 (1996)
     Generalised gradient approximation (GGA)
 
 Smearing scheme                            :    Gaussian
 Smearing width                             :       0.01000000
 
 Using multisecant Broyden potential mixing
 
++++++++++++++++++++++++++++++++++++++++++++++++++++++++++++++++++++++++++++++++
| Ending initialization                                                        +
++++++++++++++++++++++++++++++++++++++++++++++++++++++++++++++++++++++++++++++++
 
********************************************************************************
| Groundstate module started                                                   *
********************************************************************************
 Output level for this task is set to normal
 
++++++++++++++++++++++++++++++++++++++++++++++++++++++++++++++++++++++++++++++++
| Self-consistent loop started                                                 +
++++++++++++++++++++++++++++++++++++++++++++++++++++++++++++++++++++++++++++++++
 Density and potential initialised from atomic data
 
 
++++++++++++++++++++++++++++++++++++++++++++++++++++++++++++++++++++++++++++++++
| SCF iteration number :    1                                                  +
++++++++++++++++++++++++++++++++++++++++++++++++++++++++++++++++++++++++++++++++
 Total energy                               :       -78.54199205
 _______________________________________________________________
 Fermi energy                               :         0.16882641
 Kinetic energy                             :        74.52507302
 Coulomb energy                             :      -142.10191364
 Exchange energy                            :       -10.54366576
 Correlation energy                         :        -0.42148568
 
 DOS at Fermi energy (states/Ha/cell)       :         0.82951149
 
 Electron charges :
     core                                   :         4.00000000
     core leakage                           :         0.00128625
     valence                                :         8.00000000
     interstitial                           :         4.45176051
     charge in muffin-tin spheres :
                  atom     1     C          :         3.77411974
                  atom     2     C          :         3.77411974
     total charge in muffin-tins            :         7.54823949
     total charge                           :        12.00000000
 
 Wall time (seconds)                        :       161.59
 
++++++++++++++++++++++++++++++++++++++++++++++++++++++++++++++++++++++++++++++++
| SCF iteration number :    2                                                  +
++++++++++++++++++++++++++++++++++++++++++++++++++++++++++++++++++++++++++++++++
 Total energy                               :       -77.68442698
 _______________________________________________________________
 Fermi energy                               :         0.19278047
 Kinetic energy                             :        75.11088674
 Coulomb energy                             :      -141.87000626
 Exchange energy                            :       -10.50287270
 Correlation energy                         :        -0.42243475
 
 DOS at Fermi energy (states/Ha/cell)       :         0.90042014
 
 Electron charges :
     core                                   :         4.00000000
     core leakage                           :         0.00129995
     valence                                :         8.00000000
     interstitial                           :         4.52016746
     charge in muffin-tin spheres :
                  atom     1     C          :         3.73991627
                  atom     2     C          :         3.73991627
     total charge in muffin-tins            :         7.47983254
     total charge                           :        12.00000000
 
 Wall time (seconds)                        :       320.36
 
 RMS change in effective potential (target) :   1.61583      ( 0.100000E-05)
 Absolute change in total energy   (target) :  0.857565      ( 0.100000E-06)
 Charge distance                   (target) :  0.137490E-01  ( 0.100000E-04)
 Abs. change in max-nonIBS-force   (target) :  0.306225E-01  ( 0.250000E-05)
 
++++++++++++++++++++++++++++++++++++++++++++++++++++++++++++++++++++++++++++++++
| SCF iteration number :    3                                                  +
++++++++++++++++++++++++++++++++++++++++++++++++++++++++++++++++++++++++++++++++
 Total energy                               :       -77.07628408
 _______________________________________________________________
 Fermi energy                               :         0.20909260
 Kinetic energy                             :        75.52220831
 Coulomb energy                             :      -141.70206322
 Exchange energy                            :       -10.47324339
 Correlation energy                         :        -0.42318579
 
 DOS at Fermi energy (states/Ha/cell)       :         0.95690724
 
 Electron charges :
     core                                   :         4.00000000
     core leakage                           :         0.00130886
     valence                                :         8.00000000
     interstitial                           :         4.57013501
     charge in muffin-tin spheres :
                  atom     1     C          :         3.71493250
                  atom     2     C          :         3.71493250
     total charge in muffin-tins            :         7.42986499
     total charge                           :        12.00000000
 
 Wall time (seconds)                        :       478.60
 
 RMS change in effective potential (target) :   1.19346      ( 0.100000E-05)
 Absolute change in total energy   (target) :  0.608143      ( 0.100000E-06)
 Charge distance                   (target) :  0.101598E-01  ( 0.100000E-04)
 Abs. change in max-nonIBS-force   (target) :  0.146369E-01  ( 0.250000E-05)
 
++++++++++++++++++++++++++++++++++++++++++++++++++++++++++++++++++++++++++++++++
| SCF iteration number :    4                                                  +
++++++++++++++++++++++++++++++++++++++++++++++++++++++++++++++++++++++++++++++++
 Total energy                               :       -76.80740361
 _______________________________________________________________
 Fermi energy                               :         0.21543142
 Kinetic energy                             :        75.71856699
 Coulomb energy                             :      -141.64530394
 Exchange energy                            :       -10.45698268
 Correlation energy                         :        -0.42368398
 
 DOS at Fermi energy (states/Ha/cell)       :         0.99362598
 
 Electron charges :
     core                                   :         4.00000000
     core leakage                           :         0.00130133
     valence                                :         8.00000000
     interstitial                           :         4.60241111
     charge in muffin-tin spheres :
                  atom     1     C          :         3.69879444
                  atom     2     C          :         3.69879444
     total charge in muffin-tins            :         7.39758889
     total charge                           :        12.00000000
 
 Wall time (seconds)                        :       636.98
 
 RMS change in effective potential (target) :  0.725141E-01  ( 0.100000E-05)
 Absolute change in total energy   (target) :  0.268880      ( 0.100000E-06)
 Charge distance                   (target) :  0.706612E-02  ( 0.100000E-04)
 Abs. change in max-nonIBS-force   (target) :  0.146047E-01  ( 0.250000E-05)
 
++++++++++++++++++++++++++++++++++++++++++++++++++++++++++++++++++++++++++++++++
| SCF iteration number :    5                                                  +
++++++++++++++++++++++++++++++++++++++++++++++++++++++++++++++++++++++++++++++++
 Total energy                               :       -75.92211528
 _______________________________________________________________
 Fermi energy                               :         0.23810239
 Kinetic energy                             :        76.29254373
 Coulomb energy                             :      -141.37507365
 Exchange energy                            :       -10.41474695
 Correlation energy                         :        -0.42483840
 
 DOS at Fermi energy (states/Ha/cell)       :         1.07821383
 
 Electron charges :
     core                                   :         4.00000000
     core leakage                           :         0.00132226
     valence                                :         8.00000000
     interstitial                           :         4.67066333
     charge in muffin-tin spheres :
                  atom     1     C          :         3.66466833
                  atom     2     C          :         3.66466833
     total charge in muffin-tins            :         7.32933667
     total charge                           :        12.00000000
 
 Wall time (seconds)                        :       796.15
 
 RMS change in effective potential (target) :  0.338296E-01  ( 0.100000E-05)
 Absolute change in total energy   (target) :  0.885288      ( 0.100000E-06)
 Charge distance                   (target) :  0.137766E-01  ( 0.100000E-04)
 Abs. change in max-nonIBS-force   (target) :  0.127703E-01  ( 0.250000E-05)
 
++++++++++++++++++++++++++++++++++++++++++++++++++++++++++++++++++++++++++++++++
| SCF iteration number :    6                                                  +
++++++++++++++++++++++++++++++++++++++++++++++++++++++++++++++++++++++++++++++++
 Total energy                               :       -76.20418329
 _______________________________________________________________
 Fermi energy                               :         0.23103278
 Kinetic energy                             :        76.10995944
 Coulomb energy                             :      -141.46134321
 Exchange energy                            :       -10.42833718
 Correlation energy                         :        -0.42446234
 
 DOS at Fermi energy (states/Ha/cell)       :         1.04998255
 
 Electron charges :
     core                                   :         4.00000000
     core leakage                           :         0.00131587
     valence                                :         8.00000000
     interstitial                           :         4.64862020
     charge in muffin-tin spheres :
                  atom     1     C          :         3.67568990
                  atom     2     C          :         3.67568990
     total charge in muffin-tins            :         7.35137980
     total charge                           :        12.00000000
 
 Wall time (seconds)                        :       954.79
 
 RMS change in effective potential (target) :  0.711974E-03  ( 0.100000E-05)
 Absolute change in total energy   (target) :  0.282068      ( 0.100000E-06)
 Charge distance                   (target) :  0.449277E-02  ( 0.100000E-04)
 Abs. change in max-nonIBS-force   (target) :  0.523728E-02  ( 0.250000E-05)
 
++++++++++++++++++++++++++++++++++++++++++++++++++++++++++++++++++++++++++++++++
| SCF iteration number :    7                                                  +
++++++++++++++++++++++++++++++++++++++++++++++++++++++++++++++++++++++++++++++++
 Total energy                               :       -76.20393683
 _______________________________________________________________
 Fermi energy                               :         0.23103554
 Kinetic energy                             :        76.11050040
 Coulomb energy                             :      -141.46165270
 Exchange energy                            :       -10.42832380
 Correlation energy                         :        -0.42446073
 
 DOS at Fermi energy (states/Ha/cell)       :         1.05021221
 
 Electron charges :
     core                                   :         4.00000000
     core leakage                           :         0.00131577
     valence                                :         8.00000000
     interstitial                           :         4.64866209
     charge in muffin-tin spheres :
                  atom     1     C          :         3.67566895
                  atom     2     C          :         3.67566895
     total charge in muffin-tins            :         7.35133791
     total charge                           :        12.00000000
 
 Wall time (seconds)                        :      1113.57
 
 RMS change in effective potential (target) :  0.182173E-03  ( 0.100000E-05)
 Absolute change in total energy   (target) :  0.246463E-03  ( 0.100000E-06)
 Charge distance                   (target) :  0.299037E-04  ( 0.100000E-04)
 Abs. change in max-nonIBS-force   (target) :  0.683321E-04  ( 0.250000E-05)
 
++++++++++++++++++++++++++++++++++++++++++++++++++++++++++++++++++++++++++++++++
| SCF iteration number :    8                                                  +
++++++++++++++++++++++++++++++++++++++++++++++++++++++++++++++++++++++++++++++++
 Total energy                               :       -76.20489444
 _______________________________________________________________
 Fermi energy                               :         0.23101043
 Kinetic energy                             :        76.10978420
 Coulomb energy                             :      -141.46185190
 Exchange energy                            :       -10.42836686
 Correlation energy                         :        -0.42445989
 
 DOS at Fermi energy (states/Ha/cell)       :         1.05008238
 
 Electron charges :
     core                                   :         4.00000000
     core leakage                           :         0.00131576
     valence                                :         8.00000000
     interstitial                           :         4.64858782
     charge in muffin-tin spheres :
                  atom     1     C          :         3.67570609
                  atom     2     C          :         3.67570609
     total charge in muffin-tins            :         7.35141218
     total charge                           :        12.00000000
 
 Wall time (seconds)                        :      1272.21
 
 RMS change in effective potential (target) :  0.269421E-04  ( 0.100000E-05)
 Absolute change in total energy   (target) :  0.957616E-03  ( 0.100000E-06)
 Charge distance                   (target) :  0.172350E-04  ( 0.100000E-04)
 Abs. change in max-nonIBS-force   (target) :  0.195641E-04  ( 0.250000E-05)
 
++++++++++++++++++++++++++++++++++++++++++++++++++++++++++++++++++++++++++++++++
| SCF iteration number :    9                                                  +
++++++++++++++++++++++++++++++++++++++++++++++++++++++++++++++++++++++++++++++++
 Total energy                               :       -76.20477497
 _______________________________________________________________
 Fermi energy                               :         0.23101332
 Kinetic energy                             :        76.10985715
 Coulomb energy                             :      -141.46181097
 Exchange energy                            :       -10.42836110
 Correlation energy                         :        -0.42446006
 
 DOS at Fermi energy (states/Ha/cell)       :         1.05009376
 
 Electron charges :
     core                                   :         4.00000000
     core leakage                           :         0.00131577
     valence                                :         8.00000000
     interstitial                           :         4.64859689
     charge in muffin-tin spheres :
                  atom     1     C          :         3.67570155
                  atom     2     C          :         3.67570155
     total charge in muffin-tins            :         7.35140311
     total charge                           :        12.00000000
 
 Wall time (seconds)                        :      1429.81
 
 RMS change in effective potential (target) :  0.191388E-05  ( 0.100000E-05)
 Absolute change in total energy   (target) :  0.119471E-03  ( 0.100000E-06)
 Charge distance                   (target) :  0.182593E-05  ( 0.100000E-04)
 Abs. change in max-nonIBS-force   (target) :  0.236100E-05  ( 0.250000E-05)
 
++++++++++++++++++++++++++++++++++++++++++++++++++++++++++++++++++++++++++++++++
| SCF iteration number :   10                                                  +
++++++++++++++++++++++++++++++++++++++++++++++++++++++++++++++++++++++++++++++++
 Total energy                               :       -76.20477478
 _______________________________________________________________
 Fermi energy                               :         0.23101335
 Kinetic energy                             :        76.10985778
 Coulomb energy                             :      -141.46181140
 Exchange energy                            :       -10.42836109
 Correlation energy                         :        -0.42446006
 
 DOS at Fermi energy (states/Ha/cell)       :         1.05009313
 
 Electron charges :
     core                                   :         4.00000000
     core leakage                           :         0.00131577
     valence                                :         8.00000000
     interstitial                           :         4.64859694
     charge in muffin-tin spheres :
                  atom     1     C          :         3.67570153
                  atom     2     C          :         3.67570153
     total charge in muffin-tins            :         7.35140306
     total charge                           :        12.00000000
 
 Wall time (seconds)                        :      1587.56
 
 RMS change in effective potential (target) :  0.167454E-06  ( 0.100000E-05)
 Absolute change in total energy   (target) :  0.194510E-06  ( 0.100000E-06)
 Charge distance                   (target) :  0.250134E-06  ( 0.100000E-04)
 Abs. change in max-nonIBS-force   (target) :  0.328645E-05  ( 0.250000E-05)
 
++++++++++++++++++++++++++++++++++++++++++++++++++++++++++++++++++++++++++++++++
| SCF iteration number :   11                                                  +
++++++++++++++++++++++++++++++++++++++++++++++++++++++++++++++++++++++++++++++++
 Total energy                               :       -76.20477474
 _______________________________________________________________
 Fermi energy                               :         0.23101335
 Kinetic energy                             :        76.10985786
 Coulomb energy                             :      -141.46181144
 Exchange energy                            :       -10.42836110
 Correlation energy                         :        -0.42446006
 
 DOS at Fermi energy (states/Ha/cell)       :         1.05009333
 
 Electron charges :
     core                                   :         4.00000000
     core leakage                           :         0.00131577
     valence                                :         8.00000000
     interstitial                           :         4.64859693
     charge in muffin-tin spheres :
                  atom     1     C          :         3.67570153
                  atom     2     C          :         3.67570153
     total charge in muffin-tins            :         7.35140307
     total charge                           :        12.00000000
 
 Wall time (seconds)                        :      1745.90
 
 RMS change in effective potential (target) :  0.167282E-07  ( 0.100000E-05)
 Absolute change in total energy   (target) :  0.390457E-07  ( 0.100000E-06)
 Charge distance                   (target) :  0.620459E-07  ( 0.100000E-04)
 Abs. change in max-nonIBS-force   (target) :  0.106391E-05  ( 0.250000E-05)
 
++++++++++++++++++++++++++++++++++++++++++++++++++++++++++++++++++++++++++++++++
| Convergence targets achieved. Performing final SCF iteration                 +
++++++++++++++++++++++++++++++++++++++++++++++++++++++++++++++++++++++++++++++++
 Total energy                               :       -76.21335340
 _______________________________________________________________
 Fermi energy                               :         0.23101335
 Kinetic energy                             :        76.10985785
 Coulomb energy                             :      -141.46181145
 Exchange energy                            :       -10.42836110
 Correlation energy                         :        -0.42446006
 DFT-D2 dispersion correction               :        -0.00857865
 
 DOS at Fermi energy (states/Ha/cell)       :         1.05009333
 
 Electron charges :
     core                                   :         4.00000000
     core leakage                           :         0.00131577
     valence                                :         8.00000000
     interstitial                           :         4.64859693
     charge in muffin-tin spheres :
                  atom     1     C          :         3.67570153
                  atom     2     C          :         3.67570153
     total charge in muffin-tins            :         7.35140307
     total charge                           :        12.00000000
 
++++++++++++++++++++++++++++++++++++++++++++++++++++++++++++++++++++++++++++++++
| Self-consistent loop stopped                                                 +
++++++++++++++++++++++++++++++++++++++++++++++++++++++++++++++++++++++++++++++++
 STATE.OUT is written
 
--------------------------------------------------------------------------------
| Writing atomic positions and forces                                          -
--------------------------------------------------------------------------------
 
 Atomic positions (lattice) :
 atom     1   C  :     0.00000000    0.00000000    0.00000000
 atom     2   C  :     0.33333333    0.33333333    0.00000000
 
 Total atomic forces including IBS (cartesian) :
 atom     1   C  :     0.00000000    0.00876551   -0.00027882
 atom     2   C  :     0.00000000   -0.00876551    0.00027882
 
 Atomic force components including IBS (cartesian) :
 atom     1   C  :     0.00000000    0.00148101   -0.00012353   HF force
                 :     0.00000000    0.00737902   -0.00017294   core correction
                 :     0.00000000   -0.00000430    0.00001530   IBS correction
                 :     0.00000000   -0.00009022    0.00000236   DFT-D2 force
 atom     2   C  :     0.00000000   -0.00148101    0.00012353   HF force
                 :     0.00000000   -0.00737902    0.00017294   core correction
                 :     0.00000000    0.00000430   -0.00001530   IBS correction
                 :     0.00000000    0.00009022   -0.00000236   DFT-D2 force
 
********************************************************************************
| Groundstate module stopped                                                   *
********************************************************************************
 
********************************************************************************
| Structure-optimization module started                                        *
********************************************************************************
 Output level for this task is set to normal
 
 Maximum displacement tau_BFGS   is         :         0.3000
 Maximum displacement tau_newton is         :         0.8000
 
++++++++++++++++++++++++++++++++++++++++++++++++++++++++++++++++++++++++++++++++
| Use harmonic method for optimizing atomic positions                          +
++++++++++++++++++++++++++++++++++++++++++++++++++++++++++++++++++++++++++++++++
 
--------------------------------------------------------------------------------
| Optimization step 0: Initialize optimization                                 -
--------------------------------------------------------------------------------
 Maximum force magnitude           (target) :         0.00876994  (  0.00001000)
 Total energy at this optimization step     :       -76.21335340
 
 Atomic positions at this step (lattice) :
 atom     1   C  :     0.00000000    0.00000000    0.00000000
 atom     2   C  :     0.33333333    0.33333333    0.00000000
 
 Total atomic forces including IBS (cartesian) :
 atom     1   C  :     0.00000000    0.00876551   -0.00027882
 atom     2   C  :     0.00000000   -0.00876551    0.00027882
 
--------------------------------------------------------------------------------
| Optimization step    1    (method = harmonic)                                -
--------------------------------------------------------------------------------
 Number of scf iterations                   :        12  (full newton step)
 Maximum force magnitude           (target) :         0.00029162  (  0.00001000)
 Total energy at this optimization step     :       -76.21341730
 
 Atomic positions at this step (lattice) :
 atom     1   C  :     0.00000000    0.00000000    0.00000000
 atom     2   C  :     0.33159280    0.33159280    0.00000381
 
 Total atomic forces including IBS (cartesian) :
 atom     1   C  :     0.00000000    0.00029097   -0.00001937
 atom     2   C  :     0.00000000   -0.00029097    0.00001937
 
 Time spent in this optimization step       :      2064.11 seconds
 
--------------------------------------------------------------------------------
| Optimization step    2    (method = harmonic)                                -
--------------------------------------------------------------------------------
 Number of scf iterations                   :        11  (full harmonic step)
 Maximum force magnitude           (target) :         0.00000784  (  0.00001000)
 Total energy at this optimization step     :       -76.21341736
 
 Atomic positions at this step (lattice) :
 atom     1   C  :     0.00000000    0.00000000    0.00000000
 atom     2   C  :     0.33153310    0.33153310    0.00000668
 
 Total atomic forces including IBS (cartesian) :
 atom     1   C  :     0.00000000   -0.00000280   -0.00000732
 atom     2   C  :     0.00000000    0.00000280    0.00000732
 
 Time spent in this optimization step       :      1903.54 seconds
 
++++++++++++++++++++++++++++++++++++++++++++++++++++++++++++++++++++++++++++++++
| Force convergence target achieved                                            +
++++++++++++++++++++++++++++++++++++++++++++++++++++++++++++++++++++++++++++++++
 Total energy                               :       -76.21341736
 _______________________________________________________________
 Fermi energy                               :         0.23101462
 Kinetic energy                             :        76.10798332
 Coulomb energy                             :      -141.46032039
 Exchange energy                            :       -10.42803983
 Correlation energy                         :        -0.42446315
 DFT-D2 dispersion correction               :        -0.00857732
 
 DOS at Fermi energy (states/Ha/cell)       :         1.04068332
 
 Electron charges :
     core                                   :         4.00000000
     core leakage                           :         0.00131567
     valence                                :         8.00000000
     interstitial                           :         4.64953768
     charge in muffin-tin spheres :
                  atom     1     C          :         3.67523116
                  atom     2     C          :         3.67523116
     total charge in muffin-tins            :         7.35046232
     total charge                           :        12.00000000
 
 Optimized atomic positions (lattice) :
 atom     1   C  :     0.00000000    0.00000000    0.00000000
 atom     2   C  :     0.33153310    0.33153310    0.00000668
 
 Total atomic forces including IBS (cartesian) :
 atom     1   C  :     0.00000000   -0.00000280   -0.00000732
 atom     2   C  :     0.00000000    0.00000280    0.00000732
 
 Atomic force components including IBS (cartesian) :
 atom     1   C  :     0.00000000   -0.00744942    0.00015498   HF force
                 :     0.00000000    0.00747241   -0.00017643   core correction
                 :     0.00000000    0.00006781    0.00001171   IBS correction
                 :     0.00000000   -0.00009359    0.00000241   DFT-D2 force
 atom     2   C  :     0.00000000    0.00744942   -0.00015498   HF force
                 :     0.00000000   -0.00747241    0.00017643   core correction
                 :     0.00000000   -0.00006781   -0.00001171   IBS correction
                 :     0.00000000    0.00009359   -0.00000241   DFT-D2 force
 
********************************************************************************
| Structure-optimization module stopped                                        *
********************************************************************************
 
 Total time spent (seconds)                 :      6026.71
 
================================================================================
| EXCITING BORON stopped                                                       =
================================================================================
