================================================================================
| EXCITING BORON started                                                       =
| version hash id:                                                             =
| MPI version using     16 processor(s)                                        =
|                                                                              =
| Date (DD-MM-YYYY) : 12-08-2015                                               =
| Time (hh:mm:ss)   : 21:21:14                                                 =
|                                                                              =
| All units are atomic (Hartree, Bohr, etc.)                                   =
================================================================================
 
********************************************************************************
| Structural optimisation starting from atomic densities                       *
********************************************************************************
 
++++++++++++++++++++++++++++++++++++++++++++++++++++++++++++++++++++++++++++++++
| Starting initialization                                                      +
++++++++++++++++++++++++++++++++++++++++++++++++++++++++++++++++++++++++++++++++
 
 Lattice vectors (cartesian) :
      2.2799850526      3.9490499516      0.0000000000
     -2.2799850526      3.9490499516      0.0000000000
      0.0000000000      0.0000000000      6.5761020000
 
 Reciprocal lattice vectors (cartesian) :
      1.3779005481      0.7955312524      0.0000000000
     -1.3779005481      0.7955312524      0.0000000000
      0.0000000000      0.0000000000      0.9554573982
 
 Unit cell volume                           :     118.4194837479
 Brillouin zone volume                      :       2.0946739978
 
 Species :    1 (C)
     parameters loaded from                 :    C.xml
     name                                   :    carbon
     nuclear charge                         :      -6.00000000
     electronic charge                      :       6.00000000
     atomic mass                            :   21894.16673000
     muffin-tin radius                      :       1.20000000
     # of radial points in muffin-tin       :     250
 
     atomic positions (lattice) :
       1 :   0.00000000  0.00000000  0.00000000
       2 :   0.33333333  0.33333333  0.00000000
 
 Total number of atoms per unit cell        :       2
 
 Spin treatment                             :    spin-unpolarised
 
 Number of Bravais lattice symmetries       :      24
 Number of crystal symmetries               :      24
 
 k-point grid                               :      34   34   24
 Total number of k-points                   :    1482
 k-point set is reduced with crystal symmetries
 
 R^MT_min * |G+k|_max (rgkmax)              :       8.00000000
 Species with R^MT_min                      :       1 (C)
 Maximum |G+k| for APW functions            :       6.66666667
 Maximum |G| for potential and density      :      20.00000000
 
 G-vector grid sizes                        :      30    30    45
 Total number of G-vectors                  :   16079
 
 Maximum angular momentum used for
     APW functions                          :       8
     computing H and O matrix elements      :       8
     potential and density                  :       8
     inner part of muffin-tin               :       2
 
 Total nuclear charge                       :     -12.00000000
 Total electronic charge                    :      12.00000000
 Total core charge                          :       4.00000000
 Total valence charge                       :       8.00000000
 
 Number of empty states                     :       5
 Total number of valence states             :      10
 
 Maximum Hamiltonian size                   :     624
 Maximum number of plane-waves              :     616
 Total number of local-orbitals             :       8
 
 Exchange-correlation type                  :      20
     Perdew-Burke-Ernzerhof, Phys. Rev. Lett. 77, 3865 (1996)
     Generalised gradient approximation (GGA)
 
 Smearing scheme                            :    Gaussian
 Smearing width                             :       0.01000000
 
 Using multisecant Broyden potential mixing
 
++++++++++++++++++++++++++++++++++++++++++++++++++++++++++++++++++++++++++++++++
| Ending initialization                                                        +
++++++++++++++++++++++++++++++++++++++++++++++++++++++++++++++++++++++++++++++++
 
********************************************************************************
| Groundstate module started                                                   *
********************************************************************************
 Output level for this task is set to normal
 
++++++++++++++++++++++++++++++++++++++++++++++++++++++++++++++++++++++++++++++++
| Self-consistent loop started                                                 +
++++++++++++++++++++++++++++++++++++++++++++++++++++++++++++++++++++++++++++++++
 Density and potential initialised from atomic data
 
 
++++++++++++++++++++++++++++++++++++++++++++++++++++++++++++++++++++++++++++++++
| SCF iteration number :    1                                                  +
++++++++++++++++++++++++++++++++++++++++++++++++++++++++++++++++++++++++++++++++
 Total energy                               :       -78.60495377
 _______________________________________________________________
 Fermi energy                               :         0.17005596
 Kinetic energy                             :        74.52888880
 Coulomb energy                             :      -142.15473889
 Exchange energy                            :       -10.55688192
 Correlation energy                         :        -0.42222175
 
 DOS at Fermi energy (states/Ha/cell)       :         0.82271039
 
 Electron charges :
     core                                   :         4.00000000
     core leakage                           :         0.00128737
     valence                                :         8.00000000
     interstitial                           :         4.42514764
     charge in muffin-tin spheres :
                  atom     1     C          :         3.78742618
                  atom     2     C          :         3.78742618
     total charge in muffin-tins            :         7.57485236
     total charge                           :        12.00000000
 
 Wall time (seconds)                        :        34.31
 
++++++++++++++++++++++++++++++++++++++++++++++++++++++++++++++++++++++++++++++++
| SCF iteration number :    2                                                  +
++++++++++++++++++++++++++++++++++++++++++++++++++++++++++++++++++++++++++++++++
 Total energy                               :       -77.72503068
 _______________________________________________________________
 Fermi energy                               :         0.19466398
 Kinetic energy                             :        75.13159452
 Coulomb energy                             :      -141.91815148
 Exchange energy                            :       -10.51529750
 Correlation energy                         :        -0.42317621
 
 DOS at Fermi energy (states/Ha/cell)       :         0.88099720
 
 Electron charges :
     core                                   :         4.00000000
     core leakage                           :         0.00130149
     valence                                :         8.00000000
     interstitial                           :         4.49495540
     charge in muffin-tin spheres :
                  atom     1     C          :         3.75252230
                  atom     2     C          :         3.75252230
     total charge in muffin-tins            :         7.50504460
     total charge                           :        12.00000000
 
 Wall time (seconds)                        :        67.30
 
 RMS change in effective potential (target) :   1.61813      ( 0.100000E-05)
 Absolute change in total energy   (target) :  0.879923      ( 0.100000E-06)
 Charge distance                   (target) :  0.139692E-01  ( 0.100000E-04)
 Abs. change in max-nonIBS-force   (target) :   0.00000      ( 0.250000E-05)
 
++++++++++++++++++++++++++++++++++++++++++++++++++++++++++++++++++++++++++++++++
| SCF iteration number :    3                                                  +
++++++++++++++++++++++++++++++++++++++++++++++++++++++++++++++++++++++++++++++++
 Total energy                               :       -77.10051185
 _______________________________________________________________
 Fermi energy                               :         0.21142046
 Kinetic energy                             :        75.55500371
 Coulomb energy                             :      -141.74652819
 Exchange energy                            :       -10.48505389
 Correlation energy                         :        -0.42393348
 
 DOS at Fermi energy (states/Ha/cell)       :         0.92794089
 
 Electron charges :
     core                                   :         4.00000000
     core leakage                           :         0.00131070
     valence                                :         8.00000000
     interstitial                           :         4.54600097
     charge in muffin-tin spheres :
                  atom     1     C          :         3.72699951
                  atom     2     C          :         3.72699951
     total charge in muffin-tins            :         7.45399903
     total charge                           :        12.00000000
 
 Wall time (seconds)                        :       100.44
 
 RMS change in effective potential (target) :   1.19548      ( 0.100000E-05)
 Absolute change in total energy   (target) :  0.624519      ( 0.100000E-06)
 Charge distance                   (target) :  0.103357E-01  ( 0.100000E-04)
 Abs. change in max-nonIBS-force   (target) :   0.00000      ( 0.250000E-05)
 
++++++++++++++++++++++++++++++++++++++++++++++++++++++++++++++++++++++++++++++++
| SCF iteration number :    4                                                  +
++++++++++++++++++++++++++++++++++++++++++++++++++++++++++++++++++++++++++++++++
 Total energy                               :       -76.82139871
 _______________________________________________________________
 Fermi energy                               :         0.21798667
 Kinetic energy                             :        75.75872172
 Coulomb energy                             :      -141.68735030
 Exchange energy                            :       -10.46832850
 Correlation energy                         :        -0.42444164
 
 DOS at Fermi energy (states/Ha/cell)       :         0.95945592
 
 Electron charges :
     core                                   :         4.00000000
     core leakage                           :         0.00130325
     valence                                :         8.00000000
     interstitial                           :         4.57921416
     charge in muffin-tin spheres :
                  atom     1     C          :         3.71039292
                  atom     2     C          :         3.71039292
     total charge in muffin-tins            :         7.42078584
     total charge                           :        12.00000000
 
 Wall time (seconds)                        :       133.38
 
 RMS change in effective potential (target) :  0.741443E-01  ( 0.100000E-05)
 Absolute change in total energy   (target) :  0.279113      ( 0.100000E-06)
 Charge distance                   (target) :  0.721805E-02  ( 0.100000E-04)
 Abs. change in max-nonIBS-force   (target) :   0.00000      ( 0.250000E-05)
 
++++++++++++++++++++++++++++++++++++++++++++++++++++++++++++++++++++++++++++++++
| SCF iteration number :    5                                                  +
++++++++++++++++++++++++++++++++++++++++++++++++++++++++++++++++++++++++++++++++
 Total energy                               :       -75.91923384
 _______________________________________________________________
 Fermi energy                               :         0.24108068
 Kinetic energy                             :        76.34537819
 Coulomb energy                             :      -141.41349935
 Exchange energy                            :       -10.42551525
 Correlation energy                         :        -0.42559743
 
 DOS at Fermi energy (states/Ha/cell)       :         1.03813210
 
 Electron charges :
     core                                   :         4.00000000
     core leakage                           :         0.00132452
     valence                                :         8.00000000
     interstitial                           :         4.64846224
     charge in muffin-tin spheres :
                  atom     1     C          :         3.67576888
                  atom     2     C          :         3.67576888
     total charge in muffin-tins            :         7.35153776
     total charge                           :        12.00000000
 
 Wall time (seconds)                        :       166.41
 
 RMS change in effective potential (target) :  0.339948E-01  ( 0.100000E-05)
 Absolute change in total energy   (target) :  0.902165      ( 0.100000E-06)
 Charge distance                   (target) :  0.139317E-01  ( 0.100000E-04)
 Abs. change in max-nonIBS-force   (target) :   0.00000      ( 0.250000E-05)
 
++++++++++++++++++++++++++++++++++++++++++++++++++++++++++++++++++++++++++++++++
| SCF iteration number :    6                                                  +
++++++++++++++++++++++++++++++++++++++++++++++++++++++++++++++++++++++++++++++++
 Total energy                               :       -76.20430583
 _______________________________________________________________
 Fermi energy                               :         0.23393767
 Kinetic energy                             :        76.16022842
 Coulomb energy                             :      -141.50013418
 Exchange energy                            :       -10.43917585
 Correlation energy                         :        -0.42522423
 
 DOS at Fermi energy (states/Ha/cell)       :         1.01107484
 
 Electron charges :
     core                                   :         4.00000000
     core leakage                           :         0.00131810
     valence                                :         8.00000000
     interstitial                           :         4.62627765
     charge in muffin-tin spheres :
                  atom     1     C          :         3.68686117
                  atom     2     C          :         3.68686117
     total charge in muffin-tins            :         7.37372235
     total charge                           :        12.00000000
 
 Wall time (seconds)                        :       199.40
 
 RMS change in effective potential (target) :  0.751272E-03  ( 0.100000E-05)
 Absolute change in total energy   (target) :  0.285072      ( 0.100000E-06)
 Charge distance                   (target) :  0.450821E-02  ( 0.100000E-04)
 Abs. change in max-nonIBS-force   (target) :   0.00000      ( 0.250000E-05)
 
++++++++++++++++++++++++++++++++++++++++++++++++++++++++++++++++++++++++++++++++
| SCF iteration number :    7                                                  +
++++++++++++++++++++++++++++++++++++++++++++++++++++++++++++++++++++++++++++++++
 Total energy                               :       -76.20378158
 _______________________________________________________________
 Fermi energy                               :         0.23394783
 Kinetic energy                             :        76.16097861
 Coulomb energy                             :      -141.50038720
 Exchange energy                            :       -10.43915018
 Correlation energy                         :        -0.42522281
 
 DOS at Fermi energy (states/Ha/cell)       :         1.01130221
 
 Electron charges :
     core                                   :         4.00000000
     core leakage                           :         0.00131800
     valence                                :         8.00000000
     interstitial                           :         4.62634131
     charge in muffin-tin spheres :
                  atom     1     C          :         3.68682934
                  atom     2     C          :         3.68682934
     total charge in muffin-tins            :         7.37365869
     total charge                           :        12.00000000
 
 Wall time (seconds)                        :       232.44
 
 RMS change in effective potential (target) :  0.189548E-03  ( 0.100000E-05)
 Absolute change in total energy   (target) :  0.524253E-03  ( 0.100000E-06)
 Charge distance                   (target) :  0.337827E-04  ( 0.100000E-04)
 Abs. change in max-nonIBS-force   (target) :   0.00000      ( 0.250000E-05)
 
++++++++++++++++++++++++++++++++++++++++++++++++++++++++++++++++++++++++++++++++
| SCF iteration number :    8                                                  +
++++++++++++++++++++++++++++++++++++++++++++++++++++++++++++++++++++++++++++++++
 Total energy                               :       -76.20482367
 _______________________________________________________________
 Fermi energy                               :         0.23392050
 Kinetic energy                             :        76.16020037
 Coulomb energy                             :      -141.50060524
 Exchange energy                            :       -10.43919688
 Correlation energy                         :        -0.42522192
 
 DOS at Fermi energy (states/Ha/cell)       :         1.01117978
 
 Electron charges :
     core                                   :         4.00000000
     core leakage                           :         0.00131800
     valence                                :         8.00000000
     interstitial                           :         4.62626077
     charge in muffin-tin spheres :
                  atom     1     C          :         3.68686962
                  atom     2     C          :         3.68686962
     total charge in muffin-tins            :         7.37373923
     total charge                           :        12.00000000
 
 Wall time (seconds)                        :       265.49
 
 RMS change in effective potential (target) :  0.278881E-04  ( 0.100000E-05)
 Absolute change in total energy   (target) :  0.104210E-02  ( 0.100000E-06)
 Charge distance                   (target) :  0.184694E-04  ( 0.100000E-04)
 Abs. change in max-nonIBS-force   (target) :   0.00000      ( 0.250000E-05)
 
++++++++++++++++++++++++++++++++++++++++++++++++++++++++++++++++++++++++++++++++
| SCF iteration number :    9                                                  +
++++++++++++++++++++++++++++++++++++++++++++++++++++++++++++++++++++++++++++++++
 Total energy                               :       -76.20470604
 _______________________________________________________________
 Fermi energy                               :         0.23392335
 Kinetic energy                             :        76.16027181
 Coulomb energy                             :      -141.50056456
 Exchange energy                            :       -10.43919120
 Correlation energy                         :        -0.42522209
 
 DOS at Fermi energy (states/Ha/cell)       :         1.01118855
 
 Electron charges :
     core                                   :         4.00000000
     core leakage                           :         0.00131800
     valence                                :         8.00000000
     interstitial                           :         4.62626970
     charge in muffin-tin spheres :
                  atom     1     C          :         3.68686515
                  atom     2     C          :         3.68686515
     total charge in muffin-tins            :         7.37373030
     total charge                           :        12.00000000
 
 Wall time (seconds)                        :       298.58
 
 RMS change in effective potential (target) :  0.177764E-05  ( 0.100000E-05)
 Absolute change in total energy   (target) :  0.117635E-03  ( 0.100000E-06)
 Charge distance                   (target) :  0.174595E-05  ( 0.100000E-04)
 Abs. change in max-nonIBS-force   (target) :   0.00000      ( 0.250000E-05)
 
++++++++++++++++++++++++++++++++++++++++++++++++++++++++++++++++++++++++++++++++
| SCF iteration number :   10                                                  +
++++++++++++++++++++++++++++++++++++++++++++++++++++++++++++++++++++++++++++++++
 Total energy                               :       -76.20470672
 _______________________________________________________________
 Fermi energy                               :         0.23392336
 Kinetic energy                             :        76.16027191
 Coulomb energy                             :      -141.50056529
 Exchange energy                            :       -10.43919126
 Correlation energy                         :        -0.42522209
 
 DOS at Fermi energy (states/Ha/cell)       :         1.01118860
 
 Electron charges :
     core                                   :         4.00000000
     core leakage                           :         0.00131800
     valence                                :         8.00000000
     interstitial                           :         4.62626965
     charge in muffin-tin spheres :
                  atom     1     C          :         3.68686518
                  atom     2     C          :         3.68686518
     total charge in muffin-tins            :         7.37373035
     total charge                           :        12.00000000
 
 Wall time (seconds)                        :       331.58
 
 RMS change in effective potential (target) :  0.581768E-07  ( 0.100000E-05)
 Absolute change in total energy   (target) :  0.681662E-06  ( 0.100000E-06)
 Charge distance                   (target) :  0.153327E-07  ( 0.100000E-04)
 Abs. change in max-nonIBS-force   (target) :   0.00000      ( 0.250000E-05)
 
++++++++++++++++++++++++++++++++++++++++++++++++++++++++++++++++++++++++++++++++
| SCF iteration number :   11                                                  +
++++++++++++++++++++++++++++++++++++++++++++++++++++++++++++++++++++++++++++++++
 Total energy                               :       -76.20470666
 _______________________________________________________________
 Fermi energy                               :         0.23392336
 Kinetic energy                             :        76.16027195
 Coulomb energy                             :      -141.50056527
 Exchange energy                            :       -10.43919125
 Correlation energy                         :        -0.42522209
 
 DOS at Fermi energy (states/Ha/cell)       :         1.01118861
 
 Electron charges :
     core                                   :         4.00000000
     core leakage                           :         0.00131800
     valence                                :         8.00000000
     interstitial                           :         4.62626965
     charge in muffin-tin spheres :
                  atom     1     C          :         3.68686517
                  atom     2     C          :         3.68686517
     total charge in muffin-tins            :         7.37373035
     total charge                           :        12.00000000
 
 Wall time (seconds)                        :       364.57
 
 RMS change in effective potential (target) :  0.135603E-07  ( 0.100000E-05)
 Absolute change in total energy   (target) :  0.642760E-07  ( 0.100000E-06)
 Charge distance                   (target) :  0.154399E-08  ( 0.100000E-04)
 Abs. change in max-nonIBS-force   (target) :   0.00000      ( 0.250000E-05)
 
++++++++++++++++++++++++++++++++++++++++++++++++++++++++++++++++++++++++++++++++
| Convergence targets achieved. Performing final SCF iteration                 +
++++++++++++++++++++++++++++++++++++++++++++++++++++++++++++++++++++++++++++++++
 Total energy                               :       -76.21330348
 _______________________________________________________________
 Fermi energy                               :         0.23392336
 Kinetic energy                             :        76.16027194
 Coulomb energy                             :      -141.50056528
 Exchange energy                            :       -10.43919125
 Correlation energy                         :        -0.42522209
 DFT-D2 dispersion correction               :        -0.00859680
 
 DOS at Fermi energy (states/Ha/cell)       :         1.01118861
 
 Electron charges :
     core                                   :         4.00000000
     core leakage                           :         0.00131800
     valence                                :         8.00000000
     interstitial                           :         4.62626965
     charge in muffin-tin spheres :
                  atom     1     C          :         3.68686517
                  atom     2     C          :         3.68686517
     total charge in muffin-tins            :         7.37373035
     total charge                           :        12.00000000
 
++++++++++++++++++++++++++++++++++++++++++++++++++++++++++++++++++++++++++++++++
| Self-consistent loop stopped                                                 +
++++++++++++++++++++++++++++++++++++++++++++++++++++++++++++++++++++++++++++++++
 STATE.OUT is written
 
--------------------------------------------------------------------------------
| Writing atomic positions and forces                                          -
--------------------------------------------------------------------------------
 
 Atomic positions (lattice) :
 atom     1   C  :     0.00000000    0.00000000    0.00000000
 atom     2   C  :     0.33333333    0.33333333    0.00000000
 
 Total atomic forces including IBS (cartesian) :
 atom     1   C  :     0.00000000    0.00000000    0.00000000
 atom     2   C  :     0.00000000    0.00000000    0.00000000
 
 Atomic force components including IBS (cartesian) :
 atom     1   C  :     0.00000000    0.00000000    0.00000000   HF force
                 :     0.00000000    0.00000000    0.00000000   core correction
                 :     0.00000000    0.00000000    0.00000000   IBS correction
                 :     0.00000000    0.00000000    0.00000000   DFT-D2 force
 atom     2   C  :     0.00000000    0.00000000    0.00000000   HF force
                 :     0.00000000    0.00000000    0.00000000   core correction
                 :     0.00000000    0.00000000    0.00000000   IBS correction
                 :     0.00000000    0.00000000    0.00000000   DFT-D2 force
 
********************************************************************************
| Groundstate module stopped                                                   *
********************************************************************************
 
********************************************************************************
| Structure-optimization module started                                        *
********************************************************************************
 Output level for this task is set to normal
 
 Maximum displacement tau_BFGS   is         :         0.3000
 Maximum displacement tau_newton is         :         0.8000
 Maximum force target reached already at the initial configuration
 
********************************************************************************
| Structure-optimization module stopped                                        *
********************************************************************************
 
 Total time spent (seconds)                 :       423.38
 
================================================================================
| EXCITING BORON stopped                                                       =
================================================================================
