================================================================================
| EXCITING BORON started                                                       =
| version hash id:                                                             =
| MPI version using     16 processor(s)                                        =
|                                                                              =
| Date (DD-MM-YYYY) : 09-08-2015                                               =
| Time (hh:mm:ss)   : 22:25:54                                                 =
|                                                                              =
| All units are atomic (Hartree, Bohr, etc.)                                   =
================================================================================
 
********************************************************************************
| Structural optimisation starting from atomic densities                       *
********************************************************************************
 
++++++++++++++++++++++++++++++++++++++++++++++++++++++++++++++++++++++++++++++++
| Starting initialization                                                      +
++++++++++++++++++++++++++++++++++++++++++++++++++++++++++++++++++++++++++++++++
 
 Lattice vectors (cartesian) :
      2.3270000000      3.8659027458      0.0000000000
     -2.3270000000      3.8659027458      0.0000000000
      0.0000000000      0.0000000000      6.5761020000
 
 Reciprocal lattice vectors (cartesian) :
      1.3500613036      0.8126414088      0.0000000000
     -1.3500613036      0.8126414088      0.0000000000
      0.0000000000      0.0000000000      0.9554573982
 
 Unit cell volume                           :     118.3166444029
 Brillouin zone volume                      :       2.0964946622
 
 Species :    1 (C)
     parameters loaded from                 :    C.xml
     name                                   :    carbon
     nuclear charge                         :      -6.00000000
     electronic charge                      :       6.00000000
     atomic mass                            :   21894.16673000
     muffin-tin radius                      :       1.20000000
     # of radial points in muffin-tin       :     250
 
     atomic positions (lattice) :
       1 :   0.00000000  0.00000000  0.00000000
       2 :   0.33333333  0.33333333  0.00000000
 
 Total number of atoms per unit cell        :       2
 
 Spin treatment                             :    spin-unpolarised
 
 Number of Bravais lattice symmetries       :       8
 Number of crystal symmetries               :       8
 
 k-point grid                               :      34   34   24
 Total number of k-points                   :    3991
 k-point set is reduced with crystal symmetries
 
 R^MT_min * |G+k|_max (rgkmax)              :       8.00000000
 Species with R^MT_min                      :       1 (C)
 Maximum |G+k| for APW functions            :       6.66666667
 Maximum |G| for potential and density      :      20.00000000
 
 G-vector grid sizes                        :      30    30    45
 Total number of G-vectors                  :   16003
 
 Maximum angular momentum used for
     APW functions                          :       8
     computing H and O matrix elements      :       8
     potential and density                  :       8
     inner part of muffin-tin               :       2
 
 Total nuclear charge                       :     -12.00000000
 Total electronic charge                    :      12.00000000
 Total core charge                          :       4.00000000
 Total valence charge                       :       8.00000000
 
 Number of empty states                     :       5
 Total number of valence states             :      10
 
 Maximum Hamiltonian size                   :     618
 Maximum number of plane-waves              :     610
 Total number of local-orbitals             :       8
 
 Exchange-correlation type                  :      20
     Perdew-Burke-Ernzerhof, Phys. Rev. Lett. 77, 3865 (1996)
     Generalised gradient approximation (GGA)
 
 Smearing scheme                            :    Gaussian
 Smearing width                             :       0.01000000
 
 Using multisecant Broyden potential mixing
 
++++++++++++++++++++++++++++++++++++++++++++++++++++++++++++++++++++++++++++++++
| Ending initialization                                                        +
++++++++++++++++++++++++++++++++++++++++++++++++++++++++++++++++++++++++++++++++
 
********************************************************************************
| Groundstate module started                                                   *
********************************************************************************
 Output level for this task is set to normal
 
++++++++++++++++++++++++++++++++++++++++++++++++++++++++++++++++++++++++++++++++
| Self-consistent loop started                                                 +
++++++++++++++++++++++++++++++++++++++++++++++++++++++++++++++++++++++++++++++++
 Density and potential initialised from atomic data
 
 
++++++++++++++++++++++++++++++++++++++++++++++++++++++++++++++++++++++++++++++++
| SCF iteration number :    1                                                  +
++++++++++++++++++++++++++++++++++++++++++++++++++++++++++++++++++++++++++++++++
 Total energy                               :       -78.61483814
 _______________________________________________________________
 Fermi energy                               :         0.17053693
 Kinetic energy                             :        74.52933508
 Coulomb energy                             :      -142.16309079
 Exchange energy                            :       -10.55878126
 Correlation energy                         :        -0.42230118
 
 DOS at Fermi energy (states/Ha/cell)       :         0.80299576
 
 Electron charges :
     core                                   :         4.00000000
     core leakage                           :         0.00128753
     valence                                :         8.00000000
     interstitial                           :         4.42075237
     charge in muffin-tin spheres :
                  atom     1     C          :         3.78962381
                  atom     2     C          :         3.78962381
     total charge in muffin-tins            :         7.57924763
     total charge                           :        12.00000000
 
 Wall time (seconds)                        :        88.37
 
++++++++++++++++++++++++++++++++++++++++++++++++++++++++++++++++++++++++++++++++
| SCF iteration number :    2                                                  +
++++++++++++++++++++++++++++++++++++++++++++++++++++++++++++++++++++++++++++++++
 Total energy                               :       -77.73010111
 _______________________________________________________________
 Fermi energy                               :         0.19530445
 Kinetic energy                             :        75.13548537
 Coulomb energy                             :      -141.92537980
 Exchange energy                            :       -10.51695024
 Correlation energy                         :        -0.42325644
 
 DOS at Fermi energy (states/Ha/cell)       :         0.86646997
 
 Electron charges :
     core                                   :         4.00000000
     core leakage                           :         0.00130173
     valence                                :         8.00000000
     interstitial                           :         4.49096066
     charge in muffin-tin spheres :
                  atom     1     C          :         3.75451967
                  atom     2     C          :         3.75451967
     total charge in muffin-tins            :         7.50903934
     total charge                           :        12.00000000
 
 Wall time (seconds)                        :       174.22
 
 RMS change in effective potential (target) :   1.61851      ( 0.100000E-05)
 Absolute change in total energy   (target) :  0.884737      ( 0.100000E-06)
 Charge distance                   (target) :  0.140561E-01  ( 0.100000E-04)
 Abs. change in max-nonIBS-force   (target) :  0.401166E-01  ( 0.250000E-05)
 
++++++++++++++++++++++++++++++++++++++++++++++++++++++++++++++++++++++++++++++++
| SCF iteration number :    3                                                  +
++++++++++++++++++++++++++++++++++++++++++++++++++++++++++++++++++++++++++++++++
 Total energy                               :       -77.10237142
 _______________________________________________________________
 Fermi energy                               :         0.21215910
 Kinetic energy                             :        75.56112088
 Coulomb energy                             :      -141.75294100
 Exchange energy                            :       -10.48653660
 Correlation energy                         :        -0.42401470
 
 DOS at Fermi energy (states/Ha/cell)       :         0.92116784
 
 Electron charges :
     core                                   :         4.00000000
     core leakage                           :         0.00131098
     valence                                :         8.00000000
     interstitial                           :         4.54228993
     charge in muffin-tin spheres :
                  atom     1     C          :         3.72885503
                  atom     2     C          :         3.72885503
     total charge in muffin-tins            :         7.45771007
     total charge                           :        12.00000000
 
 Wall time (seconds)                        :       260.38
 
 RMS change in effective potential (target) :   1.19583      ( 0.100000E-05)
 Absolute change in total energy   (target) :  0.627730      ( 0.100000E-06)
 Charge distance                   (target) :  0.103941E-01  ( 0.100000E-04)
 Abs. change in max-nonIBS-force   (target) :  0.205642E-01  ( 0.250000E-05)
 
++++++++++++++++++++++++++++++++++++++++++++++++++++++++++++++++++++++++++++++++
| SCF iteration number :    4                                                  +
++++++++++++++++++++++++++++++++++++++++++++++++++++++++++++++++++++++++++++++++
 Total energy                               :       -76.82424450
 _______________________________________________________________
 Fermi energy                               :         0.21868700
 Kinetic energy                             :        75.76429356
 Coulomb energy                             :      -141.69416030
 Exchange energy                            :       -10.46985913
 Correlation energy                         :        -0.42451863
 
 DOS at Fermi energy (states/Ha/cell)       :         0.95911135
 
 Electron charges :
     core                                   :         4.00000000
     core leakage                           :         0.00130352
     valence                                :         8.00000000
     interstitial                           :         4.57542679
     charge in muffin-tin spheres :
                  atom     1     C          :         3.71228660
                  atom     2     C          :         3.71228660
     total charge in muffin-tins            :         7.42457321
     total charge                           :        12.00000000
 
 Wall time (seconds)                        :       346.27
 
 RMS change in effective potential (target) :  0.745432E-01  ( 0.100000E-05)
 Absolute change in total energy   (target) :  0.278127      ( 0.100000E-06)
 Charge distance                   (target) :  0.720490E-02  ( 0.100000E-04)
 Abs. change in max-nonIBS-force   (target) :  0.147781E-01  ( 0.250000E-05)
 
++++++++++++++++++++++++++++++++++++++++++++++++++++++++++++++++++++++++++++++++
| SCF iteration number :    5                                                  +
++++++++++++++++++++++++++++++++++++++++++++++++++++++++++++++++++++++++++++++++
 Total energy                               :       -75.91609232
 _______________________________________________________________
 Fermi energy                               :         0.24195502
 Kinetic energy                             :        76.35485611
 Coulomb energy                             :      -141.41854547
 Exchange energy                            :       -10.42672262
 Correlation energy                         :        -0.42568033
 
 DOS at Fermi energy (states/Ha/cell)       :         1.05532308
 
 Electron charges :
     core                                   :         4.00000000
     core leakage                           :         0.00132489
     valence                                :         8.00000000
     interstitial                           :         4.64523021
     charge in muffin-tin spheres :
                  atom     1     C          :         3.67738489
                  atom     2     C          :         3.67738489
     total charge in muffin-tins            :         7.35476979
     total charge                           :        12.00000000
 
 Wall time (seconds)                        :       432.17
 
 RMS change in effective potential (target) :  0.340615E-01  ( 0.100000E-05)
 Absolute change in total energy   (target) :  0.908152      ( 0.100000E-06)
 Charge distance                   (target) :  0.140475E-01  ( 0.100000E-04)
 Abs. change in max-nonIBS-force   (target) :  0.176671E-01  ( 0.250000E-05)
 
++++++++++++++++++++++++++++++++++++++++++++++++++++++++++++++++++++++++++++++++
| SCF iteration number :    6                                                  +
++++++++++++++++++++++++++++++++++++++++++++++++++++++++++++++++++++++++++++++++
 Total energy                               :       -76.20248984
 _______________________________________________________________
 Fermi energy                               :         0.23477334
 Kinetic energy                             :        76.16885487
 Coulomb energy                             :      -141.50557989
 Exchange energy                            :       -10.44045906
 Correlation energy                         :        -0.42530576
 
 DOS at Fermi energy (states/Ha/cell)       :         1.02241203
 
 Electron charges :
     core                                   :         4.00000000
     core leakage                           :         0.00131845
     valence                                :         8.00000000
     interstitial                           :         4.62291064
     charge in muffin-tin spheres :
                  atom     1     C          :         3.68854468
                  atom     2     C          :         3.68854468
     total charge in muffin-tins            :         7.37708936
     total charge                           :        12.00000000
 
 Wall time (seconds)                        :       518.04
 
 RMS change in effective potential (target) :  0.754551E-03  ( 0.100000E-05)
 Absolute change in total energy   (target) :  0.286398      ( 0.100000E-06)
 Charge distance                   (target) :  0.453649E-02  ( 0.100000E-04)
 Abs. change in max-nonIBS-force   (target) :  0.708742E-02  ( 0.250000E-05)
 
++++++++++++++++++++++++++++++++++++++++++++++++++++++++++++++++++++++++++++++++
| SCF iteration number :    7                                                  +
++++++++++++++++++++++++++++++++++++++++++++++++++++++++++++++++++++++++++++++++
 Total energy                               :       -76.20196194
 _______________________________________________________________
 Fermi energy                               :         0.23478365
 Kinetic energy                             :        76.16960988
 Coulomb energy                             :      -141.50583377
 Exchange energy                            :       -10.44043372
 Correlation energy                         :        -0.42530434
 
 DOS at Fermi energy (states/Ha/cell)       :         1.02270676
 
 Electron charges :
     core                                   :         4.00000000
     core leakage                           :         0.00131835
     valence                                :         8.00000000
     interstitial                           :         4.62297368
     charge in muffin-tin spheres :
                  atom     1     C          :         3.68851316
                  atom     2     C          :         3.68851316
     total charge in muffin-tins            :         7.37702632
     total charge                           :        12.00000000
 
 Wall time (seconds)                        :       603.77
 
 RMS change in effective potential (target) :  0.189258E-03  ( 0.100000E-05)
 Absolute change in total energy   (target) :  0.527893E-03  ( 0.100000E-06)
 Charge distance                   (target) :  0.358335E-04  ( 0.100000E-04)
 Abs. change in max-nonIBS-force   (target) :  0.115200E-03  ( 0.250000E-05)
 
++++++++++++++++++++++++++++++++++++++++++++++++++++++++++++++++++++++++++++++++
| SCF iteration number :    8                                                  +
++++++++++++++++++++++++++++++++++++++++++++++++++++++++++++++++++++++++++++++++
 Total energy                               :       -76.20300410
 _______________________________________________________________
 Fermi energy                               :         0.23475631
 Kinetic energy                             :        76.16883063
 Coulomb energy                             :      -141.50605108
 Exchange energy                            :       -10.44048019
 Correlation energy                         :        -0.42530346
 
 DOS at Fermi energy (states/Ha/cell)       :         1.02255005
 
 Electron charges :
     core                                   :         4.00000000
     core leakage                           :         0.00131835
     valence                                :         8.00000000
     interstitial                           :         4.62289358
     charge in muffin-tin spheres :
                  atom     1     C          :         3.68855321
                  atom     2     C          :         3.68855321
     total charge in muffin-tins            :         7.37710642
     total charge                           :        12.00000000
 
 Wall time (seconds)                        :       689.02
 
 RMS change in effective potential (target) :  0.281193E-04  ( 0.100000E-05)
 Absolute change in total energy   (target) :  0.104215E-02  ( 0.100000E-06)
 Charge distance                   (target) :  0.186253E-04  ( 0.100000E-04)
 Abs. change in max-nonIBS-force   (target) :  0.379384E-04  ( 0.250000E-05)
 
++++++++++++++++++++++++++++++++++++++++++++++++++++++++++++++++++++++++++++++++
| SCF iteration number :    9                                                  +
++++++++++++++++++++++++++++++++++++++++++++++++++++++++++++++++++++++++++++++++
 Total energy                               :       -76.20288876
 _______________________________________________________________
 Fermi energy                               :         0.23475908
 Kinetic energy                             :        76.16890072
 Coulomb energy                             :      -141.50601119
 Exchange energy                            :       -10.44047467
 Correlation energy                         :        -0.42530362
 
 DOS at Fermi energy (states/Ha/cell)       :         1.02256205
 
 Electron charges :
     core                                   :         4.00000000
     core leakage                           :         0.00131835
     valence                                :         8.00000000
     interstitial                           :         4.62290223
     charge in muffin-tin spheres :
                  atom     1     C          :         3.68854889
                  atom     2     C          :         3.68854889
     total charge in muffin-tins            :         7.37709777
     total charge                           :        12.00000000
 
 Wall time (seconds)                        :       774.39
 
 RMS change in effective potential (target) :  0.197648E-05  ( 0.100000E-05)
 Absolute change in total energy   (target) :  0.115339E-03  ( 0.100000E-06)
 Charge distance                   (target) :  0.184833E-05  ( 0.100000E-04)
 Abs. change in max-nonIBS-force   (target) :  0.496630E-05  ( 0.250000E-05)
 
++++++++++++++++++++++++++++++++++++++++++++++++++++++++++++++++++++++++++++++++
| SCF iteration number :   10                                                  +
++++++++++++++++++++++++++++++++++++++++++++++++++++++++++++++++++++++++++++++++
 Total energy                               :       -76.20288742
 _______________________________________________________________
 Fermi energy                               :         0.23475914
 Kinetic energy                             :        76.16890202
 Coulomb energy                             :      -141.50601122
 Exchange energy                            :       -10.44047460
 Correlation energy                         :        -0.42530362
 
 DOS at Fermi energy (states/Ha/cell)       :         1.02256163
 
 Electron charges :
     core                                   :         4.00000000
     core leakage                           :         0.00131835
     valence                                :         8.00000000
     interstitial                           :         4.62290239
     charge in muffin-tin spheres :
                  atom     1     C          :         3.68854881
                  atom     2     C          :         3.68854881
     total charge in muffin-tins            :         7.37709761
     total charge                           :        12.00000000
 
 Wall time (seconds)                        :       859.76
 
 RMS change in effective potential (target) :  0.277978E-06  ( 0.100000E-05)
 Absolute change in total energy   (target) :  0.133364E-05  ( 0.100000E-06)
 Charge distance                   (target) :  0.365101E-06  ( 0.100000E-04)
 Abs. change in max-nonIBS-force   (target) :  0.533108E-05  ( 0.250000E-05)
 
++++++++++++++++++++++++++++++++++++++++++++++++++++++++++++++++++++++++++++++++
| SCF iteration number :   11                                                  +
++++++++++++++++++++++++++++++++++++++++++++++++++++++++++++++++++++++++++++++++
 Total energy                               :       -76.20288743
 _______________________________________________________________
 Fermi energy                               :         0.23475915
 Kinetic energy                             :        76.16890212
 Coulomb energy                             :      -141.50601132
 Exchange energy                            :       -10.44047461
 Correlation energy                         :        -0.42530362
 
 DOS at Fermi energy (states/Ha/cell)       :         1.02256177
 
 Electron charges :
     core                                   :         4.00000000
     core leakage                           :         0.00131835
     valence                                :         8.00000000
     interstitial                           :         4.62290238
     charge in muffin-tin spheres :
                  atom     1     C          :         3.68854881
                  atom     2     C          :         3.68854881
     total charge in muffin-tins            :         7.37709762
     total charge                           :        12.00000000
 
 Wall time (seconds)                        :       945.47
 
 RMS change in effective potential (target) :  0.139923E-07  ( 0.100000E-05)
 Absolute change in total energy   (target) :  0.475328E-08  ( 0.100000E-06)
 Charge distance                   (target) :  0.612273E-07  ( 0.100000E-04)
 Abs. change in max-nonIBS-force   (target) :  0.106928E-05  ( 0.250000E-05)
 
++++++++++++++++++++++++++++++++++++++++++++++++++++++++++++++++++++++++++++++++
| Convergence targets achieved. Performing final SCF iteration                 +
++++++++++++++++++++++++++++++++++++++++++++++++++++++++++++++++++++++++++++++++
 Total energy                               :       -76.21150348
 _______________________________________________________________
 Fermi energy                               :         0.23475914
 Kinetic energy                             :        76.16890210
 Coulomb energy                             :      -141.50601133
 Exchange energy                            :       -10.44047461
 Correlation energy                         :        -0.42530362
 DFT-D2 dispersion correction               :        -0.00861603
 
 DOS at Fermi energy (states/Ha/cell)       :         1.02256176
 
 Electron charges :
     core                                   :         4.00000000
     core leakage                           :         0.00131835
     valence                                :         8.00000000
     interstitial                           :         4.62290238
     charge in muffin-tin spheres :
                  atom     1     C          :         3.68854881
                  atom     2     C          :         3.68854881
     total charge in muffin-tins            :         7.37709762
     total charge                           :        12.00000000
 
++++++++++++++++++++++++++++++++++++++++++++++++++++++++++++++++++++++++++++++++
| Self-consistent loop stopped                                                 +
++++++++++++++++++++++++++++++++++++++++++++++++++++++++++++++++++++++++++++++++
 STATE.OUT is written
 
--------------------------------------------------------------------------------
| Writing atomic positions and forces                                          -
--------------------------------------------------------------------------------
 
 Atomic positions (lattice) :
 atom     1   C  :     0.00000000    0.00000000    0.00000000
 atom     2   C  :     0.33333333    0.33333333    0.00000000
 
 Total atomic forces including IBS (cartesian) :
 atom     1   C  :     0.00000000   -0.01524899    0.00000000
 atom     2   C  :     0.00000000    0.01524899    0.00000000
 
 Atomic force components including IBS (cartesian) :
 atom     1   C  :     0.00000000   -0.00566025    0.00000000   HF force
                 :     0.00000000   -0.00961574    0.00000000   core correction
                 :     0.00000000   -0.00004700    0.00000000   IBS correction
                 :     0.00000000    0.00007400    0.00000000   DFT-D2 force
 atom     2   C  :     0.00000000    0.00566025    0.00000000   HF force
                 :     0.00000000    0.00961574    0.00000000   core correction
                 :     0.00000000    0.00004700    0.00000000   IBS correction
                 :     0.00000000   -0.00007400    0.00000000   DFT-D2 force
 
********************************************************************************
| Groundstate module stopped                                                   *
********************************************************************************
 
********************************************************************************
| Structure-optimization module started                                        *
********************************************************************************
 Output level for this task is set to normal
 
 Maximum displacement tau_BFGS   is         :         0.3000
 Maximum displacement tau_newton is         :         0.8000
 
++++++++++++++++++++++++++++++++++++++++++++++++++++++++++++++++++++++++++++++++
| Use harmonic method for optimizing atomic positions                          +
++++++++++++++++++++++++++++++++++++++++++++++++++++++++++++++++++++++++++++++++
 
--------------------------------------------------------------------------------
| Optimization step 0: Initialize optimization                                 -
--------------------------------------------------------------------------------
 Maximum force magnitude           (target) :         0.01524899  (  0.00001000)
 Total energy at this optimization step     :       -76.21150348
 
 Atomic positions at this step (lattice) :
 atom     1   C  :     0.00000000    0.00000000    0.00000000
 atom     2   C  :     0.33333333    0.33333333    0.00000000
 
 Total atomic forces including IBS (cartesian) :
 atom     1   C  :     0.00000000   -0.01524899    0.00000000
 atom     2   C  :     0.00000000    0.01524899    0.00000000
 
--------------------------------------------------------------------------------
| Optimization step    1    (method = harmonic)                                -
--------------------------------------------------------------------------------
 Number of scf iterations                   :        12  (full newton step)
 Maximum force magnitude           (target) :         0.00132524  (  0.00001000)
 Total energy at this optimization step     :       -76.21166935
 
 Atomic positions at this step (lattice) :
 atom     1   C  :     0.00000000    0.00000000    0.00000000
 atom     2   C  :     0.33648892    0.33648892    0.00000000
 
 Total atomic forces including IBS (cartesian) :
 atom     1   C  :     0.00000000    0.00132524    0.00000000
 atom     2   C  :     0.00000000   -0.00132524    0.00000000
 
 Time spent in this optimization step       :      1106.38 seconds
 
--------------------------------------------------------------------------------
| Optimization step    2    (method = harmonic)                                -
--------------------------------------------------------------------------------
 Number of scf iterations                   :        12  (full harmonic step)
 Maximum force magnitude           (target) :         0.00002243  (  0.00001000)
 Total energy at this optimization step     :       -76.21167088
 
 Atomic positions at this step (lattice) :
 atom     1   C  :     0.00000000    0.00000000    0.00000000
 atom     2   C  :     0.33623660    0.33623660    0.00000000
 
 Total atomic forces including IBS (cartesian) :
 atom     1   C  :     0.00000000    0.00002243    0.00000000
 atom     2   C  :     0.00000000   -0.00002243    0.00000000
 
 Time spent in this optimization step       :      1103.41 seconds
 
--------------------------------------------------------------------------------
| Optimization step    3    (method = harmonic)                                -
--------------------------------------------------------------------------------
 Number of scf iterations                   :        10  (full harmonic step)
 Maximum force magnitude           (target) :         0.00000003  (  0.00001000)
 Total energy at this optimization step     :       -76.21167089
 
 Atomic positions at this step (lattice) :
 atom     1   C  :     0.00000000    0.00000000    0.00000000
 atom     2   C  :     0.33623226    0.33623226    0.00000000
 
 Total atomic forces including IBS (cartesian) :
 atom     1   C  :     0.00000000   -0.00000003    0.00000000
 atom     2   C  :     0.00000000    0.00000003    0.00000000
 
 Time spent in this optimization step       :       925.39 seconds
 
++++++++++++++++++++++++++++++++++++++++++++++++++++++++++++++++++++++++++++++++
| Force convergence target achieved                                            +
++++++++++++++++++++++++++++++++++++++++++++++++++++++++++++++++++++++++++++++++
 Total energy                               :       -76.21167089
 _______________________________________________________________
 Fermi energy                               :         0.23474343
 Kinetic energy                             :        76.16490679
 Coulomb energy                             :      -141.50285715
 Exchange energy                            :       -10.43979461
 Correlation energy                         :        -0.42531140
 DFT-D2 dispersion correction               :        -0.00861451
 
 DOS at Fermi energy (states/Ha/cell)       :         1.01864874
 
 Electron charges :
     core                                   :         4.00000000
     core leakage                           :         0.00131815
     valence                                :         8.00000000
     interstitial                           :         4.62491435
     charge in muffin-tin spheres :
                  atom     1     C          :         3.68754282
                  atom     2     C          :         3.68754282
     total charge in muffin-tins            :         7.37508565
     total charge                           :        12.00000000
 
 Optimized atomic positions (lattice) :
 atom     1   C  :     0.00000000    0.00000000    0.00000000
 atom     2   C  :     0.33623226    0.33623226    0.00000000
 
 Total atomic forces including IBS (cartesian) :
 atom     1   C  :     0.00000000   -0.00000003    0.00000000
 atom     2   C  :     0.00000000    0.00000003    0.00000000
 
 Atomic force components including IBS (cartesian) :
 atom     1   C  :     0.00000000    0.01012442    0.00000000   HF force
                 :     0.00000000   -0.00999748    0.00000000   core correction
                 :     0.00000000   -0.00018802    0.00000000   IBS correction
                 :     0.00000000    0.00006104    0.00000000   DFT-D2 force
 atom     2   C  :     0.00000000   -0.01012442    0.00000000   HF force
                 :     0.00000000    0.00999748    0.00000000   core correction
                 :     0.00000000    0.00018802    0.00000000   IBS correction
                 :     0.00000000   -0.00006104    0.00000000   DFT-D2 force
 
********************************************************************************
| Structure-optimization module stopped                                        *
********************************************************************************
 
 Total time spent (seconds)                 :      4248.15
 
================================================================================
| EXCITING BORON stopped                                                       =
================================================================================
