================================================================================
| EXCITING BORON started                                                       =
| version hash id:                                                             =
| MPI version using     16 processor(s)                                        =
|                                                                              =
| Date (DD-MM-YYYY) : 12-08-2015                                               =
| Time (hh:mm:ss)   : 21:55:23                                                 =
|                                                                              =
| All units are atomic (Hartree, Bohr, etc.)                                   =
================================================================================
 
********************************************************************************
| Structural optimisation starting from atomic densities                       *
********************************************************************************
 
++++++++++++++++++++++++++++++++++++++++++++++++++++++++++++++++++++++++++++++++
| Starting initialization                                                      +
++++++++++++++++++++++++++++++++++++++++++++++++++++++++++++++++++++++++++++++++
 
 Lattice vectors (cartesian) :
      2.2799850526      4.0304822292      0.0000000000
     -2.2799850526      4.0304822292      0.0000000000
      0.0000000000      0.0000000000      6.5761020000
 
 Reciprocal lattice vectors (cartesian) :
      1.3779005481      0.7794582571      0.0000000000
     -1.3779005481      0.7794582571      0.0000000000
      0.0000000000      0.0000000000      0.9554573982
 
 Unit cell volume                           :     120.8613794941
 Brillouin zone volume                      :       2.0523529889
 
 Species :    1 (C)
     parameters loaded from                 :    C.xml
     name                                   :    carbon
     nuclear charge                         :      -6.00000000
     electronic charge                      :       6.00000000
     atomic mass                            :   21894.16673000
     muffin-tin radius                      :       1.20000000
     # of radial points in muffin-tin       :     250
 
     atomic positions (lattice) :
       1 :   0.00000000  0.00000000  0.00000000
       2 :   0.33333333  0.33333333  0.00000000
 
 Total number of atoms per unit cell        :       2
 
 Spin treatment                             :    spin-unpolarised
 
 Number of Bravais lattice symmetries       :       8
 Number of crystal symmetries               :       8
 
 k-point grid                               :      34   34   24
 Total number of k-points                   :    3991
 k-point set is reduced with crystal symmetries
 
 R^MT_min * |G+k|_max (rgkmax)              :       8.00000000
 Species with R^MT_min                      :       1 (C)
 Maximum |G+k| for APW functions            :       6.66666667
 Maximum |G| for potential and density      :      20.00000000
 
 G-vector grid sizes                        :      30    30    45
 Total number of G-vectors                  :   16323
 
 Maximum angular momentum used for
     APW functions                          :       8
     computing H and O matrix elements      :       8
     potential and density                  :       8
     inner part of muffin-tin               :       2
 
 Total nuclear charge                       :     -12.00000000
 Total electronic charge                    :      12.00000000
 Total core charge                          :       4.00000000
 Total valence charge                       :       8.00000000
 
 Number of empty states                     :       5
 Total number of valence states             :      10
 
 Maximum Hamiltonian size                   :     638
 Maximum number of plane-waves              :     630
 Total number of local-orbitals             :       8
 
 Exchange-correlation type                  :      20
     Perdew-Burke-Ernzerhof, Phys. Rev. Lett. 77, 3865 (1996)
     Generalised gradient approximation (GGA)
 
 Smearing scheme                            :    Gaussian
 Smearing width                             :       0.01000000
 
 Using multisecant Broyden potential mixing
 
++++++++++++++++++++++++++++++++++++++++++++++++++++++++++++++++++++++++++++++++
| Ending initialization                                                        +
++++++++++++++++++++++++++++++++++++++++++++++++++++++++++++++++++++++++++++++++
 
********************************************************************************
| Groundstate module started                                                   *
********************************************************************************
 Output level for this task is set to normal
 
++++++++++++++++++++++++++++++++++++++++++++++++++++++++++++++++++++++++++++++++
| Self-consistent loop started                                                 +
++++++++++++++++++++++++++++++++++++++++++++++++++++++++++++++++++++++++++++++++
 Density and potential initialised from atomic data
 
 
++++++++++++++++++++++++++++++++++++++++++++++++++++++++++++++++++++++++++++++++
| SCF iteration number :    1                                                  +
++++++++++++++++++++++++++++++++++++++++++++++++++++++++++++++++++++++++++++++++
 Total energy                               :       -78.48001087
 _______________________________________________________________
 Fermi energy                               :         0.16550237
 Kinetic energy                             :        74.51393394
 Coulomb energy                             :      -142.04398664
 Exchange energy                            :       -10.52929867
 Correlation energy                         :        -0.42065950
 
 DOS at Fermi energy (states/Ha/cell)       :         0.87843942
 
 Electron charges :
     core                                   :         4.00000000
     core leakage                           :         0.00128504
     valence                                :         8.00000000
     interstitial                           :         4.48097763
     charge in muffin-tin spheres :
                  atom     1     C          :         3.75951118
                  atom     2     C          :         3.75951118
     total charge in muffin-tins            :         7.51902237
     total charge                           :        12.00000000
 
 Wall time (seconds)                        :        92.77
 
++++++++++++++++++++++++++++++++++++++++++++++++++++++++++++++++++++++++++++++++
| SCF iteration number :    2                                                  +
++++++++++++++++++++++++++++++++++++++++++++++++++++++++++++++++++++++++++++++++
 Total energy                               :       -77.64539667
 _______________________________________________________________
 Fermi energy                               :         0.18882352
 Kinetic energy                             :        75.08316622
 Coulomb energy                             :      -141.81752047
 Exchange energy                            :       -10.48945024
 Correlation energy                         :        -0.42159218
 
 DOS at Fermi energy (states/Ha/cell)       :         0.94609536
 
 Electron charges :
     core                                   :         4.00000000
     core leakage                           :         0.00129827
     valence                                :         8.00000000
     interstitial                           :         4.54775598
     charge in muffin-tin spheres :
                  atom     1     C          :         3.72612201
                  atom     2     C          :         3.72612201
     total charge in muffin-tins            :         7.45224402
     total charge                           :        12.00000000
 
 Wall time (seconds)                        :       183.29
 
 RMS change in effective potential (target) :   1.61334      ( 0.100000E-05)
 Absolute change in total energy   (target) :  0.834614      ( 0.100000E-06)
 Charge distance                   (target) :  0.134751E-01  ( 0.100000E-04)
 Abs. change in max-nonIBS-force   (target) :  0.203725E-01  ( 0.250000E-05)
 
++++++++++++++++++++++++++++++++++++++++++++++++++++++++++++++++++++++++++++++++
| SCF iteration number :    3                                                  +
++++++++++++++++++++++++++++++++++++++++++++++++++++++++++++++++++++++++++++++++
 Total energy                               :       -77.05374181
 _______________________________________________________________
 Fermi energy                               :         0.20471532
 Kinetic energy                             :        75.48275251
 Coulomb energy                             :      -141.65364035
 Exchange energy                            :       -10.46052488
 Correlation energy                         :        -0.42232908
 
 DOS at Fermi energy (states/Ha/cell)       :         1.00024163
 
 Electron charges :
     core                                   :         4.00000000
     core leakage                           :         0.00130685
     valence                                :         8.00000000
     interstitial                           :         4.59648399
     charge in muffin-tin spheres :
                  atom     1     C          :         3.70175800
                  atom     2     C          :         3.70175800
     total charge in muffin-tins            :         7.40351601
     total charge                           :        12.00000000
 
 Wall time (seconds)                        :       273.77
 
 RMS change in effective potential (target) :   1.19125      ( 0.100000E-05)
 Absolute change in total energy   (target) :  0.591655      ( 0.100000E-06)
 Charge distance                   (target) :  0.994918E-02  ( 0.100000E-04)
 Abs. change in max-nonIBS-force   (target) :  0.957904E-02  ( 0.250000E-05)
 
++++++++++++++++++++++++++++++++++++++++++++++++++++++++++++++++++++++++++++++++
| SCF iteration number :    4                                                  +
++++++++++++++++++++++++++++++++++++++++++++++++++++++++++++++++++++++++++++++++
 Total energy                               :       -76.79330397
 _______________________________________________________________
 Fermi energy                               :         0.21091713
 Kinetic energy                             :        75.67327882
 Coulomb energy                             :      -141.59906194
 Exchange energy                            :       -10.44470471
 Correlation energy                         :        -0.42281614
 
 DOS at Fermi energy (states/Ha/cell)       :         1.03598923
 
 Electron charges :
     core                                   :         4.00000000
     core leakage                           :         0.00129924
     valence                                :         8.00000000
     interstitial                           :         4.62788318
     charge in muffin-tin spheres :
                  atom     1     C          :         3.68605841
                  atom     2     C          :         3.68605841
     total charge in muffin-tins            :         7.37211682
     total charge                           :        12.00000000
 
 Wall time (seconds)                        :       364.00
 
 RMS change in effective potential (target) :  0.706606E-01  ( 0.100000E-05)
 Absolute change in total energy   (target) :  0.260438      ( 0.100000E-06)
 Charge distance                   (target) :  0.692400E-02  ( 0.100000E-04)
 Abs. change in max-nonIBS-force   (target) :  0.102084E-01  ( 0.250000E-05)
 
++++++++++++++++++++++++++++++++++++++++++++++++++++++++++++++++++++++++++++++++
| SCF iteration number :    5                                                  +
++++++++++++++++++++++++++++++++++++++++++++++++++++++++++++++++++++++++++++++++
 Total energy                               :       -75.92644217
 _______________________________________________________________
 Fermi energy                               :         0.23314577
 Kinetic energy                             :        76.23428798
 Coulomb energy                             :      -141.33354410
 Exchange energy                            :       -10.40323347
 Correlation energy                         :        -0.42395258
 
 DOS at Fermi energy (states/Ha/cell)       :         1.12308971
 
 Electron charges :
     core                                   :         4.00000000
     core leakage                           :         0.00131976
     valence                                :         8.00000000
     interstitial                           :         4.69479837
     charge in muffin-tin spheres :
                  atom     1     C          :         3.65260081
                  atom     2     C          :         3.65260081
     total charge in muffin-tins            :         7.30520163
     total charge                           :        12.00000000
 
 Wall time (seconds)                        :       455.09
 
 RMS change in effective potential (target) :  0.336048E-01  ( 0.100000E-05)
 Absolute change in total energy   (target) :  0.866862      ( 0.100000E-06)
 Charge distance                   (target) :  0.135471E-01  ( 0.100000E-04)
 Abs. change in max-nonIBS-force   (target) :  0.828097E-02  ( 0.250000E-05)
 
++++++++++++++++++++++++++++++++++++++++++++++++++++++++++++++++++++++++++++++++
| SCF iteration number :    6                                                  +
++++++++++++++++++++++++++++++++++++++++++++++++++++++++++++++++++++++++++++++++
 Total energy                               :       -76.20526234
 _______________________________________________________________
 Fermi energy                               :         0.22614576
 Kinetic energy                             :        76.05423378
 Coulomb energy                             :      -141.41921235
 Exchange energy                            :       -10.41670535
 Correlation energy                         :        -0.42357842
 
 DOS at Fermi energy (states/Ha/cell)       :         1.09314287
 
 Electron charges :
     core                                   :         4.00000000
     core leakage                           :         0.00131342
     valence                                :         8.00000000
     interstitial                           :         4.67299958
     charge in muffin-tin spheres :
                  atom     1     C          :         3.66350021
                  atom     2     C          :         3.66350021
     total charge in muffin-tins            :         7.32700042
     total charge                           :        12.00000000
 
 Wall time (seconds)                        :       546.53
 
 RMS change in effective potential (target) :  0.683916E-03  ( 0.100000E-05)
 Absolute change in total energy   (target) :  0.278820      ( 0.100000E-06)
 Charge distance                   (target) :  0.445547E-02  ( 0.100000E-04)
 Abs. change in max-nonIBS-force   (target) :  0.344189E-02  ( 0.250000E-05)
 
++++++++++++++++++++++++++++++++++++++++++++++++++++++++++++++++++++++++++++++++
| SCF iteration number :    7                                                  +
++++++++++++++++++++++++++++++++++++++++++++++++++++++++++++++++++++++++++++++++
 Total energy                               :       -76.20528208
 _______________________________________________________________
 Fermi energy                               :         0.22614160
 Kinetic energy                             :        76.05456391
 Coulomb energy                             :      -141.41956558
 Exchange energy                            :       -10.41670385
 Correlation energy                         :        -0.42357657
 
 DOS at Fermi energy (states/Ha/cell)       :         1.09333642
 
 Electron charges :
     core                                   :         4.00000000
     core leakage                           :         0.00131332
     valence                                :         8.00000000
     interstitial                           :         4.67302015
     charge in muffin-tin spheres :
                  atom     1     C          :         3.66348992
                  atom     2     C          :         3.66348992
     total charge in muffin-tins            :         7.32697985
     total charge                           :        12.00000000
 
 Wall time (seconds)                        :       637.47
 
 RMS change in effective potential (target) :  0.165148E-03  ( 0.100000E-05)
 Absolute change in total energy   (target) :  0.197426E-04  ( 0.100000E-06)
 Charge distance                   (target) :  0.254265E-04  ( 0.100000E-04)
 Abs. change in max-nonIBS-force   (target) :  0.470043E-04  ( 0.250000E-05)
 
++++++++++++++++++++++++++++++++++++++++++++++++++++++++++++++++++++++++++++++++
| SCF iteration number :    8                                                  +
++++++++++++++++++++++++++++++++++++++++++++++++++++++++++++++++++++++++++++++++
 Total energy                               :       -76.20616379
 _______________________________________________________________
 Fermi energy                               :         0.22611846
 Kinetic energy                             :        76.05390435
 Coulomb energy                             :      -141.41974867
 Exchange energy                            :       -10.41674367
 Correlation energy                         :        -0.42357580
 
 DOS at Fermi energy (states/Ha/cell)       :         1.09321159
 
 Electron charges :
     core                                   :         4.00000000
     core leakage                           :         0.00131332
     valence                                :         8.00000000
     interstitial                           :         4.67295160
     charge in muffin-tin spheres :
                  atom     1     C          :         3.66352420
                  atom     2     C          :         3.66352420
     total charge in muffin-tins            :         7.32704840
     total charge                           :        12.00000000
 
 Wall time (seconds)                        :       728.56
 
 RMS change in effective potential (target) :  0.224760E-04  ( 0.100000E-05)
 Absolute change in total energy   (target) :  0.881709E-03  ( 0.100000E-06)
 Charge distance                   (target) :  0.159998E-04  ( 0.100000E-04)
 Abs. change in max-nonIBS-force   (target) :  0.135382E-04  ( 0.250000E-05)
 
++++++++++++++++++++++++++++++++++++++++++++++++++++++++++++++++++++++++++++++++
| SCF iteration number :    9                                                  +
++++++++++++++++++++++++++++++++++++++++++++++++++++++++++++++++++++++++++++++++
 Total energy                               :       -76.20604733
 _______________________________________________________________
 Fermi energy                               :         0.22612131
 Kinetic energy                             :        76.05397630
 Coulomb energy                             :      -141.41970961
 Exchange energy                            :       -10.41673806
 Correlation energy                         :        -0.42357597
 
 DOS at Fermi energy (states/Ha/cell)       :         1.09322289
 
 Electron charges :
     core                                   :         4.00000000
     core leakage                           :         0.00131332
     valence                                :         8.00000000
     interstitial                           :         4.67296049
     charge in muffin-tin spheres :
                  atom     1     C          :         3.66351975
                  atom     2     C          :         3.66351975
     total charge in muffin-tins            :         7.32703951
     total charge                           :        12.00000000
 
 Wall time (seconds)                        :       819.75
 
 RMS change in effective potential (target) :  0.169451E-05  ( 0.100000E-05)
 Absolute change in total energy   (target) :  0.116460E-03  ( 0.100000E-06)
 Charge distance                   (target) :  0.178115E-05  ( 0.100000E-04)
 Abs. change in max-nonIBS-force   (target) :  0.166879E-05  ( 0.250000E-05)
 
++++++++++++++++++++++++++++++++++++++++++++++++++++++++++++++++++++++++++++++++
| SCF iteration number :   10                                                  +
++++++++++++++++++++++++++++++++++++++++++++++++++++++++++++++++++++++++++++++++
 Total energy                               :       -76.20604740
 _______________________________________________________________
 Fermi energy                               :         0.22612133
 Kinetic energy                             :        76.05397676
 Coulomb energy                             :      -141.41971012
 Exchange energy                            :       -10.41673807
 Correlation energy                         :        -0.42357597
 
 DOS at Fermi energy (states/Ha/cell)       :         1.09322255
 
 Electron charges :
     core                                   :         4.00000000
     core leakage                           :         0.00131332
     valence                                :         8.00000000
     interstitial                           :         4.67296050
     charge in muffin-tin spheres :
                  atom     1     C          :         3.66351975
                  atom     2     C          :         3.66351975
     total charge in muffin-tins            :         7.32703950
     total charge                           :        12.00000000
 
 Wall time (seconds)                        :       910.80
 
 RMS change in effective potential (target) :  0.131763E-06  ( 0.100000E-05)
 Absolute change in total energy   (target) :  0.674103E-07  ( 0.100000E-06)
 Charge distance                   (target) :  0.171548E-06  ( 0.100000E-04)
 Abs. change in max-nonIBS-force   (target) :  0.211081E-05  ( 0.250000E-05)
 
++++++++++++++++++++++++++++++++++++++++++++++++++++++++++++++++++++++++++++++++
| Convergence targets achieved. Performing final SCF iteration                 +
++++++++++++++++++++++++++++++++++++++++++++++++++++++++++++++++++++++++++++++++
 Total energy                               :       -76.21453306
 _______________________________________________________________
 Fermi energy                               :         0.22612133
 Kinetic energy                             :        76.05397681
 Coulomb energy                             :      -141.41971016
 Exchange energy                            :       -10.41673808
 Correlation energy                         :        -0.42357597
 DFT-D2 dispersion correction               :        -0.00848566
 
 DOS at Fermi energy (states/Ha/cell)       :         1.09322269
 
 Electron charges :
     core                                   :         4.00000000
     core leakage                           :         0.00131332
     valence                                :         8.00000000
     interstitial                           :         4.67296049
     charge in muffin-tin spheres :
                  atom     1     C          :         3.66351975
                  atom     2     C          :         3.66351975
     total charge in muffin-tins            :         7.32703951
     total charge                           :        12.00000000
 
++++++++++++++++++++++++++++++++++++++++++++++++++++++++++++++++++++++++++++++++
| Self-consistent loop stopped                                                 +
++++++++++++++++++++++++++++++++++++++++++++++++++++++++++++++++++++++++++++++++
 STATE.OUT is written
 
--------------------------------------------------------------------------------
| Writing atomic positions and forces                                          -
--------------------------------------------------------------------------------
 
 Atomic positions (lattice) :
 atom     1   C  :     0.00000000    0.00000000    0.00000000
 atom     2   C  :     0.33333333    0.33333333    0.00000000
 
 Total atomic forces including IBS (cartesian) :
 atom     1   C  :     0.00000000    0.00530287    0.00000000
 atom     2   C  :     0.00000000   -0.00530287    0.00000000
 
 Atomic force components including IBS (cartesian) :
 atom     1   C  :     0.00000000    0.00037761    0.00000000   HF force
                 :     0.00000000    0.00501265    0.00000000   core correction
                 :     0.00000000   -0.00002093    0.00000000   IBS correction
                 :     0.00000000   -0.00006646    0.00000000   DFT-D2 force
 atom     2   C  :     0.00000000   -0.00037761    0.00000000   HF force
                 :     0.00000000   -0.00501265    0.00000000   core correction
                 :     0.00000000    0.00002093    0.00000000   IBS correction
                 :     0.00000000    0.00006646    0.00000000   DFT-D2 force
 
********************************************************************************
| Groundstate module stopped                                                   *
********************************************************************************
 
********************************************************************************
| Structure-optimization module started                                        *
********************************************************************************
 Output level for this task is set to normal
 
 Maximum displacement tau_BFGS   is         :         0.3000
 Maximum displacement tau_newton is         :         0.8000
 
++++++++++++++++++++++++++++++++++++++++++++++++++++++++++++++++++++++++++++++++
| Use harmonic method for optimizing atomic positions                          +
++++++++++++++++++++++++++++++++++++++++++++++++++++++++++++++++++++++++++++++++
 
--------------------------------------------------------------------------------
| Optimization step 0: Initialize optimization                                 -
--------------------------------------------------------------------------------
 Maximum force magnitude           (target) :         0.00530287  (  0.00001000)
 Total energy at this optimization step     :       -76.21453306
 
 Atomic positions at this step (lattice) :
 atom     1   C  :     0.00000000    0.00000000    0.00000000
 atom     2   C  :     0.33333333    0.33333333    0.00000000
 
 Total atomic forces including IBS (cartesian) :
 atom     1   C  :     0.00000000    0.00530287    0.00000000
 atom     2   C  :     0.00000000   -0.00530287    0.00000000
 
--------------------------------------------------------------------------------
| Optimization step    1    (method = harmonic)                                -
--------------------------------------------------------------------------------
 Number of scf iterations                   :        12  (full newton step)
 Maximum force magnitude           (target) :         0.00032046  (  0.00001000)
 Total energy at this optimization step     :       -76.21455742
 
 Atomic positions at this step (lattice) :
 atom     1   C  :     0.00000000    0.00000000    0.00000000
 atom     2   C  :     0.33228078    0.33228078    0.00000000
 
 Total atomic forces including IBS (cartesian) :
 atom     1   C  :     0.00000000    0.00032046    0.00000000
 atom     2   C  :     0.00000000   -0.00032046    0.00000000
 
 Time spent in this optimization step       :      1169.98 seconds
 
--------------------------------------------------------------------------------
| Optimization step    2    (method = harmonic)                                -
--------------------------------------------------------------------------------
 Number of scf iterations                   :        12  (full harmonic step)
 Maximum force magnitude           (target) :         0.00000178  (  0.00001000)
 Total energy at this optimization step     :       -76.21455754
 
 Atomic positions at this step (lattice) :
 atom     1   C  :     0.00000000    0.00000000    0.00000000
 atom     2   C  :     0.33221308    0.33221308    0.00000000
 
 Total atomic forces including IBS (cartesian) :
 atom     1   C  :     0.00000000   -0.00000178    0.00000000
 atom     2   C  :     0.00000000    0.00000178    0.00000000
 
 Time spent in this optimization step       :      1172.52 seconds
 
++++++++++++++++++++++++++++++++++++++++++++++++++++++++++++++++++++++++++++++++
| Force convergence target achieved                                            +
++++++++++++++++++++++++++++++++++++++++++++++++++++++++++++++++++++++++++++++++
 Total energy                               :       -76.21455754
 _______________________________________________________________
 Fermi energy                               :         0.22612150
 Kinetic energy                             :        76.05321040
 Coulomb energy                             :      -141.41909958
 Exchange energy                            :       -10.41660613
 Correlation energy                         :        -0.42357717
 DFT-D2 dispersion correction               :        -0.00848505
 
 DOS at Fermi energy (states/Ha/cell)       :         1.08849605
 
 Electron charges :
     core                                   :         4.00000000
     core leakage                           :         0.00131328
     valence                                :         8.00000000
     interstitial                           :         4.67334387
     charge in muffin-tin spheres :
                  atom     1     C          :         3.66332807
                  atom     2     C          :         3.66332807
     total charge in muffin-tins            :         7.32665613
     total charge                           :        12.00000000
 
 Optimized atomic positions (lattice) :
 atom     1   C  :     0.00000000    0.00000000    0.00000000
 atom     2   C  :     0.33221308    0.33221308    0.00000000
 
 Total atomic forces including IBS (cartesian) :
 atom     1   C  :     0.00000000   -0.00000178    0.00000000
 atom     2   C  :     0.00000000    0.00000178    0.00000000
 
 Atomic force components including IBS (cartesian) :
 atom     1   C  :     0.00000000   -0.00500944    0.00000000   HF force
                 :     0.00000000    0.00505479    0.00000000   core correction
                 :     0.00000000    0.00002220    0.00000000   IBS correction
                 :     0.00000000   -0.00006933    0.00000000   DFT-D2 force
 atom     2   C  :     0.00000000    0.00500944    0.00000000   HF force
                 :     0.00000000   -0.00505479    0.00000000   core correction
                 :     0.00000000   -0.00002220    0.00000000   IBS correction
                 :     0.00000000    0.00006933    0.00000000   DFT-D2 force
 
********************************************************************************
| Structure-optimization module stopped                                        *
********************************************************************************
 
 Total time spent (seconds)                 :      3427.53
 
================================================================================
| EXCITING BORON stopped                                                       =
================================================================================
