================================================================================
| EXCITING BORON started                                                       =
| version hash id:                                                             =
| MPI version using     16 processor(s)                                        =
|                                                                              =
| Date (DD-MM-YYYY) : 09-08-2015                                               =
| Time (hh:mm:ss)   : 22:15:27                                                 =
|                                                                              =
| All units are atomic (Hartree, Bohr, etc.)                                   =
================================================================================
 
********************************************************************************
| Structural optimisation starting from atomic densities                       *
********************************************************************************
 
++++++++++++++++++++++++++++++++++++++++++++++++++++++++++++++++++++++++++++++++
| Starting initialization                                                      +
++++++++++++++++++++++++++++++++++++++++++++++++++++++++++++++++++++++++++++++++
 
 Lattice vectors (cartesian) :
      2.4182893375      4.1886000000      0.0000000000
     -2.4182893375      4.1886000000      0.0000000000
      0.0000000000      0.0000000000      6.0270970386
 
 Reciprocal lattice vectors (cartesian) :
      1.2990970951      0.7500340576      0.0000000000
     -1.2990970951      0.7500340576      0.0000000000
      0.0000000000      0.0000000000      1.0424894882
 
 Unit cell volume                           :     122.0999058081
 Brillouin zone volume                      :       2.0315348468
 
 Species :    1 (C)
     parameters loaded from                 :    C.xml
     name                                   :    carbon
     nuclear charge                         :      -6.00000000
     electronic charge                      :       6.00000000
     atomic mass                            :   21894.16673000
     muffin-tin radius                      :       1.20000000
     # of radial points in muffin-tin       :     250
 
     atomic positions (lattice) :
       1 :   0.00000000  0.00000000  0.00000000
       2 :   0.33333333  0.33333333  0.00000000
 
 Total number of atoms per unit cell        :       2
 
 Spin treatment                             :    spin-unpolarised
 
 Number of Bravais lattice symmetries       :      24
 Number of crystal symmetries               :      24
 
 k-point grid                               :      34   34   24
 Total number of k-points                   :    1482
 k-point set is reduced with crystal symmetries
 
 R^MT_min * |G+k|_max (rgkmax)              :       8.00000000
 Species with R^MT_min                      :       1 (C)
 Maximum |G+k| for APW functions            :       6.66666667
 Maximum |G| for potential and density      :      20.00000000
 
 G-vector grid sizes                        :      32    32    40
 Total number of G-vectors                  :   16515
 
 Maximum angular momentum used for
     APW functions                          :       8
     computing H and O matrix elements      :       8
     potential and density                  :       8
     inner part of muffin-tin               :       2
 
 Total nuclear charge                       :     -12.00000000
 Total electronic charge                    :      12.00000000
 Total core charge                          :       4.00000000
 Total valence charge                       :       8.00000000
 
 Number of empty states                     :       5
 Total number of valence states             :      10
 
 Maximum Hamiltonian size                   :     631
 Maximum number of plane-waves              :     623
 Total number of local-orbitals             :       8
 
 Exchange-correlation type                  :      20
     Perdew-Burke-Ernzerhof, Phys. Rev. Lett. 77, 3865 (1996)
     Generalised gradient approximation (GGA)
 
 Smearing scheme                            :    Gaussian
 Smearing width                             :       0.01000000
 
 Using multisecant Broyden potential mixing
 
++++++++++++++++++++++++++++++++++++++++++++++++++++++++++++++++++++++++++++++++
| Ending initialization                                                        +
++++++++++++++++++++++++++++++++++++++++++++++++++++++++++++++++++++++++++++++++
 
********************************************************************************
| Groundstate module started                                                   *
********************************************************************************
 Output level for this task is set to normal
 
++++++++++++++++++++++++++++++++++++++++++++++++++++++++++++++++++++++++++++++++
| Self-consistent loop started                                                 +
++++++++++++++++++++++++++++++++++++++++++++++++++++++++++++++++++++++++++++++++
 Density and potential initialised from atomic data
 
 
++++++++++++++++++++++++++++++++++++++++++++++++++++++++++++++++++++++++++++++++
| SCF iteration number :    1                                                  +
++++++++++++++++++++++++++++++++++++++++++++++++++++++++++++++++++++++++++++++++
 Total energy                               :       -77.79433278
 _______________________________________________________________
 Fermi energy                               :         0.18186927
 Kinetic energy                             :        74.57885081
 Coulomb energy                             :      -141.55471668
 Exchange energy                            :       -10.40383473
 Correlation energy                         :        -0.41463218
 
 DOS at Fermi energy (states/Ha/cell)       :         2.17112990
 
 Electron charges :
     core                                   :         4.00000000
     core leakage                           :         0.00127543
     valence                                :         8.00000000
     interstitial                           :         4.72513193
     charge in muffin-tin spheres :
                  atom     1     C          :         3.63743404
                  atom     2     C          :         3.63743404
     total charge in muffin-tins            :         7.27486807
     total charge                           :        12.00000000
 
 Wall time (seconds)                        :        36.64
 
++++++++++++++++++++++++++++++++++++++++++++++++++++++++++++++++++++++++++++++++
| SCF iteration number :    2                                                  +
++++++++++++++++++++++++++++++++++++++++++++++++++++++++++++++++++++++++++++++++
 Total energy                               :       -77.20982437
 _______________________________________________________________
 Fermi energy                               :         0.19736347
 Kinetic energy                             :        74.95761619
 Coulomb energy                             :      -141.37848104
 Exchange energy                            :       -10.37331653
 Correlation energy                         :        -0.41564298
 
 DOS at Fermi energy (states/Ha/cell)       :         2.30646106
 
 Electron charges :
     core                                   :         4.00000000
     core leakage                           :         0.00128472
     valence                                :         8.00000000
     interstitial                           :         4.77630034
     charge in muffin-tin spheres :
                  atom     1     C          :         3.61184983
                  atom     2     C          :         3.61184983
     total charge in muffin-tins            :         7.22369966
     total charge                           :        12.00000000
 
 Wall time (seconds)                        :        71.57
 
 RMS change in effective potential (target) :   1.58830      ( 0.100000E-05)
 Absolute change in total energy   (target) :  0.584508      ( 0.100000E-06)
 Charge distance                   (target) :  0.106886E-01  ( 0.100000E-04)
 Abs. change in max-nonIBS-force   (target) :   0.00000      ( 0.250000E-05)
 
++++++++++++++++++++++++++++++++++++++++++++++++++++++++++++++++++++++++++++++++
| SCF iteration number :    3                                                  +
++++++++++++++++++++++++++++++++++++++++++++++++++++++++++++++++++++++++++++++++
 Total energy                               :       -76.79686397
 _______________________________________________________________
 Fermi energy                               :         0.20800627
 Kinetic energy                             :        75.22387125
 Coulomb energy                             :      -141.25294010
 Exchange energy                            :       -10.35138135
 Correlation energy                         :        -0.41641378
 
 DOS at Fermi energy (states/Ha/cell)       :         2.41649040
 
 Electron charges :
     core                                   :         4.00000000
     core leakage                           :         0.00129056
     valence                                :         8.00000000
     interstitial                           :         4.81343373
     charge in muffin-tin spheres :
                  atom     1     C          :         3.59328314
                  atom     2     C          :         3.59328314
     total charge in muffin-tins            :         7.18656627
     total charge                           :        12.00000000
 
 Wall time (seconds)                        :       106.58
 
 RMS change in effective potential (target) :   1.16989      ( 0.100000E-05)
 Absolute change in total energy   (target) :  0.412960      ( 0.100000E-06)
 Charge distance                   (target) :  0.784718E-02  ( 0.100000E-04)
 Abs. change in max-nonIBS-force   (target) :   0.00000      ( 0.250000E-05)
 
++++++++++++++++++++++++++++++++++++++++++++++++++++++++++++++++++++++++++++++++
| SCF iteration number :    4                                                  +
++++++++++++++++++++++++++++++++++++++++++++++++++++++++++++++++++++++++++++++++
 Total energy                               :       -76.59432277
 _______________________________________________________________
 Fermi energy                               :         0.21307363
 Kinetic energy                             :        75.36830478
 Coulomb energy                             :      -141.20765479
 Exchange energy                            :       -10.33801763
 Correlation energy                         :        -0.41695514
 
 DOS at Fermi energy (states/Ha/cell)       :         2.50347872
 
 Electron charges :
     core                                   :         4.00000000
     core leakage                           :         0.00128308
     valence                                :         8.00000000
     interstitial                           :         4.83975963
     charge in muffin-tin spheres :
                  atom     1     C          :         3.58012019
                  atom     2     C          :         3.58012019
     total charge in muffin-tins            :         7.16024037
     total charge                           :        12.00000000
 
 Wall time (seconds)                        :       141.91
 
 RMS change in effective potential (target) :  0.529217E-01  ( 0.100000E-05)
 Absolute change in total energy   (target) :  0.202541      ( 0.100000E-06)
 Charge distance                   (target) :  0.613678E-02  ( 0.100000E-04)
 Abs. change in max-nonIBS-force   (target) :   0.00000      ( 0.250000E-05)
 
++++++++++++++++++++++++++++++++++++++++++++++++++++++++++++++++++++++++++++++++
| SCF iteration number :    5                                                  +
++++++++++++++++++++++++++++++++++++++++++++++++++++++++++++++++++++++++++++++++
 Total energy                               :       -75.98640680
 _______________________________________________________________
 Fermi energy                               :         0.22796755
 Kinetic energy                             :        75.74053904
 Coulomb energy                             :      -141.00192939
 Exchange energy                            :       -10.30691989
 Correlation energy                         :        -0.41809656
 
 DOS at Fermi energy (states/Ha/cell)       :         2.69362296
 
 Electron charges :
     core                                   :         4.00000000
     core leakage                           :         0.00129922
     valence                                :         8.00000000
     interstitial                           :         4.89007227
     charge in muffin-tin spheres :
                  atom     1     C          :         3.55496386
                  atom     2     C          :         3.55496386
     total charge in muffin-tins            :         7.10992773
     total charge                           :        12.00000000
 
 Wall time (seconds)                        :       177.30
 
 RMS change in effective potential (target) :  0.296322E-01  ( 0.100000E-05)
 Absolute change in total energy   (target) :  0.607916      ( 0.100000E-06)
 Charge distance                   (target) :  0.103836E-01  ( 0.100000E-04)
 Abs. change in max-nonIBS-force   (target) :   0.00000      ( 0.250000E-05)
 
++++++++++++++++++++++++++++++++++++++++++++++++++++++++++++++++++++++++++++++++
| SCF iteration number :    6                                                  +
++++++++++++++++++++++++++++++++++++++++++++++++++++++++++++++++++++++++++++++++
 Total energy                               :       -76.19471992
 _______________________________________________________________
 Fermi energy                               :         0.22298686
 Kinetic energy                             :        75.61367851
 Coulomb energy                             :      -141.07300911
 Exchange energy                            :       -10.31769297
 Correlation energy                         :        -0.41769636
 
 DOS at Fermi energy (states/Ha/cell)       :         2.62136166
 
 Electron charges :
     core                                   :         4.00000000
     core leakage                           :         0.00129376
     valence                                :         8.00000000
     interstitial                           :         4.87263546
     charge in muffin-tin spheres :
                  atom     1     C          :         3.56368227
                  atom     2     C          :         3.56368227
     total charge in muffin-tins            :         7.12736454
     total charge                           :        12.00000000
 
 Wall time (seconds)                        :       212.74
 
 RMS change in effective potential (target) :  0.558468E-03  ( 0.100000E-05)
 Absolute change in total energy   (target) :  0.208313      ( 0.100000E-06)
 Charge distance                   (target) :  0.362265E-02  ( 0.100000E-04)
 Abs. change in max-nonIBS-force   (target) :   0.00000      ( 0.250000E-05)
 
++++++++++++++++++++++++++++++++++++++++++++++++++++++++++++++++++++++++++++++++
| SCF iteration number :    7                                                  +
++++++++++++++++++++++++++++++++++++++++++++++++++++++++++++++++++++++++++++++++
 Total energy                               :       -76.19769110
 _______________________________________________________________
 Fermi energy                               :         0.22290662
 Kinetic energy                             :        75.61195591
 Coulomb energy                             :      -141.07412161
 Exchange energy                            :       -10.31783486
 Correlation energy                         :        -0.41769054
 
 DOS at Fermi energy (states/Ha/cell)       :         2.62073958
 
 Electron charges :
     core                                   :         4.00000000
     core leakage                           :         0.00129364
     valence                                :         8.00000000
     interstitial                           :         4.87241161
     charge in muffin-tin spheres :
                  atom     1     C          :         3.56379420
                  atom     2     C          :         3.56379420
     total charge in muffin-tins            :         7.12758839
     total charge                           :        12.00000000
 
 Wall time (seconds)                        :       248.10
 
 RMS change in effective potential (target) :  0.104470E-03  ( 0.100000E-05)
 Absolute change in total energy   (target) :  0.297118E-02  ( 0.100000E-06)
 Charge distance                   (target) :  0.431180E-04  ( 0.100000E-04)
 Abs. change in max-nonIBS-force   (target) :   0.00000      ( 0.250000E-05)
 
++++++++++++++++++++++++++++++++++++++++++++++++++++++++++++++++++++++++++++++++
| SCF iteration number :    8                                                  +
++++++++++++++++++++++++++++++++++++++++++++++++++++++++++++++++++++++++++++++++
 Total energy                               :       -76.19787571
 _______________________________________________________________
 Fermi energy                               :         0.22290247
 Kinetic energy                             :        75.61180075
 Coulomb energy                             :      -141.07414211
 Exchange energy                            :       -10.31784405
 Correlation energy                         :        -0.41769030
 
 DOS at Fermi energy (states/Ha/cell)       :         2.62063008
 
 Electron charges :
     core                                   :         4.00000000
     core leakage                           :         0.00129364
     valence                                :         8.00000000
     interstitial                           :         4.87239429
     charge in muffin-tin spheres :
                  atom     1     C          :         3.56380286
                  atom     2     C          :         3.56380286
     total charge in muffin-tins            :         7.12760571
     total charge                           :        12.00000000
 
 Wall time (seconds)                        :       283.57
 
 RMS change in effective potential (target) :  0.731335E-05  ( 0.100000E-05)
 Absolute change in total energy   (target) :  0.184609E-03  ( 0.100000E-06)
 Charge distance                   (target) :  0.515051E-05  ( 0.100000E-04)
 Abs. change in max-nonIBS-force   (target) :   0.00000      ( 0.250000E-05)
 
++++++++++++++++++++++++++++++++++++++++++++++++++++++++++++++++++++++++++++++++
| SCF iteration number :    9                                                  +
++++++++++++++++++++++++++++++++++++++++++++++++++++++++++++++++++++++++++++++++
 Total energy                               :       -76.19774560
 _______________________________________________________________
 Fermi energy                               :         0.22290553
 Kinetic energy                             :        75.61188628
 Coulomb energy                             :      -141.07410389
 Exchange energy                            :       -10.31783745
 Correlation energy                         :        -0.41769053
 
 DOS at Fermi energy (states/Ha/cell)       :         2.62067897
 
 Electron charges :
     core                                   :         4.00000000
     core leakage                           :         0.00129365
     valence                                :         8.00000000
     interstitial                           :         4.87240529
     charge in muffin-tin spheres :
                  atom     1     C          :         3.56379736
                  atom     2     C          :         3.56379736
     total charge in muffin-tins            :         7.12759471
     total charge                           :        12.00000000
 
 Wall time (seconds)                        :       318.66
 
 RMS change in effective potential (target) :  0.608583E-06  ( 0.100000E-05)
 Absolute change in total energy   (target) :  0.130115E-03  ( 0.100000E-06)
 Charge distance                   (target) :  0.240852E-05  ( 0.100000E-04)
 Abs. change in max-nonIBS-force   (target) :   0.00000      ( 0.250000E-05)
 
++++++++++++++++++++++++++++++++++++++++++++++++++++++++++++++++++++++++++++++++
| SCF iteration number :   10                                                  +
++++++++++++++++++++++++++++++++++++++++++++++++++++++++++++++++++++++++++++++++
 Total energy                               :       -76.19774683
 _______________________________________________________________
 Fermi energy                               :         0.22290552
 Kinetic energy                             :        75.61188565
 Coulomb energy                             :      -141.07410443
 Exchange energy                            :       -10.31783752
 Correlation energy                         :        -0.41769053
 
 DOS at Fermi energy (states/Ha/cell)       :         2.62067857
 
 Electron charges :
     core                                   :         4.00000000
     core leakage                           :         0.00129365
     valence                                :         8.00000000
     interstitial                           :         4.87240518
     charge in muffin-tin spheres :
                  atom     1     C          :         3.56379741
                  atom     2     C          :         3.56379741
     total charge in muffin-tins            :         7.12759482
     total charge                           :        12.00000000
 
 Wall time (seconds)                        :       353.91
 
 RMS change in effective potential (target) :  0.189180E-07  ( 0.100000E-05)
 Absolute change in total energy   (target) :  0.123562E-05  ( 0.100000E-06)
 Charge distance                   (target) :  0.209669E-07  ( 0.100000E-04)
 Abs. change in max-nonIBS-force   (target) :   0.00000      ( 0.250000E-05)
 
++++++++++++++++++++++++++++++++++++++++++++++++++++++++++++++++++++++++++++++++
| SCF iteration number :   11                                                  +
++++++++++++++++++++++++++++++++++++++++++++++++++++++++++++++++++++++++++++++++
 Total energy                               :       -76.19774683
 _______________________________________________________________
 Fermi energy                               :         0.22290551
 Kinetic energy                             :        75.61188565
 Coulomb energy                             :      -141.07410443
 Exchange energy                            :       -10.31783752
 Correlation energy                         :        -0.41769053
 
 DOS at Fermi energy (states/Ha/cell)       :         2.62067858
 
 Electron charges :
     core                                   :         4.00000000
     core leakage                           :         0.00129365
     valence                                :         8.00000000
     interstitial                           :         4.87240518
     charge in muffin-tin spheres :
                  atom     1     C          :         3.56379741
                  atom     2     C          :         3.56379741
     total charge in muffin-tins            :         7.12759482
     total charge                           :        12.00000000
 
 Wall time (seconds)                        :       389.34
 
 RMS change in effective potential (target) :  0.180465E-07  ( 0.100000E-05)
 Absolute change in total energy   (target) :  0.501899E-09  ( 0.100000E-06)
 Charge distance                   (target) :  0.563483E-09  ( 0.100000E-04)
 Abs. change in max-nonIBS-force   (target) :   0.00000      ( 0.250000E-05)
 
++++++++++++++++++++++++++++++++++++++++++++++++++++++++++++++++++++++++++++++++
| Convergence targets achieved. Performing final SCF iteration                 +
++++++++++++++++++++++++++++++++++++++++++++++++++++++++++++++++++++++++++++++++
 Total energy                               :       -76.20742746
 _______________________________________________________________
 Fermi energy                               :         0.22290551
 Kinetic energy                             :        75.61188565
 Coulomb energy                             :      -141.07410443
 Exchange energy                            :       -10.31783752
 Correlation energy                         :        -0.41769053
 DFT-D2 dispersion correction               :        -0.00968063
 
 DOS at Fermi energy (states/Ha/cell)       :         2.62067858
 
 Electron charges :
     core                                   :         4.00000000
     core leakage                           :         0.00129365
     valence                                :         8.00000000
     interstitial                           :         4.87240518
     charge in muffin-tin spheres :
                  atom     1     C          :         3.56379741
                  atom     2     C          :         3.56379741
     total charge in muffin-tins            :         7.12759482
     total charge                           :        12.00000000
 
++++++++++++++++++++++++++++++++++++++++++++++++++++++++++++++++++++++++++++++++
| Self-consistent loop stopped                                                 +
++++++++++++++++++++++++++++++++++++++++++++++++++++++++++++++++++++++++++++++++
 STATE.OUT is written
 
--------------------------------------------------------------------------------
| Writing atomic positions and forces                                          -
--------------------------------------------------------------------------------
 
 Atomic positions (lattice) :
 atom     1   C  :     0.00000000    0.00000000    0.00000000
 atom     2   C  :     0.33333333    0.33333333    0.00000000
 
 Total atomic forces including IBS (cartesian) :
 atom     1   C  :     0.00000000    0.00000000    0.00000000
 atom     2   C  :     0.00000000    0.00000000    0.00000000
 
 Atomic force components including IBS (cartesian) :
 atom     1   C  :     0.00000000    0.00000000    0.00000000   HF force
                 :     0.00000000    0.00000000    0.00000000   core correction
                 :     0.00000000    0.00000000    0.00000000   IBS correction
                 :     0.00000000    0.00000000    0.00000000   DFT-D2 force
 atom     2   C  :     0.00000000    0.00000000    0.00000000   HF force
                 :     0.00000000    0.00000000    0.00000000   core correction
                 :     0.00000000    0.00000000    0.00000000   IBS correction
                 :     0.00000000    0.00000000    0.00000000   DFT-D2 force
 
********************************************************************************
| Groundstate module stopped                                                   *
********************************************************************************
 
********************************************************************************
| Structure-optimization module started                                        *
********************************************************************************
 Output level for this task is set to normal
 
 Maximum displacement tau_BFGS   is         :         0.3000
 Maximum displacement tau_newton is         :         0.8000
 Maximum force target reached already at the initial configuration
 
********************************************************************************
| Structure-optimization module stopped                                        *
********************************************************************************
 
 Total time spent (seconds)                 :       456.58
 
================================================================================
| EXCITING BORON stopped                                                       =
================================================================================
