================================================================================
| EXCITING BORON started                                                       =
| version hash id:                                                             =
| MPI version using     16 processor(s)                                        =
|                                                                              =
| Date (DD-MM-YYYY) : 12-08-2015                                               =
| Time (hh:mm:ss)   : 18:45:27                                                 =
|                                                                              =
| All units are atomic (Hartree, Bohr, etc.)                                   =
================================================================================
 
********************************************************************************
| Structural optimisation starting from atomic densities                       *
********************************************************************************
 
++++++++++++++++++++++++++++++++++++++++++++++++++++++++++++++++++++++++++++++++
| Starting initialization                                                      +
++++++++++++++++++++++++++++++++++++++++++++++++++++++++++++++++++++++++++++++++
 
 Lattice vectors (cartesian) :
      2.1133145713      3.8505323969      0.0000000000
     -2.4426886050      4.0406965838      0.0000000000
      0.0000000000      0.0000000000      6.8340856679
 
 Reciprocal lattice vectors (cartesian) :
      1.4147989001      0.8552765791      0.0000000000
     -1.3482153106      0.7399504192      0.0000000000
      0.0000000000      0.0000000000      0.9193893101
 
 Unit cell volume                           :     122.6370835261
 Brillouin zone volume                      :       2.0226362721
 
 Species :    1 (C)
     parameters loaded from                 :    C.xml
     name                                   :    carbon
     nuclear charge                         :      -6.00000000
     electronic charge                      :       6.00000000
     atomic mass                            :   21894.16673000
     muffin-tin radius                      :       1.20000000
     # of radial points in muffin-tin       :     250
 
     atomic positions (lattice) :
       1 :   0.00000000  0.00000000  0.00000000
       2 :   0.33333333  0.33333333  0.00000000
 
 Total number of atoms per unit cell        :       2
 
 Spin treatment                             :    spin-unpolarised
 
 Number of Bravais lattice symmetries       :       4
 Number of crystal symmetries               :       4
 
 k-point grid                               :      34   34   24
 Total number of k-points                   :    7540
 k-point set is reduced with crystal symmetries
 
 R^MT_min * |G+k|_max (rgkmax)              :       8.00000000
 Species with R^MT_min                      :       1 (C)
 Maximum |G+k| for APW functions            :       6.66666667
 Maximum |G| for potential and density      :      20.00000000
 
 G-vector grid sizes                        :      30    32    45
 Total number of G-vectors                  :   16537
 
 Maximum angular momentum used for
     APW functions                          :       8
     computing H and O matrix elements      :       8
     potential and density                  :       8
     inner part of muffin-tin               :       2
 
 Total nuclear charge                       :     -12.00000000
 Total electronic charge                    :      12.00000000
 Total core charge                          :       4.00000000
 Total valence charge                       :       8.00000000
 
 Number of empty states                     :       5
 Total number of valence states             :      10
 
 Maximum Hamiltonian size                   :     640
 Maximum number of plane-waves              :     632
 Total number of local-orbitals             :       8
 
 Exchange-correlation type                  :      20
     Perdew-Burke-Ernzerhof, Phys. Rev. Lett. 77, 3865 (1996)
     Generalised gradient approximation (GGA)
 
 Smearing scheme                            :    Gaussian
 Smearing width                             :       0.01000000
 
 Using multisecant Broyden potential mixing
 
++++++++++++++++++++++++++++++++++++++++++++++++++++++++++++++++++++++++++++++++
| Ending initialization                                                        +
++++++++++++++++++++++++++++++++++++++++++++++++++++++++++++++++++++++++++++++++
 
********************************************************************************
| Groundstate module started                                                   *
********************************************************************************
 Output level for this task is set to normal
 
++++++++++++++++++++++++++++++++++++++++++++++++++++++++++++++++++++++++++++++++
| Self-consistent loop started                                                 +
++++++++++++++++++++++++++++++++++++++++++++++++++++++++++++++++++++++++++++++++
 Density and potential initialised from atomic data
 
 
++++++++++++++++++++++++++++++++++++++++++++++++++++++++++++++++++++++++++++++++
| SCF iteration number :    1                                                  +
++++++++++++++++++++++++++++++++++++++++++++++++++++++++++++++++++++++++++++++++
 Total energy                               :       -78.71966168
 _______________________________________________________________
 Fermi energy                               :         0.15388127
 Kinetic energy                             :        74.45544333
 Coulomb energy                             :      -142.18790326
 Exchange energy                            :       -10.56491000
 Correlation energy                         :        -0.42229176
 
 DOS at Fermi energy (states/Ha/cell)       :         0.69681633
 
 Electron charges :
     core                                   :         4.00000000
     core leakage                           :         0.00128798
     valence                                :         8.00000000
     interstitial                           :         4.40695976
     charge in muffin-tin spheres :
                  atom     1     C          :         3.79652012
                  atom     2     C          :         3.79652012
     total charge in muffin-tins            :         7.59304024
     total charge                           :        12.00000000
 
 Wall time (seconds)                        :       181.31
 
++++++++++++++++++++++++++++++++++++++++++++++++++++++++++++++++++++++++++++++++
| SCF iteration number :    2                                                  +
++++++++++++++++++++++++++++++++++++++++++++++++++++++++++++++++++++++++++++++++
 Total energy                               :       -77.79156573
 _______________________________________________________________
 Fermi energy                               :         0.18050296
 Kinetic energy                             :        75.09906792
 Coulomb energy                             :      -141.94556161
 Exchange energy                            :       -10.52191599
 Correlation energy                         :        -0.42315604
 
 DOS at Fermi energy (states/Ha/cell)       :         0.74497616
 
 Electron charges :
     core                                   :         4.00000000
     core leakage                           :         0.00130242
     valence                                :         8.00000000
     interstitial                           :         4.47897150
     charge in muffin-tin spheres :
                  atom     1     C          :         3.76051425
                  atom     2     C          :         3.76051425
     total charge in muffin-tins            :         7.52102850
     total charge                           :        12.00000000
 
 Wall time (seconds)                        :       358.08
 
 RMS change in effective potential (target) :   1.59357      ( 0.100000E-05)
 Absolute change in total energy   (target) :  0.928096      ( 0.100000E-06)
 Charge distance                   (target) :  0.144339E-01  ( 0.100000E-04)
 Abs. change in max-nonIBS-force   (target) :  0.811647E-01  ( 0.250000E-05)
 
++++++++++++++++++++++++++++++++++++++++++++++++++++++++++++++++++++++++++++++++
| SCF iteration number :    3                                                  +
++++++++++++++++++++++++++++++++++++++++++++++++++++++++++++++++++++++++++++++++
 Total energy                               :       -77.13386127
 _______________________________________________________________
 Fermi energy                               :         0.19858711
 Kinetic energy                             :        75.55079453
 Coulomb energy                             :      -141.77012446
 Exchange energy                            :       -10.49069087
 Correlation energy                         :        -0.42384048
 
 DOS at Fermi energy (states/Ha/cell)       :         0.78369015
 
 Electron charges :
     core                                   :         4.00000000
     core leakage                           :         0.00131182
     valence                                :         8.00000000
     interstitial                           :         4.53159302
     charge in muffin-tin spheres :
                  atom     1     C          :         3.73420349
                  atom     2     C          :         3.73420349
     total charge in muffin-tins            :         7.46840698
     total charge                           :        12.00000000
 
 Wall time (seconds)                        :       535.58
 
 RMS change in effective potential (target) :   1.17748      ( 0.100000E-05)
 Absolute change in total energy   (target) :  0.657704      ( 0.100000E-06)
 Charge distance                   (target) :  0.106664E-01  ( 0.100000E-04)
 Abs. change in max-nonIBS-force   (target) :  0.409093E-01  ( 0.250000E-05)
 
++++++++++++++++++++++++++++++++++++++++++++++++++++++++++++++++++++++++++++++++
| SCF iteration number :    4                                                  +
++++++++++++++++++++++++++++++++++++++++++++++++++++++++++++++++++++++++++++++++
 Total energy                               :       -76.85558835
 _______________________________________________________________
 Fermi energy                               :         0.20521204
 Kinetic energy                             :        75.75657597
 Coulomb energy                             :      -141.71349674
 Exchange energy                            :       -10.47438159
 Correlation energy                         :        -0.42428598
 
 DOS at Fermi energy (states/Ha/cell)       :         0.80638923
 
 Electron charges :
     core                                   :         4.00000000
     core leakage                           :         0.00130427
     valence                                :         8.00000000
     interstitial                           :         4.56407630
     charge in muffin-tin spheres :
                  atom     1     C          :         3.71796185
                  atom     2     C          :         3.71796185
     total charge in muffin-tins            :         7.43592370
     total charge                           :        12.00000000
 
 Wall time (seconds)                        :       713.95
 
 RMS change in effective potential (target) :  0.745738E-01  ( 0.100000E-05)
 Absolute change in total energy   (target) :  0.278273      ( 0.100000E-06)
 Charge distance                   (target) :  0.707351E-02  ( 0.100000E-04)
 Abs. change in max-nonIBS-force   (target) :  0.316800E-01  ( 0.250000E-05)
 
++++++++++++++++++++++++++++++++++++++++++++++++++++++++++++++++++++++++++++++++
| SCF iteration number :    5                                                  +
++++++++++++++++++++++++++++++++++++++++++++++++++++++++++++++++++++++++++++++++
 Total energy                               :       -75.89842808
 _______________________________________________________________
 Fermi energy                               :         0.23032010
 Kinetic energy                             :        76.38722382
 Coulomb energy                             :      -141.43074199
 Exchange energy                            :       -10.42955861
 Correlation energy                         :        -0.42535130
 
 DOS at Fermi energy (states/Ha/cell)       :         0.86718446
 
 Electron charges :
     core                                   :         4.00000000
     core leakage                           :         0.00132581
     valence                                :         8.00000000
     interstitial                           :         4.63640242
     charge in muffin-tin spheres :
                  atom     1     C          :         3.68179879
                  atom     2     C          :         3.68179879
     total charge in muffin-tins            :         7.36359758
     total charge                           :        12.00000000
 
 Wall time (seconds)                        :       889.96
 
 RMS change in effective potential (target) :  0.332056E-01  ( 0.100000E-05)
 Absolute change in total energy   (target) :  0.957160      ( 0.100000E-06)
 Charge distance                   (target) :  0.145969E-01  ( 0.100000E-04)
 Abs. change in max-nonIBS-force   (target) :  0.346729E-01  ( 0.250000E-05)
 
++++++++++++++++++++++++++++++++++++++++++++++++++++++++++++++++++++++++++++++++
| SCF iteration number :    6                                                  +
++++++++++++++++++++++++++++++++++++++++++++++++++++++++++++++++++++++++++++++++
 Total energy                               :       -76.19826588
 _______________________________________________________________
 Fermi energy                               :         0.22259312
 Kinetic energy                             :        76.18987095
 Coulomb energy                             :      -141.51941256
 Exchange energy                            :       -10.44371436
 Correlation energy                         :        -0.42500990
 
 DOS at Fermi energy (states/Ha/cell)       :         0.84722731
 
 Electron charges :
     core                                   :         4.00000000
     core leakage                           :         0.00131940
     valence                                :         8.00000000
     interstitial                           :         4.61347131
     charge in muffin-tin spheres :
                  atom     1     C          :         3.69326435
                  atom     2     C          :         3.69326435
     total charge in muffin-tins            :         7.38652869
     total charge                           :        12.00000000
 
 Wall time (seconds)                        :      1067.12
 
 RMS change in effective potential (target) :  0.662493E-03  ( 0.100000E-05)
 Absolute change in total energy   (target) :  0.299838      ( 0.100000E-06)
 Charge distance                   (target) :  0.467201E-02  ( 0.100000E-04)
 Abs. change in max-nonIBS-force   (target) :  0.138573E-01  ( 0.250000E-05)
 
++++++++++++++++++++++++++++++++++++++++++++++++++++++++++++++++++++++++++++++++
| SCF iteration number :    7                                                  +
++++++++++++++++++++++++++++++++++++++++++++++++++++++++++++++++++++++++++++++++
 Total energy                               :       -76.19698676
 _______________________________________________________________
 Fermi energy                               :         0.22262844
 Kinetic energy                             :        76.19115274
 Coulomb energy                             :      -141.51946837
 Exchange energy                            :       -10.44366220
 Correlation energy                         :        -0.42500892
 
 DOS at Fermi energy (states/Ha/cell)       :         0.84743148
 
 Electron charges :
     core                                   :         4.00000000
     core leakage                           :         0.00131931
     valence                                :         8.00000000
     interstitial                           :         4.61357716
     charge in muffin-tin spheres :
                  atom     1     C          :         3.69321142
                  atom     2     C          :         3.69321142
     total charge in muffin-tins            :         7.38642284
     total charge                           :        12.00000000
 
 Wall time (seconds)                        :      1243.81
 
 RMS change in effective potential (target) :  0.162356E-03  ( 0.100000E-05)
 Absolute change in total energy   (target) :  0.127912E-02  ( 0.100000E-06)
 Charge distance                   (target) :  0.472550E-04  ( 0.100000E-04)
 Abs. change in max-nonIBS-force   (target) :  0.222321E-03  ( 0.250000E-05)
 
++++++++++++++++++++++++++++++++++++++++++++++++++++++++++++++++++++++++++++++++
| SCF iteration number :    8                                                  +
++++++++++++++++++++++++++++++++++++++++++++++++++++++++++++++++++++++++++++++++
 Total energy                               :       -76.19804186
 _______________________________________________________________
 Fermi energy                               :         0.22259982
 Kinetic energy                             :        76.19035344
 Coulomb energy                             :      -141.51968003
 Exchange energy                            :       -10.44370702
 Correlation energy                         :        -0.42500825
 
 DOS at Fermi energy (states/Ha/cell)       :         0.84733368
 
 Electron charges :
     core                                   :         4.00000000
     core leakage                           :         0.00131931
     valence                                :         8.00000000
     interstitial                           :         4.61350090
     charge in muffin-tin spheres :
                  atom     1     C          :         3.69324955
                  atom     2     C          :         3.69324955
     total charge in muffin-tins            :         7.38649910
     total charge                           :        12.00000000
 
 Wall time (seconds)                        :      1420.24
 
 RMS change in effective potential (target) :  0.188875E-04  ( 0.100000E-05)
 Absolute change in total energy   (target) :  0.105511E-02  ( 0.100000E-06)
 Charge distance                   (target) :  0.190150E-04  ( 0.100000E-04)
 Abs. change in max-nonIBS-force   (target) :  0.853039E-04  ( 0.250000E-05)
 
++++++++++++++++++++++++++++++++++++++++++++++++++++++++++++++++++++++++++++++++
| SCF iteration number :    9                                                  +
++++++++++++++++++++++++++++++++++++++++++++++++++++++++++++++++++++++++++++++++
 Total energy                               :       -76.19790473
 _______________________________________________________________
 Fermi energy                               :         0.22260325
 Kinetic energy                             :        76.19044437
 Coulomb energy                             :      -141.51963981
 Exchange energy                            :       -10.44370090
 Correlation energy                         :        -0.42500839
 
 DOS at Fermi energy (states/Ha/cell)       :         0.84734422
 
 Electron charges :
     core                                   :         4.00000000
     core leakage                           :         0.00131931
     valence                                :         8.00000000
     interstitial                           :         4.61351062
     charge in muffin-tin spheres :
                  atom     1     C          :         3.69324469
                  atom     2     C          :         3.69324469
     total charge in muffin-tins            :         7.38648938
     total charge                           :        12.00000000
 
 Wall time (seconds)                        :      1596.19
 
 RMS change in effective potential (target) :  0.247698E-05  ( 0.100000E-05)
 Absolute change in total energy   (target) :  0.137131E-03  ( 0.100000E-06)
 Charge distance                   (target) :  0.282041E-05  ( 0.100000E-04)
 Abs. change in max-nonIBS-force   (target) :  0.191802E-04  ( 0.250000E-05)
 
++++++++++++++++++++++++++++++++++++++++++++++++++++++++++++++++++++++++++++++++
| SCF iteration number :   10                                                  +
++++++++++++++++++++++++++++++++++++++++++++++++++++++++++++++++++++++++++++++++
 Total energy                               :       -76.19789719
 _______________________________________________________________
 Fermi energy                               :         0.22260349
 Kinetic energy                             :        76.19044973
 Coulomb energy                             :      -141.51963803
 Exchange energy                            :       -10.44370049
 Correlation energy                         :        -0.42500840
 
 DOS at Fermi energy (states/Ha/cell)       :         0.84734411
 
 Electron charges :
     core                                   :         4.00000000
     core leakage                           :         0.00131931
     valence                                :         8.00000000
     interstitial                           :         4.61351136
     charge in muffin-tin spheres :
                  atom     1     C          :         3.69324432
                  atom     2     C          :         3.69324432
     total charge in muffin-tins            :         7.38648864
     total charge                           :        12.00000000
 
 Wall time (seconds)                        :      1771.38
 
 RMS change in effective potential (target) :  0.398772E-06  ( 0.100000E-05)
 Absolute change in total energy   (target) :  0.753930E-05  ( 0.100000E-06)
 Charge distance                   (target) :  0.626300E-06  ( 0.100000E-04)
 Abs. change in max-nonIBS-force   (target) :  0.105171E-04  ( 0.250000E-05)
 
++++++++++++++++++++++++++++++++++++++++++++++++++++++++++++++++++++++++++++++++
| SCF iteration number :   11                                                  +
++++++++++++++++++++++++++++++++++++++++++++++++++++++++++++++++++++++++++++++++
 Total energy                               :       -76.19789730
 _______________________________________________________________
 Fermi energy                               :         0.22260349
 Kinetic energy                             :        76.19044981
 Coulomb energy                             :      -141.51963820
 Exchange energy                            :       -10.44370051
 Correlation energy                         :        -0.42500840
 
 DOS at Fermi energy (states/Ha/cell)       :         0.84734416
 
 Electron charges :
     core                                   :         4.00000000
     core leakage                           :         0.00131931
     valence                                :         8.00000000
     interstitial                           :         4.61351135
     charge in muffin-tin spheres :
                  atom     1     C          :         3.69324433
                  atom     2     C          :         3.69324433
     total charge in muffin-tins            :         7.38648865
     total charge                           :        12.00000000
 
 Wall time (seconds)                        :      1947.77
 
 RMS change in effective potential (target) :  0.932984E-08  ( 0.100000E-05)
 Absolute change in total energy   (target) :  0.104152E-06  ( 0.100000E-06)
 Charge distance                   (target) :  0.275587E-07  ( 0.100000E-04)
 Abs. change in max-nonIBS-force   (target) :  0.464780E-06  ( 0.250000E-05)
 
++++++++++++++++++++++++++++++++++++++++++++++++++++++++++++++++++++++++++++++++
| SCF iteration number :   12                                                  +
++++++++++++++++++++++++++++++++++++++++++++++++++++++++++++++++++++++++++++++++
 Total energy                               :       -76.19789735
 _______________________________________________________________
 Fermi energy                               :         0.22260349
 Kinetic energy                             :        76.19044977
 Coulomb energy                             :      -141.51963822
 Exchange energy                            :       -10.44370051
 Correlation energy                         :        -0.42500840
 
 DOS at Fermi energy (states/Ha/cell)       :         0.84734415
 
 Electron charges :
     core                                   :         4.00000000
     core leakage                           :         0.00131931
     valence                                :         8.00000000
     interstitial                           :         4.61351134
     charge in muffin-tin spheres :
                  atom     1     C          :         3.69324433
                  atom     2     C          :         3.69324433
     total charge in muffin-tins            :         7.38648866
     total charge                           :        12.00000000
 
 Wall time (seconds)                        :      2124.55
 
 RMS change in effective potential (target) :  0.220449E-07  ( 0.100000E-05)
 Absolute change in total energy   (target) :  0.531100E-07  ( 0.100000E-06)
 Charge distance                   (target) :  0.259954E-08  ( 0.100000E-04)
 Abs. change in max-nonIBS-force   (target) :  0.729385E-09  ( 0.250000E-05)
 
++++++++++++++++++++++++++++++++++++++++++++++++++++++++++++++++++++++++++++++++
| Convergence targets achieved. Performing final SCF iteration                 +
++++++++++++++++++++++++++++++++++++++++++++++++++++++++++++++++++++++++++++++++
 Total energy                               :       -76.20591782
 _______________________________________________________________
 Fermi energy                               :         0.22260349
 Kinetic energy                             :        76.19044977
 Coulomb energy                             :      -141.51963822
 Exchange energy                            :       -10.44370051
 Correlation energy                         :        -0.42500840
 DFT-D2 dispersion correction               :        -0.00802047
 
 DOS at Fermi energy (states/Ha/cell)       :         0.84734415
 
 Electron charges :
     core                                   :         4.00000000
     core leakage                           :         0.00131931
     valence                                :         8.00000000
     interstitial                           :         4.61351134
     charge in muffin-tin spheres :
                  atom     1     C          :         3.69324433
                  atom     2     C          :         3.69324433
     total charge in muffin-tins            :         7.38648866
     total charge                           :        12.00000000
 
++++++++++++++++++++++++++++++++++++++++++++++++++++++++++++++++++++++++++++++++
| Self-consistent loop stopped                                                 +
++++++++++++++++++++++++++++++++++++++++++++++++++++++++++++++++++++++++++++++++
 STATE.OUT is written
 
--------------------------------------------------------------------------------
| Writing atomic positions and forces                                          -
--------------------------------------------------------------------------------
 
 Atomic positions (lattice) :
 atom     1   C  :     0.00000000    0.00000000    0.00000000
 atom     2   C  :     0.33333333    0.33333333    0.00000000
 
 Total atomic forces including IBS (cartesian) :
 atom     1   C  :     0.02869085    0.00475207    0.00000000
 atom     2   C  :    -0.02869085   -0.00475207    0.00000000
 
 Atomic force components including IBS (cartesian) :
 atom     1   C  :     0.00965864    0.00495315    0.00000000   HF force
                 :     0.01918824   -0.00014484    0.00000000   core correction
                 :     0.00002900   -0.00012358    0.00000000   IBS correction
                 :    -0.00018503    0.00006734    0.00000000   DFT-D2 force
 atom     2   C  :    -0.00965864   -0.00495315    0.00000000   HF force
                 :    -0.01918824    0.00014484    0.00000000   core correction
                 :    -0.00002900    0.00012358    0.00000000   IBS correction
                 :     0.00018503   -0.00006734    0.00000000   DFT-D2 force
 
********************************************************************************
| Groundstate module stopped                                                   *
********************************************************************************
 
********************************************************************************
| Structure-optimization module started                                        *
********************************************************************************
 Output level for this task is set to normal
 
 Maximum displacement tau_BFGS   is         :         0.3000
 Maximum displacement tau_newton is         :         0.8000
 
++++++++++++++++++++++++++++++++++++++++++++++++++++++++++++++++++++++++++++++++
| Use harmonic method for optimizing atomic positions                          +
++++++++++++++++++++++++++++++++++++++++++++++++++++++++++++++++++++++++++++++++
 
--------------------------------------------------------------------------------
| Optimization step 0: Initialize optimization                                 -
--------------------------------------------------------------------------------
 Maximum force magnitude           (target) :         0.02908173  (  0.00001000)
 Total energy at this optimization step     :       -76.20591782
 
 Atomic positions at this step (lattice) :
 atom     1   C  :     0.00000000    0.00000000    0.00000000
 atom     2   C  :     0.33333333    0.33333333    0.00000000
 
 Total atomic forces including IBS (cartesian) :
 atom     1   C  :     0.02869085    0.00475207    0.00000000
 atom     2   C  :    -0.02869085   -0.00475207    0.00000000
 
--------------------------------------------------------------------------------
| Optimization step    1    (method = harmonic)                                -
--------------------------------------------------------------------------------
 Number of scf iterations                   :        14  (full newton step)
 Maximum force magnitude           (target) :         0.00350346  (  0.00001000)
 Total energy at this optimization step     :       -76.20652912
 
 Atomic positions at this step (lattice) :
 atom     1   C  :     0.00000000    0.00000000    0.00000000
 atom     2   C  :     0.32196174    0.34228806    0.00000000
 
 Total atomic forces including IBS (cartesian) :
 atom     1   C  :    -0.00216717   -0.00275274    0.00000000
 atom     2   C  :     0.00216717    0.00275274    0.00000000
 
 Time spent in this optimization step       :      2625.23 seconds
 
--------------------------------------------------------------------------------
| Optimization step    2    (method = harmonic)                                -
--------------------------------------------------------------------------------
 Number of scf iterations                   :        12  (full harmonic step)
 Maximum force magnitude           (target) :         0.00083176  (  0.00001000)
 Total energy at this optimization step     :       -76.20653733
 
 Atomic positions at this step (lattice) :
 atom     1   C  :     0.00000000    0.00000000    0.00000000
 atom     2   C  :     0.32306731    0.34192472    0.00000000
 
 Total atomic forces including IBS (cartesian) :
 atom     1   C  :     0.00004659   -0.00083046    0.00000000
 atom     2   C  :    -0.00004659    0.00083046    0.00000000
 
 Time spent in this optimization step       :      2264.15 seconds
 
--------------------------------------------------------------------------------
| Optimization step    3    (method = harmonic)                                -
--------------------------------------------------------------------------------
 Number of scf iterations                   :        12  (full harmonic step)
 Maximum force magnitude           (target) :         0.00007506  (  0.00001000)
 Total energy at this optimization step     :       -76.20653784
 
 Atomic positions at this step (lattice) :
 atom     1   C  :     0.00000000    0.00000000    0.00000000
 atom     2   C  :     0.32321604    0.34208117    0.00000000
 
 Total atomic forces including IBS (cartesian) :
 atom     1   C  :     0.00004924   -0.00005665    0.00000000
 atom     2   C  :    -0.00004924    0.00005665    0.00000000
 
 Time spent in this optimization step       :      2266.13 seconds
 
--------------------------------------------------------------------------------
| Optimization step    4    (method = harmonic)                                -
--------------------------------------------------------------------------------
 Number of scf iterations                   :        11  (partial harmonic step)
 Maximum force magnitude           (target) :         0.00005117  (  0.00001000)
 Total energy at this optimization step     :       -76.20653784
 
 Atomic positions at this step (lattice) :
 atom     1   C  :     0.00000000    0.00000000    0.00000000
 atom     2   C  :     0.32319256    0.34212537    0.00000000
 
 Total atomic forces including IBS (cartesian) :
 atom     1   C  :    -0.00005082   -0.00000600    0.00000000
 atom     2   C  :     0.00005082    0.00000600    0.00000000
 
 Time spent in this optimization step       :      2084.63 seconds
 
--------------------------------------------------------------------------------
| Optimization step    5    (method = harmonic)                                -
--------------------------------------------------------------------------------
 Number of scf iterations                   :        11  (full harmonic step)
 Maximum force magnitude           (target) :         0.00000442  (  0.00001000)
 Total energy at this optimization step     :       -76.20653784
 
 Atomic positions at this step (lattice) :
 atom     1   C  :     0.00000000    0.00000000    0.00000000
 atom     2   C  :     0.32321201    0.34210942    0.00000000
 
 Total atomic forces including IBS (cartesian) :
 atom     1   C  :     0.00000216    0.00000385    0.00000000
 atom     2   C  :    -0.00000216   -0.00000385    0.00000000
 
 Time spent in this optimization step       :      2089.65 seconds
 
++++++++++++++++++++++++++++++++++++++++++++++++++++++++++++++++++++++++++++++++
| Force convergence target achieved                                            +
++++++++++++++++++++++++++++++++++++++++++++++++++++++++++++++++++++++++++++++++
 Total energy                               :       -76.20653784
 _______________________________________________________________
 Fermi energy                               :         0.22263105
 Kinetic energy                             :        76.17516324
 Coulomb energy                             :      -141.50754902
 Exchange energy                            :       -10.44110349
 Correlation energy                         :        -0.42503556
 DFT-D2 dispersion correction               :        -0.00801301
 
 DOS at Fermi energy (states/Ha/cell)       :         0.83310804
 
 Electron charges :
     core                                   :         4.00000000
     core leakage                           :         0.00131854
     valence                                :         8.00000000
     interstitial                           :         4.62117650
     charge in muffin-tin spheres :
                  atom     1     C          :         3.68941175
                  atom     2     C          :         3.68941175
     total charge in muffin-tins            :         7.37882350
     total charge                           :        12.00000000
 
 Optimized atomic positions (lattice) :
 atom     1   C  :     0.00000000    0.00000000    0.00000000
 atom     2   C  :     0.32321201    0.34210942    0.00000000
 
 Total atomic forces including IBS (cartesian) :
 atom     1   C  :     0.00000216    0.00000385    0.00000000
 atom     2   C  :    -0.00000216   -0.00000385    0.00000000
 
 Atomic force components including IBS (cartesian) :
 atom     1   C  :    -0.01998169   -0.00030456    0.00000000   HF force
                 :     0.01987625    0.00027168    0.00000000   core correction
                 :     0.00028460   -0.00005962    0.00000000   IBS correction
                 :    -0.00017700    0.00009635    0.00000000   DFT-D2 force
 atom     2   C  :     0.01998169    0.00030456    0.00000000   HF force
                 :    -0.01987625   -0.00027168    0.00000000   core correction
                 :    -0.00028460    0.00005962    0.00000000   IBS correction
                 :     0.00017700   -0.00009635    0.00000000   DFT-D2 force
 
********************************************************************************
| Structure-optimization module stopped                                        *
********************************************************************************
 
 Total time spent (seconds)                 :     13801.84
 
================================================================================
| EXCITING BORON stopped                                                       =
================================================================================
