================================================================================
| EXCITING BORON started                                                       =
| version hash id:                                                             =
| MPI version using     16 processor(s)                                        =
|                                                                              =
| Date (DD-MM-YYYY) : 09-08-2015                                               =
| Time (hh:mm:ss)   : 22:18:58                                                 =
|                                                                              =
| All units are atomic (Hartree, Bohr, etc.)                                   =
================================================================================
 
********************************************************************************
| Structural optimisation starting from atomic densities                       *
********************************************************************************
 
++++++++++++++++++++++++++++++++++++++++++++++++++++++++++++++++++++++++++++++++
| Starting initialization                                                      +
++++++++++++++++++++++++++++++++++++++++++++++++++++++++++++++++++++++++++++++++
 
 Lattice vectors (cartesian) :
      2.3270000000      4.0304822292      0.0000000000
     -2.3270000000      4.0304822292      0.0000000000
      0.0000000000      0.0000000000      6.0270970386
 
 Reciprocal lattice vectors (cartesian) :
      1.3500613036      0.7794582571      0.0000000000
     -1.3500613036      0.7794582571      0.0000000000
      0.0000000000      0.0000000000      1.0424894882
 
 Unit cell volume                           :     113.0554683409
 Brillouin zone volume                      :       2.1940576346
 
 Species :    1 (C)
     parameters loaded from                 :    C.xml
     name                                   :    carbon
     nuclear charge                         :      -6.00000000
     electronic charge                      :       6.00000000
     atomic mass                            :   21894.16673000
     muffin-tin radius                      :       1.20000000
     # of radial points in muffin-tin       :     250
 
     atomic positions (lattice) :
       1 :   0.00000000  0.00000000  0.00000000
       2 :   0.33333333  0.33333333  0.00000000
 
 Total number of atoms per unit cell        :       2
 
 Spin treatment                             :    spin-unpolarised
 
 Number of Bravais lattice symmetries       :      24
 Number of crystal symmetries               :      24
 
 k-point grid                               :      34   34   24
 Total number of k-points                   :    1482
 k-point set is reduced with crystal symmetries
 
 R^MT_min * |G+k|_max (rgkmax)              :       8.00000000
 Species with R^MT_min                      :       1 (C)
 Maximum |G+k| for APW functions            :       6.66666667
 Maximum |G| for potential and density      :      20.00000000
 
 G-vector grid sizes                        :      30    30    40
 Total number of G-vectors                  :   15285
 
 Maximum angular momentum used for
     APW functions                          :       8
     computing H and O matrix elements      :       8
     potential and density                  :       8
     inner part of muffin-tin               :       2
 
 Total nuclear charge                       :     -12.00000000
 Total electronic charge                    :      12.00000000
 Total core charge                          :       4.00000000
 Total valence charge                       :       8.00000000
 
 Number of empty states                     :       5
 Total number of valence states             :      10
 
 Maximum Hamiltonian size                   :     595
 Maximum number of plane-waves              :     587
 Total number of local-orbitals             :       8
 
 Exchange-correlation type                  :      20
     Perdew-Burke-Ernzerhof, Phys. Rev. Lett. 77, 3865 (1996)
     Generalised gradient approximation (GGA)
 
 Smearing scheme                            :    Gaussian
 Smearing width                             :       0.01000000
 
 Using multisecant Broyden potential mixing
 
++++++++++++++++++++++++++++++++++++++++++++++++++++++++++++++++++++++++++++++++
| Ending initialization                                                        +
++++++++++++++++++++++++++++++++++++++++++++++++++++++++++++++++++++++++++++++++
 
********************************************************************************
| Groundstate module started                                                   *
********************************************************************************
 Output level for this task is set to normal
 
++++++++++++++++++++++++++++++++++++++++++++++++++++++++++++++++++++++++++++++++
| Self-consistent loop started                                                 +
++++++++++++++++++++++++++++++++++++++++++++++++++++++++++++++++++++++++++++++++
 Density and potential initialised from atomic data
 
 
++++++++++++++++++++++++++++++++++++++++++++++++++++++++++++++++++++++++++++++++
| SCF iteration number :    1                                                  +
++++++++++++++++++++++++++++++++++++++++++++++++++++++++++++++++++++++++++++++++
 Total energy                               :       -78.19864865
 _______________________________________________________________
 Fermi energy                               :         0.20225108
 Kinetic energy                             :        74.65754677
 Coulomb energy                             :      -141.93468392
 Exchange energy                            :       -10.50124190
 Correlation energy                         :        -0.42026960
 
 DOS at Fermi energy (states/Ha/cell)       :         1.61181158
 
 Electron charges :
     core                                   :         4.00000000
     core leakage                           :         0.00128289
     valence                                :         8.00000000
     interstitial                           :         4.53738675
     charge in muffin-tin spheres :
                  atom     1     C          :         3.73130663
                  atom     2     C          :         3.73130663
     total charge in muffin-tins            :         7.46261325
     total charge                           :        12.00000000
 
 Wall time (seconds)                        :        31.35
 
++++++++++++++++++++++++++++++++++++++++++++++++++++++++++++++++++++++++++++++++
| SCF iteration number :    2                                                  +
++++++++++++++++++++++++++++++++++++++++++++++++++++++++++++++++++++++++++++++++
 Total energy                               :       -77.47061116
 _______________________________________________________________
 Fermi energy                               :         0.22147452
 Kinetic energy                             :        75.13727797
 Coulomb energy                             :      -141.72199581
 Exchange energy                            :       -10.46447970
 Correlation energy                         :        -0.42141363
 
 DOS at Fermi energy (states/Ha/cell)       :         1.74390319
 
 Electron charges :
     core                                   :         4.00000000
     core leakage                           :         0.00129519
     valence                                :         8.00000000
     interstitial                           :         4.59920411
     charge in muffin-tin spheres :
                  atom     1     C          :         3.70039795
                  atom     2     C          :         3.70039795
     total charge in muffin-tins            :         7.40079589
     total charge                           :        12.00000000
 
 Wall time (seconds)                        :        61.51
 
 RMS change in effective potential (target) :   1.65487      ( 0.100000E-05)
 Absolute change in total energy   (target) :  0.728037      ( 0.100000E-06)
 Charge distance                   (target) :  0.125535E-01  ( 0.100000E-04)
 Abs. change in max-nonIBS-force   (target) :   0.00000      ( 0.250000E-05)
 
++++++++++++++++++++++++++++++++++++++++++++++++++++++++++++++++++++++++++++++++
| SCF iteration number :    3                                                  +
++++++++++++++++++++++++++++++++++++++++++++++++++++++++++++++++++++++++++++++++
 Total energy                               :       -76.95481156
 _______________________________________________________________
 Fermi energy                               :         0.23460530
 Kinetic energy                             :        75.47478772
 Coulomb energy                             :      -141.56937145
 Exchange energy                            :       -10.43792850
 Correlation energy                         :        -0.42229933
 
 DOS at Fermi energy (states/Ha/cell)       :         1.84540795
 
 Electron charges :
     core                                   :         4.00000000
     core leakage                           :         0.00130316
     valence                                :         8.00000000
     interstitial                           :         4.64432876
     charge in muffin-tin spheres :
                  atom     1     C          :         3.67783562
                  atom     2     C          :         3.67783562
     total charge in muffin-tins            :         7.35567124
     total charge                           :        12.00000000
 
 Wall time (seconds)                        :        91.92
 
 RMS change in effective potential (target) :   1.22138      ( 0.100000E-05)
 Absolute change in total energy   (target) :  0.515800      ( 0.100000E-06)
 Charge distance                   (target) :  0.926560E-02  ( 0.100000E-04)
 Abs. change in max-nonIBS-force   (target) :   0.00000      ( 0.250000E-05)
 
++++++++++++++++++++++++++++++++++++++++++++++++++++++++++++++++++++++++++++++++
| SCF iteration number :    4                                                  +
++++++++++++++++++++++++++++++++++++++++++++++++++++++++++++++++++++++++++++++++
 Total energy                               :       -76.70264841
 _______________________________________________________________
 Fermi energy                               :         0.24043063
 Kinetic energy                             :        75.65361629
 Coulomb energy                             :      -141.51150742
 Exchange energy                            :       -10.42183117
 Correlation energy                         :        -0.42292611
 
 DOS at Fermi energy (states/Ha/cell)       :         1.92116141
 
 Electron charges :
     core                                   :         4.00000000
     core leakage                           :         0.00129594
     valence                                :         8.00000000
     interstitial                           :         4.67615208
     charge in muffin-tin spheres :
                  atom     1     C          :         3.66192396
                  atom     2     C          :         3.66192396
     total charge in muffin-tins            :         7.32384792
     total charge                           :        12.00000000
 
 Wall time (seconds)                        :       122.38
 
 RMS change in effective potential (target) :  0.676235E-01  ( 0.100000E-05)
 Absolute change in total energy   (target) :  0.252163      ( 0.100000E-06)
 Charge distance                   (target) :  0.705995E-02  ( 0.100000E-04)
 Abs. change in max-nonIBS-force   (target) :   0.00000      ( 0.250000E-05)
 
++++++++++++++++++++++++++++++++++++++++++++++++++++++++++++++++++++++++++++++++
| SCF iteration number :    5                                                  +
++++++++++++++++++++++++++++++++++++++++++++++++++++++++++++++++++++++++++++++++
 Total energy                               :       -75.95975286
 _______________________________________________________________
 Fermi energy                               :         0.25844959
 Kinetic energy                             :        76.11748082
 Coulomb energy                             :      -141.26816820
 Exchange energy                            :       -10.38483149
 Correlation energy                         :        -0.42423399
 
 DOS at Fermi energy (states/Ha/cell)       :         2.07590506
 
 Electron charges :
     core                                   :         4.00000000
     core leakage                           :         0.00131533
     valence                                :         8.00000000
     interstitial                           :         4.73643236
     charge in muffin-tin spheres :
                  atom     1     C          :         3.63178382
                  atom     2     C          :         3.63178382
     total charge in muffin-tins            :         7.26356764
     total charge                           :        12.00000000
 
 Wall time (seconds)                        :       152.99
 
 RMS change in effective potential (target) :  0.340508E-01  ( 0.100000E-05)
 Absolute change in total energy   (target) :  0.742896      ( 0.100000E-06)
 Charge distance                   (target) :  0.122116E-01  ( 0.100000E-04)
 Abs. change in max-nonIBS-force   (target) :   0.00000      ( 0.250000E-05)
 
++++++++++++++++++++++++++++++++++++++++++++++++++++++++++++++++++++++++++++++++
| SCF iteration number :    6                                                  +
++++++++++++++++++++++++++++++++++++++++++++++++++++++++++++++++++++++++++++++++
 Total energy                               :       -76.20249759
 _______________________________________________________________
 Fermi energy                               :         0.25273046
 Kinetic energy                             :        75.96652181
 Coulomb energy                             :      -141.34814969
 Exchange energy                            :       -10.39707388
 Correlation energy                         :        -0.42379583
 
 DOS at Fermi energy (states/Ha/cell)       :         2.01989521
 
 Electron charges :
     core                                   :         4.00000000
     core leakage                           :         0.00130916
     valence                                :         8.00000000
     interstitial                           :         4.71643311
     charge in muffin-tin spheres :
                  atom     1     C          :         3.64178344
                  atom     2     C          :         3.64178344
     total charge in muffin-tins            :         7.28356689
     total charge                           :        12.00000000
 
 Wall time (seconds)                        :       183.35
 
 RMS change in effective potential (target) :  0.735529E-03  ( 0.100000E-05)
 Absolute change in total energy   (target) :  0.242745      ( 0.100000E-06)
 Charge distance                   (target) :  0.408588E-02  ( 0.100000E-04)
 Abs. change in max-nonIBS-force   (target) :   0.00000      ( 0.250000E-05)
 
++++++++++++++++++++++++++++++++++++++++++++++++++++++++++++++++++++++++++++++++
| SCF iteration number :    7                                                  +
++++++++++++++++++++++++++++++++++++++++++++++++++++++++++++++++++++++++++++++++
 Total energy                               :       -76.20416547
 _______________________________________________________________
 Fermi energy                               :         0.25267953
 Kinetic energy                             :        75.96570672
 Coulomb energy                             :      -141.34893446
 Exchange energy                            :       -10.39714550
 Correlation energy                         :        -0.42379224
 
 DOS at Fermi energy (states/Ha/cell)       :         2.01991073
 
 Electron charges :
     core                                   :         4.00000000
     core leakage                           :         0.00130904
     valence                                :         8.00000000
     interstitial                           :         4.71633136
     charge in muffin-tin spheres :
                  atom     1     C          :         3.64183432
                  atom     2     C          :         3.64183432
     total charge in muffin-tins            :         7.28366864
     total charge                           :        12.00000000
 
 Wall time (seconds)                        :       214.27
 
 RMS change in effective potential (target) :  0.164081E-03  ( 0.100000E-05)
 Absolute change in total energy   (target) :  0.166788E-02  ( 0.100000E-06)
 Charge distance                   (target) :  0.203971E-04  ( 0.100000E-04)
 Abs. change in max-nonIBS-force   (target) :   0.00000      ( 0.250000E-05)
 
++++++++++++++++++++++++++++++++++++++++++++++++++++++++++++++++++++++++++++++++
| SCF iteration number :    8                                                  +
++++++++++++++++++++++++++++++++++++++++++++++++++++++++++++++++++++++++++++++++
 Total energy                               :       -76.20474869
 _______________________________________________________________
 Fermi energy                               :         0.25266598
 Kinetic energy                             :        75.96527745
 Coulomb energy                             :      -141.34906087
 Exchange energy                            :       -10.39717387
 Correlation energy                         :        -0.42379141
 
 DOS at Fermi energy (states/Ha/cell)       :         2.01973603
 
 Electron charges :
     core                                   :         4.00000000
     core leakage                           :         0.00130904
     valence                                :         8.00000000
     interstitial                           :         4.71628113
     charge in muffin-tin spheres :
                  atom     1     C          :         3.64185944
                  atom     2     C          :         3.64185944
     total charge in muffin-tins            :         7.28371887
     total charge                           :        12.00000000
 
 Wall time (seconds)                        :       244.57
 
 RMS change in effective potential (target) :  0.299100E-04  ( 0.100000E-05)
 Absolute change in total energy   (target) :  0.583218E-03  ( 0.100000E-06)
 Charge distance                   (target) :  0.119409E-04  ( 0.100000E-04)
 Abs. change in max-nonIBS-force   (target) :   0.00000      ( 0.250000E-05)
 
++++++++++++++++++++++++++++++++++++++++++++++++++++++++++++++++++++++++++++++++
| SCF iteration number :    9                                                  +
++++++++++++++++++++++++++++++++++++++++++++++++++++++++++++++++++++++++++++++++
 Total energy                               :       -76.20464490
 _______________________________________________________________
 Fermi energy                               :         0.25266840
 Kinetic energy                             :        75.96533740
 Coulomb energy                             :      -141.34902202
 Exchange energy                            :       -10.39716867
 Correlation energy                         :        -0.42379161
 
 DOS at Fermi energy (states/Ha/cell)       :         2.01975465
 
 Electron charges :
     core                                   :         4.00000000
     core leakage                           :         0.00130904
     valence                                :         8.00000000
     interstitial                           :         4.71628925
     charge in muffin-tin spheres :
                  atom     1     C          :         3.64185537
                  atom     2     C          :         3.64185537
     total charge in muffin-tins            :         7.28371075
     total charge                           :        12.00000000
 
 Wall time (seconds)                        :       274.91
 
 RMS change in effective potential (target) :  0.115143E-05  ( 0.100000E-05)
 Absolute change in total energy   (target) :  0.103794E-03  ( 0.100000E-06)
 Charge distance                   (target) :  0.158409E-05  ( 0.100000E-04)
 Abs. change in max-nonIBS-force   (target) :   0.00000      ( 0.250000E-05)
 
++++++++++++++++++++++++++++++++++++++++++++++++++++++++++++++++++++++++++++++++
| SCF iteration number :   10                                                  +
++++++++++++++++++++++++++++++++++++++++++++++++++++++++++++++++++++++++++++++++
 Total energy                               :       -76.20464514
 _______________________________________________________________
 Fermi energy                               :         0.25266841
 Kinetic energy                             :        75.96533754
 Coulomb energy                             :      -141.34902238
 Exchange energy                            :       -10.39716870
 Correlation energy                         :        -0.42379161
 
 DOS at Fermi energy (states/Ha/cell)       :         2.01975469
 
 Electron charges :
     core                                   :         4.00000000
     core leakage                           :         0.00130904
     valence                                :         8.00000000
     interstitial                           :         4.71628924
     charge in muffin-tin spheres :
                  atom     1     C          :         3.64185538
                  atom     2     C          :         3.64185538
     total charge in muffin-tins            :         7.28371076
     total charge                           :        12.00000000
 
 Wall time (seconds)                        :       305.17
 
 RMS change in effective potential (target) :  0.328438E-07  ( 0.100000E-05)
 Absolute change in total energy   (target) :  0.236836E-06  ( 0.100000E-06)
 Charge distance                   (target) :  0.571257E-08  ( 0.100000E-04)
 Abs. change in max-nonIBS-force   (target) :   0.00000      ( 0.250000E-05)
 
++++++++++++++++++++++++++++++++++++++++++++++++++++++++++++++++++++++++++++++++
| SCF iteration number :   11                                                  +
++++++++++++++++++++++++++++++++++++++++++++++++++++++++++++++++++++++++++++++++
 Total energy                               :       -76.20464502
 _______________________________________________________________
 Fermi energy                               :         0.25266842
 Kinetic energy                             :        75.96533762
 Coulomb energy                             :      -141.34902234
 Exchange energy                            :       -10.39716869
 Correlation energy                         :        -0.42379161
 
 DOS at Fermi energy (states/Ha/cell)       :         2.01975472
 
 Electron charges :
     core                                   :         4.00000000
     core leakage                           :         0.00130904
     valence                                :         8.00000000
     interstitial                           :         4.71628925
     charge in muffin-tin spheres :
                  atom     1     C          :         3.64185538
                  atom     2     C          :         3.64185538
     total charge in muffin-tins            :         7.28371075
     total charge                           :        12.00000000
 
 Wall time (seconds)                        :       335.36
 
 RMS change in effective potential (target) :  0.157110E-07  ( 0.100000E-05)
 Absolute change in total energy   (target) :  0.118236E-06  ( 0.100000E-06)
 Charge distance                   (target) :  0.277208E-08  ( 0.100000E-04)
 Abs. change in max-nonIBS-force   (target) :   0.00000      ( 0.250000E-05)
 
++++++++++++++++++++++++++++++++++++++++++++++++++++++++++++++++++++++++++++++++
| SCF iteration number :   12                                                  +
++++++++++++++++++++++++++++++++++++++++++++++++++++++++++++++++++++++++++++++++
 Total energy                               :       -76.20464502
 _______________________________________________________________
 Fermi energy                               :         0.25266842
 Kinetic energy                             :        75.96533762
 Coulomb energy                             :      -141.34902235
 Exchange energy                            :       -10.39716869
 Correlation energy                         :        -0.42379161
 
 DOS at Fermi energy (states/Ha/cell)       :         2.01975472
 
 Electron charges :
     core                                   :         4.00000000
     core leakage                           :         0.00130904
     valence                                :         8.00000000
     interstitial                           :         4.71628925
     charge in muffin-tin spheres :
                  atom     1     C          :         3.64185538
                  atom     2     C          :         3.64185538
     total charge in muffin-tins            :         7.28371075
     total charge                           :        12.00000000
 
 Wall time (seconds)                        :       365.45
 
 RMS change in effective potential (target) :  0.167094E-07  ( 0.100000E-05)
 Absolute change in total energy   (target) :  0.477269E-08  ( 0.100000E-06)
 Charge distance                   (target) :  0.712281E-10  ( 0.100000E-04)
 Abs. change in max-nonIBS-force   (target) :   0.00000      ( 0.250000E-05)
 
++++++++++++++++++++++++++++++++++++++++++++++++++++++++++++++++++++++++++++++++
| Convergence targets achieved. Performing final SCF iteration                 +
++++++++++++++++++++++++++++++++++++++++++++++++++++++++++++++++++++++++++++++++
 Total energy                               :       -76.21474704
 _______________________________________________________________
 Fermi energy                               :         0.25266841
 Kinetic energy                             :        75.96533761
 Coulomb energy                             :      -141.34902235
 Exchange energy                            :       -10.39716869
 Correlation energy                         :        -0.42379161
 DFT-D2 dispersion correction               :        -0.01010201
 
 DOS at Fermi energy (states/Ha/cell)       :         2.01975472
 
 Electron charges :
     core                                   :         4.00000000
     core leakage                           :         0.00130904
     valence                                :         8.00000000
     interstitial                           :         4.71628925
     charge in muffin-tin spheres :
                  atom     1     C          :         3.64185538
                  atom     2     C          :         3.64185538
     total charge in muffin-tins            :         7.28371075
     total charge                           :        12.00000000
 
++++++++++++++++++++++++++++++++++++++++++++++++++++++++++++++++++++++++++++++++
| Self-consistent loop stopped                                                 +
++++++++++++++++++++++++++++++++++++++++++++++++++++++++++++++++++++++++++++++++
 STATE.OUT is written
 
--------------------------------------------------------------------------------
| Writing atomic positions and forces                                          -
--------------------------------------------------------------------------------
 
 Atomic positions (lattice) :
 atom     1   C  :     0.00000000    0.00000000    0.00000000
 atom     2   C  :     0.33333333    0.33333333    0.00000000
 
 Total atomic forces including IBS (cartesian) :
 atom     1   C  :     0.00000000    0.00000000    0.00000000
 atom     2   C  :     0.00000000    0.00000000    0.00000000
 
 Atomic force components including IBS (cartesian) :
 atom     1   C  :     0.00000000    0.00000000    0.00000000   HF force
                 :     0.00000000    0.00000000    0.00000000   core correction
                 :     0.00000000    0.00000000    0.00000000   IBS correction
                 :     0.00000000    0.00000000    0.00000000   DFT-D2 force
 atom     2   C  :     0.00000000    0.00000000    0.00000000   HF force
                 :     0.00000000    0.00000000    0.00000000   core correction
                 :     0.00000000    0.00000000    0.00000000   IBS correction
                 :     0.00000000    0.00000000    0.00000000   DFT-D2 force
 
********************************************************************************
| Groundstate module stopped                                                   *
********************************************************************************
 
********************************************************************************
| Structure-optimization module started                                        *
********************************************************************************
 Output level for this task is set to normal
 
 Maximum displacement tau_BFGS   is         :         0.3000
 Maximum displacement tau_newton is         :         0.8000
 Maximum force target reached already at the initial configuration
 
********************************************************************************
| Structure-optimization module stopped                                        *
********************************************************************************
 
 Total time spent (seconds)                 :       422.42
 
================================================================================
| EXCITING BORON stopped                                                       =
================================================================================
