{
  "attachments": [
    {
      "content_type": "font/ttf",
      "description": "",
      "file_name": "Carlisle_Regular.ttf",
      "id": 1,
      "size": 44012
    },
    {
      "content_type": "font/ttf",
      "description": "",
      "file_name": "Cheryl Hand_V2.ttf",
      "id": 2,
      "size": 23268
    },
    {
      "content_type": "font/ttf",
      "description": "",
      "file_name": "Comix Loud.ttf",
      "id": 3,
      "size": 14164
    },
    {
      "content_type": "font/ttf",
      "description": "",
      "file_name": "Comixheavy.ttf",
      "id": 4,
      "size": 39060
    },
    {
      "content_type": "font/otf",
      "description": "",
      "file_name": "Corbert-Regular.otf",
      "id": 5,
      "size": 106600
    },
    {
      "content_type": "font/ttf",
      "description": "",
      "file_name": "CrashcourseBB_reg.ttf",
      "id": 6,
      "size": 39564
    },
    {
      "content_type": "font/otf",
      "description": "",
      "file_name": "Delicious-Bold.otf",
      "id": 7,
      "size": 24648
    },
    {
      "content_type": "font/otf",
      "description": "",
      "file_name": "Delicious-BoldItalic.otf",
      "id": 8,
      "size": 25424
    },
    {
      "content_type": "font/ttf",
      "description": "",
      "file_name": "FloweringBuds.ttf",
      "id": 9,
      "size": 18076
    },
    {
      "content_type": "font/ttf",
      "description": "",
      "file_name": "FromWhereYouAre.ttf",
      "id": 10,
      "size": 158396
    },
    {
      "content_type": "font/ttf",
      "description": "",
      "file_name": "HeiseiMaruGoStd-W4.ttf",
      "id": 11,
      "size": 73144
    },
    {
      "content_type": "font/ttf",
      "description": "",
      "file_name": "helr67w.ttf",
      "id": 12,
      "size": 84056
    },
    {
      "content_type": "font/ttf",
      "description": "",
      "file_name": "IwaGyoPro-Bd-Kami.ttf",
      "id": 13,
      "size": 454600
    },
    {
      "content_type": "font/ttf",
      "description": "",
      "file_name": "IwaOMinPro-Bd-Fate.ttf",
      "id": 14,
      "size": 700900
    },
    {
      "content_type": "font/otf",
      "description": "",
      "file_name": "KOZMIN~1Strippedv2.otf",
      "id": 15,
      "size": 110076
    },
    {
      "content_type": "font/ttf",
      "description": "",
      "file_name": "Paper Johnny Eins.ttf",
      "id": 16,
      "size": 38672
    },
    {
      "content_type": "font/ttf",
      "description": "",
      "file_name": "8051781869.ttf",
      "id": 17,
      "size": 38764
    },
    {
      "content_type": "font/ttf",
      "description": "",
      "file_name": "A-OTF-JunPro-Stripped-Bold.ttf",
      "id": 18,
      "size": 577652
    },
    {
      "content_type": "font/otf",
      "description": "",
      "file_name": "ArnoPro-Regular.otf",
      "id": 19,
      "size": 404236
    },
    {
      "content_type": "font/ttf",
      "description": "",
      "file_name": "BlambotPro.ttf",
      "id": 20,
      "size": 29704
    },
    {
      "content_type": "font/ttf",
      "description": "",
      "file_name": "BRUS445N.TTF",
      "id": 21,
      "size": 63728
    },
    {
      "content_type": "font/ttf",
      "description": "",
      "file_name": "AveriaSerif-Light.ttf",
      "id": 22,
      "size": 77504
    },
    {
      "content_type": "font/ttf",
      "description": "",
      "file_name": "Maiandra GD Demi Bold.ttf",
      "id": 23,
      "size": 60716
    },
    {
      "content_type": "font/ttf",
      "description": "",
      "file_name": "Maiandra GD Regular.ttf",
      "id": 24,
      "size": 61384
    },
    {
      "content_type": "font/ttf",
      "description": "",
      "file_name": "AveriaSerif-Bold",
      "id": 25,
      "size": 81840
    }
  ],
  "container": {
    "properties": {
      "container_type": 17,
      "date_local": "2022-10-13T23:09:49.000000+0530",
      "date_utc": "2022-10-13T17:39:49.000000+0000",
      "duration": 1370953000000,
      "is_providing_timestamps": true,
      "muxing_application": "libebml v1.4.4 + libmatroska v1.7.1",
      "timestamp_scale": 1000000,
      "title": "Monotone/Colorful | Your Lie in April / Shigatsu wa Kimi no Uso - S01E01",
      "writing_application": "mkvmerge v71.1.0 ('Fortitude') 64-bit"
    },
    "recognized": true,
    "supported": true,
    "type": "Matroska"
  },
  "file_name": "[sam] Shigatsu wa Kimi no Uso - 01 [BD 1080p FLAC] [AC0869E2].mkv",
  "identification_format_version": 20,
  "tracks": [
    {
      "codec": "HEVC/H.265/MPEG-H",
      "id": 0,
      "properties": {
        "alpha_mode": null,
        "audio_bits_per_sample": null,
        "audio_channels": null,
        "audio_emphasis": null,
        "audio_sampling_frequency": null,
        "cb_subsample": null,
        "chroma_siting": null,
        "chroma_subsample": null,
        "chromaticity_coordinates": null,
        "codec_delay": null,
        "codec_id": "V_MPEGH/ISO/HEVC",
        "codec_name": null,
        "color_bits_per_channel": null,
        "color_matrix_coefficients": null,
        "color_primaries": null,
        "color_range": null,
        "color_transfer_characteristics": null,
        "content_encoding_algorithms": null,
        "default_duration": 41708333,
        "default_track": true,
        "display_dimensions": "1920x1080",
        "display_unit": 0,
        "enabled_track": true,
        "encoding": null,
        "flag_commentary": null,
        "flag_hearing_impaired": null,
        "flag_original": null,
        "flag_text_descriptions": null,
        "flag_visual_impaired": null,
        "forced_track": false,
        "language": "jpn",
        "language_ietf": "ja",
        "max_content_light": null,
        "max_frame_light": null,
        "max_luminance": null,
        "min_luminance": null,
        "minimum_timestamp": 0,
        "multiplexed_tracks": null,
        "num_index_entries": 508,
        "number": 1,
        "packetizer": "mpegh_p2_video",
        "pixel_dimensions": "1920x1080",
        "program_number": null,
        "projection_pose_pitch": null,
        "projection_pose_roll": null,
        "projection_pose_yaw": null,
        "projection_private": null,
        "projection_type": null,
        "stereo_mode": null,
        "stream_id": null,
        "sub_stream_id": null,
        "teletext_page": null,
        "text_subtitles": null,
        "track_name": "BDrip by sam",
        "uid": 14440348777298059254,
        "white_color_coordinates": null
      },
      "type": "video"
    },
    {
      "codec": "FLAC",
      "id": 1,
      "properties": {
        "alpha_mode": null,
        "audio_bits_per_sample": 16,
        "audio_channels": 2,
        "audio_emphasis": null,
        "audio_sampling_frequency": 48000,
        "cb_subsample": null,
        "chroma_siting": null,
        "chroma_subsample": null,
        "chromaticity_coordinates": null,
        "codec_delay": null,
        "codec_id": "A_FLAC",
        "codec_name": null,
        "color_bits_per_channel": null,
        "color_matrix_coefficients": null,
        "color_primaries": null,
        "color_range": null,
        "color_transfer_characteristics": null,
        "content_encoding_algorithms": null,
        "default_duration": 85333333,
        "default_track": true,
        "display_dimensions": null,
        "display_unit": null,
        "enabled_track": true,
        "encoding": null,
        "flag_commentary": null,
        "flag_hearing_impaired": null,
        "flag_original": null,
        "flag_text_descriptions": null,
        "flag_visual_impaired": null,
        "forced_track": false,
        "language": "jpn",
        "language_ietf": "ja",
        "max_content_light": null,
        "max_frame_light": null,
        "max_luminance": null,
        "min_luminance": null,
        "minimum_timestamp": 0,
        "multiplexed_tracks": null,
        "num_index_entries": 0,
        "number": 2,
        "packetizer": null,
        "pixel_dimensions": null,
        "program_number": null,
        "projection_pose_pitch": null,
        "projection_pose_roll": null,
        "projection_pose_yaw": null,
        "projection_private": null,
        "projection_type": null,
        "stereo_mode": null,
        "stream_id": null,
        "sub_stream_id": null,
        "teletext_page": null,
        "text_subtitles": null,
        "track_name": "FLAC 2.0",
        "uid": 10815177267595904437,
        "white_color_coordinates": null
      },
      "type": "audio"
    },
    {
      "codec": "FLAC",
      "id": 2,
      "properties": {
        "alpha_mode": null,
        "audio_bits_per_sample": 16,
        "audio_channels": 2,
        "audio_emphasis": null,
        "audio_sampling_frequency": 48000,
        "cb_subsample": null,
        "chroma_siting": null,
        "chroma_subsample": null,
        "chromaticity_coordinates": null,
        "codec_delay": null,
        "codec_id": "A_FLAC",
        "codec_name": null,
        "color_bits_per_channel": null,
        "color_matrix_coefficients": null,
        "color_primaries": null,
        "color_range": null,
        "color_transfer_characteristics": null,
        "content_encoding_algorithms": null,
        "default_duration": 85333333,
        "default_track": false,
        "display_dimensions": null,
        "display_unit": null,
        "enabled_track": true,
        "encoding": null,
        "flag_commentary": null,
        "flag_hearing_impaired": null,
        "flag_original": null,
        "flag_text_descriptions": null,
        "flag_visual_impaired": null,
        "forced_track": false,
        "language": "eng",
        "language_ietf": "en",
        "max_content_light": null,
        "max_frame_light": null,
        "max_luminance": null,
        "min_luminance": null,
        "minimum_timestamp": 0,
        "multiplexed_tracks": null,
        "num_index_entries": 0,
        "number": 3,
        "packetizer": null,
        "pixel_dimensions": null,
        "program_number": null,
        "projection_pose_pitch": null,
        "projection_pose_roll": null,
        "projection_pose_yaw": null,
        "projection_private": null,
        "projection_type": null,
        "stereo_mode": null,
        "stream_id": null,
        "sub_stream_id": null,
        "teletext_page": null,
        "text_subtitles": null,
        "track_name": "FLAC 2.0",
        "uid": 9638459232586670582,
        "white_color_coordinates": null
      },
      "type": "audio"
    },
    {
      "codec": "SubStationAlpha",
      "id": 3,
      "properties": {
        "alpha_mode": null,
        "audio_bits_per_sample": null,
        "audio_channels": null,
        "audio_emphasis": null,
        "audio_sampling_frequency": null,
        "cb_subsample": null,
        "chroma_siting": null,
        "chroma_subsample": null,
        "chromaticity_coordinates": null,
        "codec_delay": null,
        "codec_id": "S_TEXT/ASS",
        "codec_name": null,
        "color_bits_per_channel": null,
        "color_matrix_coefficients": null,
        "color_primaries": null,
        "color_range": null,
        "color_transfer_characteristics": null,
        "content_encoding_algorithms": null,
        "default_duration": null,
        "default_track": true,
        "display_dimensions": null,
        "display_unit": null,
        "enabled_track": true,
        "encoding": "UTF-8",
        "flag_commentary": null,
        "flag_hearing_impaired": null,
        "flag_original": null,
        "flag_text_descriptions": null,
        "flag_visual_impaired": null,
        "forced_track": false,
        "language": "eng",
        "language_ietf": "en",
        "max_content_light": null,
        "max_frame_light": null,
        "max_luminance": null,
        "min_luminance": null,
        "minimum_timestamp": 7490000000,
        "multiplexed_tracks": null,
        "num_index_entries": 7712,
        "number": 4,
        "packetizer": null,
        "pixel_dimensions": null,
        "program_number": null,
        "projection_pose_pitch": null,
        "projection_pose_roll": null,
        "projection_pose_yaw": null,
        "projection_private": null,
        "projection_type": null,
        "stereo_mode": null,
        "stream_id": null,
        "sub_stream_id": null,
        "teletext_page": null,
        "text_subtitles": true,
        "track_name": "Full Subtitles [Arid]",
        "uid": 7243765800254146116,
        "white_color_coordinates": null
      },
      "type": "subtitles"
    },
    {
      "codec": "SubStationAlpha",
      "id": 4,
      "properties": {
        "alpha_mode": null,
        "audio_bits_per_sample": null,
        "audio_channels": null,
        "audio_emphasis": null,
        "audio_sampling_frequency": null,
        "cb_subsample": null,
        "chroma_siting": null,
        "chroma_subsample": null,
        "chromaticity_coordinates": null,
        "codec_delay": null,
        "codec_id": "S_TEXT/ASS",
        "codec_name": null,
        "color_bits_per_channel": null,
        "color_matrix_coefficients": null,
        "color_primaries": null,
        "color_range": null,
        "color_transfer_characteristics": null,
        "content_encoding_algorithms": null,
        "default_duration": null,
        "default_track": false,
        "display_dimensions": null,
        "display_unit": null,
        "enabled_track": true,
        "encoding": "UTF-8",
        "flag_commentary": null,
        "flag_hearing_impaired": null,
        "flag_original": null,
        "flag_text_descriptions": null,
        "flag_visual_impaired": null,
        "forced_track": false,
        "language": "enm",
        "language_ietf": "enm",
        "max_content_light": null,
        "max_frame_light": null,
        "max_luminance": null,
        "min_luminance": null,
        "minimum_timestamp": 7490000000,
        "multiplexed_tracks": null,
        "num_index_entries": 7712,
        "number": 5,
        "packetizer": null,
        "pixel_dimensions": null,
        "program_number": null,
        "projection_pose_pitch": null,
        "projection_pose_roll": null,
        "projection_pose_yaw": null,
        "projection_private": null,
        "projection_type": null,
        "stereo_mode": null,
        "stream_id": null,
        "sub_stream_id": null,
        "teletext_page": null,
        "text_subtitles": true,
        "track_name": "Full Subtitles (Honorifics) [Arid]",
        "uid": 12793978930519223540,
        "white_color_coordinates": null
      },
      "type": "subtitles"
    },
    {
      "codec": "SubStationAlpha",
      "id": 5,
      "properties": {
        "alpha_mode": null,
        "audio_bits_per_sample": null,
        "audio_channels": null,
        "audio_emphasis": null,
        "audio_sampling_frequency": null,
        "cb_subsample": null,
        "chroma_siting": null,
        "chroma_subsample": null,
        "chromaticity_coordinates": null,
        "codec_delay": null,
        "codec_id": "S_TEXT/ASS",
        "codec_name": null,
        "color_bits_per_channel": null,
        "color_matrix_coefficients": null,
        "color_primaries": null,
        "color_range": null,
        "color_transfer_characteristics": null,
        "content_encoding_algorithms": null,
        "default_duration": null,
        "default_track": false,
        "display_dimensions": null,
        "display_unit": null,
        "enabled_track": true,
        "encoding": "UTF-8",
        "flag_commentary": null,
        "flag_hearing_impaired": null,
        "flag_original": null,
        "flag_text_descriptions": null,
        "flag_visual_impaired": null,
        "forced_track": true,
        "language": "eng",
        "language_ietf": "en",
        "max_content_light": null,
        "max_frame_light": null,
        "max_luminance": null,
        "min_luminance": null,
        "minimum_timestamp": 7490000000,
        "multiplexed_tracks": null,
        "num_index_entries": 7419,
        "number": 6,
        "packetizer": null,
        "pixel_dimensions": null,
        "program_number": null,
        "projection_pose_pitch": null,
        "projection_pose_roll": null,
        "projection_pose_yaw": null,
        "projection_private": null,
        "projection_type": null,
        "stereo_mode": null,
        "stream_id": null,
        "sub_stream_id": null,
        "teletext_page": null,
        "text_subtitles": true,
        "track_name": "Signs/Songs [Arid]",
        "uid": 7894976358188689200,
        "white_color_coordinates": null
      },
      "type": "subtitles"
    }
  ]
}
