{
  "attachments": [
    {
      "content_type": "application/vnd.ms-opentype",
      "description": "",
      "file_name": "Crimson-Roman.otf",
      "id": 1,
      "size": 194244
    },
    {
      "content_type": "application/x-truetype-font",
      "description": "",
      "file_name": "FiraSans-Medium.ttf",
      "id": 2,
      "size": 441000
    },
    {
      "content_type": "application/x-truetype-font",
      "description": "",
      "file_name": "FiraSans-MediumItalic.ttf",
      "id": 3,
      "size": 456472
    }
  ],
  "container": {
    "properties": {
      "container_type": 17,
      "date_local": "2025-04-09T13:18:39.000000+0530",
      "date_utc": "2025-04-09T07:48:39.000000+0000",
      "duration": 1440078000000,
      "is_providing_timestamps": true,
      "muxing_application": "libebml v1.4.5 + libmatroska v1.7.1",
      "timestamp_scale": 1000000,
      "title": "[Pizza] Anne Shirley (2025) - S01E01",
      "writing_application": "mkvmerge v90.0 ('Hanging On') 64-bit"
    },
    "recognized": true,
    "supported": true,
    "type": "Matroska"
  },
  "file_name": "[Pizza] Anne Shirley (2025) - S01E01 [WEB 1080p HEVC AAC].mkv",
  "identification_format_version": 20,
  "tracks": [
    {
      "codec": "HEVC/H.265/MPEG-H",
      "id": 0,
      "properties": {
        "alpha_mode": null,
        "audio_bits_per_sample": null,
        "audio_channels": null,
        "audio_emphasis": null,
        "audio_sampling_frequency": null,
        "cb_subsample": null,
        "chroma_siting": null,
        "chroma_subsample": null,
        "chromaticity_coordinates": null,
        "codec_delay": null,
        "codec_id": "V_MPEGH/ISO/HEVC",
        "codec_name": null,
        "color_bits_per_channel": null,
        "color_matrix_coefficients": null,
        "color_primaries": null,
        "color_range": null,
        "color_transfer_characteristics": null,
        "content_encoding_algorithms": null,
        "default_duration": 41708333,
        "default_track": true,
        "display_dimensions": "1920x1080",
        "display_unit": 0,
        "enabled_track": true,
        "encoding": null,
        "flag_commentary": null,
        "flag_hearing_impaired": null,
        "flag_original": null,
        "flag_text_descriptions": null,
        "flag_visual_impaired": null,
        "forced_track": false,
        "language": "und",
        "language_ietf": "und",
        "max_content_light": null,
        "max_frame_light": null,
        "max_luminance": null,
        "min_luminance": null,
        "minimum_timestamp": 0,
        "multiplexed_tracks": null,
        "num_index_entries": 314,
        "number": 1,
        "packetizer": "mpegh_p2_video",
        "pixel_dimensions": "1920x1080",
        "program_number": null,
        "projection_pose_pitch": null,
        "projection_pose_roll": null,
        "projection_pose_yaw": null,
        "projection_private": null,
        "projection_type": null,
        "stereo_mode": null,
        "stream_id": null,
        "sub_stream_id": null,
        "teletext_page": null,
        "text_subtitles": null,
        "track_name": null,
        "uid": 17287273988303503328,
        "white_color_coordinates": null
      },
      "type": "video"
    },
    {
      "codec": "AAC",
      "id": 1,
      "properties": {
        "alpha_mode": null,
        "audio_bits_per_sample": null,
        "audio_channels": 2,
        "audio_emphasis": null,
        "audio_sampling_frequency": 44100,
        "cb_subsample": null,
        "chroma_siting": null,
        "chroma_subsample": null,
        "chromaticity_coordinates": null,
        "codec_delay": null,
        "codec_id": "A_AAC",
        "codec_name": null,
        "color_bits_per_channel": null,
        "color_matrix_coefficients": null,
        "color_primaries": null,
        "color_range": null,
        "color_transfer_characteristics": null,
        "content_encoding_algorithms": null,
        "default_duration": 23219954,
        "default_track": true,
        "display_dimensions": null,
        "display_unit": null,
        "enabled_track": true,
        "encoding": null,
        "flag_commentary": null,
        "flag_hearing_impaired": null,
        "flag_original": null,
        "flag_text_descriptions": null,
        "flag_visual_impaired": null,
        "forced_track": false,
        "language": "jpn",
        "language_ietf": "ja",
        "max_content_light": null,
        "max_frame_light": null,
        "max_luminance": null,
        "min_luminance": null,
        "minimum_timestamp": 0,
        "multiplexed_tracks": null,
        "num_index_entries": 0,
        "number": 2,
        "packetizer": null,
        "pixel_dimensions": null,
        "program_number": null,
        "projection_pose_pitch": null,
        "projection_pose_roll": null,
        "projection_pose_yaw": null,
        "projection_private": null,
        "projection_type": null,
        "stereo_mode": null,
        "stream_id": null,
        "sub_stream_id": null,
        "teletext_page": null,
        "text_subtitles": null,
        "track_name": null,
        "uid": 2,
        "white_color_coordinates": null
      },
      "type": "audio"
    },
    {
      "codec": "SubStationAlpha",
      "id": 2,
      "properties": {
        "alpha_mode": null,
        "audio_bits_per_sample": null,
        "audio_channels": null,
        "audio_emphasis": null,
        "audio_sampling_frequency": null,
        "cb_subsample": null,
        "chroma_siting": null,
        "chroma_subsample": null,
        "chromaticity_coordinates": null,
        "codec_delay": null,
        "codec_id": "S_TEXT/ASS",
        "codec_name": null,
        "color_bits_per_channel": null,
        "color_matrix_coefficients": null,
        "color_primaries": null,
        "color_range": null,
        "color_transfer_characteristics": null,
        "content_encoding_algorithms": null,
        "default_duration": null,
        "default_track": true,
        "display_dimensions": null,
        "display_unit": null,
        "enabled_track": true,
        "encoding": "UTF-8",
        "flag_commentary": null,
        "flag_hearing_impaired": null,
        "flag_original": null,
        "flag_text_descriptions": null,
        "flag_visual_impaired": null,
        "forced_track": false,
        "language": "eng",
        "language_ietf": "en",
        "max_content_light": null,
        "max_frame_light": null,
        "max_luminance": null,
        "min_luminance": null,
        "minimum_timestamp": 3940000000,
        "multiplexed_tracks": null,
        "num_index_entries": 344,
        "number": 3,
        "packetizer": null,
        "pixel_dimensions": null,
        "program_number": null,
        "projection_pose_pitch": null,
        "projection_pose_roll": null,
        "projection_pose_yaw": null,
        "projection_private": null,
        "projection_type": null,
        "stereo_mode": null,
        "stream_id": null,
        "sub_stream_id": null,
        "teletext_page": null,
        "text_subtitles": true,
        "track_name": null,
        "uid": 7675188590864031944,
        "white_color_coordinates": null
      },
      "type": "subtitles"
    }
  ]
}
