================================================================================
| EXCITING BORON started                                                       =
| version hash id:                                                             =
| MPI version using     16 processor(s)                                        =
|                                                                              =
| Date (DD-MM-YYYY) : 12-08-2015                                               =
| Time (hh:mm:ss)   : 21:43:32                                                 =
|                                                                              =
| All units are atomic (Hartree, Bohr, etc.)                                   =
================================================================================
 
********************************************************************************
| Structural optimisation starting from atomic densities                       *
********************************************************************************
 
++++++++++++++++++++++++++++++++++++++++++++++++++++++++++++++++++++++++++++++++
| Starting initialization                                                      +
++++++++++++++++++++++++++++++++++++++++++++++++++++++++++++++++++++++++++++++++
 
 Lattice vectors (cartesian) :
      2.4405781897      4.2272054244      0.0000000000
     -2.4405781897      4.2272054244      0.0000000000
      0.0000000000      0.0000000000      6.5761020000
 
 Reciprocal lattice vectors (cartesian) :
      1.2872329462      0.7431842880      0.0000000000
     -1.2872329462      0.7431842880      0.0000000000
      0.0000000000      0.0000000000      0.9554573982
 
 Unit cell volume                           :     135.6889917940
 Brillouin zone volume                      :       1.8280791254
 
 Species :    1 (C)
     parameters loaded from                 :    C.xml
     name                                   :    carbon
     nuclear charge                         :      -6.00000000
     electronic charge                      :       6.00000000
     atomic mass                            :   21894.16673000
     muffin-tin radius                      :       1.20000000
     # of radial points in muffin-tin       :     250
 
     atomic positions (lattice) :
       1 :   0.00000000  0.00000000  0.00000000
       2 :   0.33333333  0.33333333  0.00000000
 
 Total number of atoms per unit cell        :       2
 
 Spin treatment                             :    spin-unpolarised
 
 Number of Bravais lattice symmetries       :      24
 Number of crystal symmetries               :      24
 
 k-point grid                               :      34   34   24
 Total number of k-points                   :    1482
 k-point set is reduced with crystal symmetries
 
 R^MT_min * |G+k|_max (rgkmax)              :       8.00000000
 Species with R^MT_min                      :       1 (C)
 Maximum |G+k| for APW functions            :       6.66666667
 Maximum |G| for potential and density      :      20.00000000
 
 G-vector grid sizes                        :      32    32    45
 Total number of G-vectors                  :   18293
 
 Maximum angular momentum used for
     APW functions                          :       8
     computing H and O matrix elements      :       8
     potential and density                  :       8
     inner part of muffin-tin               :       2
 
 Total nuclear charge                       :     -12.00000000
 Total electronic charge                    :      12.00000000
 Total core charge                          :       4.00000000
 Total valence charge                       :       8.00000000
 
 Number of empty states                     :       5
 Total number of valence states             :      10
 
 Maximum Hamiltonian size                   :     700
 Maximum number of plane-waves              :     692
 Total number of local-orbitals             :       8
 
 Exchange-correlation type                  :      20
     Perdew-Burke-Ernzerhof, Phys. Rev. Lett. 77, 3865 (1996)
     Generalised gradient approximation (GGA)
 
 Smearing scheme                            :    Gaussian
 Smearing width                             :       0.01000000
 
 Using multisecant Broyden potential mixing
 
++++++++++++++++++++++++++++++++++++++++++++++++++++++++++++++++++++++++++++++++
| Ending initialization                                                        +
++++++++++++++++++++++++++++++++++++++++++++++++++++++++++++++++++++++++++++++++
 
********************************************************************************
| Groundstate module started                                                   *
********************************************************************************
 Output level for this task is set to normal
 
++++++++++++++++++++++++++++++++++++++++++++++++++++++++++++++++++++++++++++++++
| Self-consistent loop started                                                 +
++++++++++++++++++++++++++++++++++++++++++++++++++++++++++++++++++++++++++++++++
 Density and potential initialised from atomic data
 
 
++++++++++++++++++++++++++++++++++++++++++++++++++++++++++++++++++++++++++++++++
| SCF iteration number :    1                                                  +
++++++++++++++++++++++++++++++++++++++++++++++++++++++++++++++++++++++++++++++++
 Total energy                               :       -77.82157225
 _______________________________________________________________
 Fermi energy                               :         0.13927910
 Kinetic energy                             :        74.44018073
 Coulomb energy                             :      -141.46830493
 Exchange energy                            :       -10.38157975
 Correlation energy                         :        -0.41186830
 
 DOS at Fermi energy (states/Ha/cell)       :         1.35437500
 
 Electron charges :
     core                                   :         4.00000000
     core leakage                           :         0.00127378
     valence                                :         8.00000000
     interstitial                           :         4.76556380
     charge in muffin-tin spheres :
                  atom     1     C          :         3.61721810
                  atom     2     C          :         3.61721810
     total charge in muffin-tins            :         7.23443620
     total charge                           :        12.00000000
 
 Wall time (seconds)                        :        47.88
 
++++++++++++++++++++++++++++++++++++++++++++++++++++++++++++++++++++++++++++++++
| SCF iteration number :    2                                                  +
++++++++++++++++++++++++++++++++++++++++++++++++++++++++++++++++++++++++++++++++
 Total energy                               :       -77.22166298
 _______________________________________________________________
 Fermi energy                               :         0.15603123
 Kinetic energy                             :        74.83905547
 Coulomb energy                             :      -141.29676378
 Exchange energy                            :       -10.35130010
 Correlation energy                         :        -0.41265458
 
 DOS at Fermi energy (states/Ha/cell)       :         1.43457960
 
 Electron charges :
     core                                   :         4.00000000
     core leakage                           :         0.00128242
     valence                                :         8.00000000
     interstitial                           :         4.81591576
     charge in muffin-tin spheres :
                  atom     1     C          :         3.59204212
                  atom     2     C          :         3.59204212
     total charge in muffin-tins            :         7.18408424
     total charge                           :        12.00000000
 
 Wall time (seconds)                        :        93.76
 
 RMS change in effective potential (target) :   1.53765      ( 0.100000E-05)
 Absolute change in total energy   (target) :  0.599909      ( 0.100000E-06)
 Charge distance                   (target) :  0.106058E-01  ( 0.100000E-04)
 Abs. change in max-nonIBS-force   (target) :   0.00000      ( 0.250000E-05)
 
++++++++++++++++++++++++++++++++++++++++++++++++++++++++++++++++++++++++++++++++
| SCF iteration number :    3                                                  +
++++++++++++++++++++++++++++++++++++++++++++++++++++++++++++++++++++++++++++++++
 Total energy                               :       -76.79918483
 _______________________________________________________________
 Fermi energy                               :         0.16751231
 Kinetic energy                             :        75.11848229
 Coulomb energy                             :      -141.17483547
 Exchange energy                            :       -10.32957464
 Correlation energy                         :        -0.41325701
 
 DOS at Fermi energy (states/Ha/cell)       :         1.49882142
 
 Electron charges :
     core                                   :         4.00000000
     core leakage                           :         0.00128777
     valence                                :         8.00000000
     interstitial                           :         4.85228625
     charge in muffin-tin spheres :
                  atom     1     C          :         3.57385688
                  atom     2     C          :         3.57385688
     total charge in muffin-tins            :         7.14771375
     total charge                           :        12.00000000
 
 Wall time (seconds)                        :       139.71
 
 RMS change in effective potential (target) :   1.13193      ( 0.100000E-05)
 Absolute change in total energy   (target) :  0.422478      ( 0.100000E-06)
 Charge distance                   (target) :  0.775463E-02  ( 0.100000E-04)
 Abs. change in max-nonIBS-force   (target) :   0.00000      ( 0.250000E-05)
 
++++++++++++++++++++++++++++++++++++++++++++++++++++++++++++++++++++++++++++++++
| SCF iteration number :    4                                                  +
++++++++++++++++++++++++++++++++++++++++++++++++++++++++++++++++++++++++++++++++
 Total energy                               :       -76.61788263
 _______________________________________________________________
 Fermi energy                               :         0.17231002
 Kinetic energy                             :        75.25298449
 Coulomb energy                             :      -141.13937922
 Exchange energy                            :       -10.31785077
 Correlation energy                         :        -0.41363713
 
 DOS at Fermi energy (states/Ha/cell)       :         1.54210224
 
 Electron charges :
     core                                   :         4.00000000
     core leakage                           :         0.00127975
     valence                                :         8.00000000
     interstitial                           :         4.87545752
     charge in muffin-tin spheres :
                  atom     1     C          :         3.56227124
                  atom     2     C          :         3.56227124
     total charge in muffin-tins            :         7.12454248
     total charge                           :        12.00000000
 
 Wall time (seconds)                        :       185.67
 
 RMS change in effective potential (target) :  0.497460E-01  ( 0.100000E-05)
 Absolute change in total energy   (target) :  0.181302      ( 0.100000E-06)
 Charge distance                   (target) :  0.553210E-02  ( 0.100000E-04)
 Abs. change in max-nonIBS-force   (target) :   0.00000      ( 0.250000E-05)
 
++++++++++++++++++++++++++++++++++++++++++++++++++++++++++++++++++++++++++++++++
| SCF iteration number :    5                                                  +
++++++++++++++++++++++++++++++++++++++++++++++++++++++++++++++++++++++++++++++++
 Total energy                               :       -75.96743442
 _______________________________________________________________
 Fermi energy                               :         0.18916107
 Kinetic energy                             :        75.66218921
 Coulomb energy                             :      -140.92967396
 Exchange energy                            :       -10.28535663
 Correlation energy                         :        -0.41459305
 
 DOS at Fermi energy (states/Ha/cell)       :         1.64689760
 
 Electron charges :
     core                                   :         4.00000000
     core leakage                           :         0.00129557
     valence                                :         8.00000000
     interstitial                           :         4.92733606
     charge in muffin-tin spheres :
                  atom     1     C          :         3.53633197
                  atom     2     C          :         3.53633197
     total charge in muffin-tins            :         7.07266394
     total charge                           :        12.00000000
 
 Wall time (seconds)                        :       231.82
 
 RMS change in effective potential (target) :  0.282625E-01  ( 0.100000E-05)
 Absolute change in total energy   (target) :  0.650448      ( 0.100000E-06)
 Charge distance                   (target) :  0.108084E-01  ( 0.100000E-04)
 Abs. change in max-nonIBS-force   (target) :   0.00000      ( 0.250000E-05)
 
++++++++++++++++++++++++++++++++++++++++++++++++++++++++++++++++++++++++++++++++
| SCF iteration number :    6                                                  +
++++++++++++++++++++++++++++++++++++++++++++++++++++++++++++++++++++++++++++++++
 Total energy                               :       -76.19425079
 _______________________________________________________________
 Fermi energy                               :         0.18338914
 Kinetic energy                             :        75.52015998
 Coulomb energy                             :      -141.00337039
 Exchange energy                            :       -10.29678821
 Correlation energy                         :        -0.41425216
 
 DOS at Fermi energy (states/Ha/cell)       :         1.60849145
 
 Electron charges :
     core                                   :         4.00000000
     core leakage                           :         0.00129014
     valence                                :         8.00000000
     interstitial                           :         4.90908781
     charge in muffin-tin spheres :
                  atom     1     C          :         3.54545609
                  atom     2     C          :         3.54545609
     total charge in muffin-tins            :         7.09091219
     total charge                           :        12.00000000
 
 Wall time (seconds)                        :       277.76
 
 RMS change in effective potential (target) :  0.409471E-03  ( 0.100000E-05)
 Absolute change in total energy   (target) :  0.226816      ( 0.100000E-06)
 Charge distance                   (target) :  0.382751E-02  ( 0.100000E-04)
 Abs. change in max-nonIBS-force   (target) :   0.00000      ( 0.250000E-05)
 
++++++++++++++++++++++++++++++++++++++++++++++++++++++++++++++++++++++++++++++++
| SCF iteration number :    7                                                  +
++++++++++++++++++++++++++++++++++++++++++++++++++++++++++++++++++++++++++++++++
 Total energy                               :       -76.19687007
 _______________________________________________________________
 Fermi energy                               :         0.18331718
 Kinetic energy                             :        75.51862026
 Coulomb energy                             :      -141.00432975
 Exchange energy                            :       -10.29691297
 Correlation energy                         :        -0.41424762
 
 DOS at Fermi energy (states/Ha/cell)       :         1.60821317
 
 Electron charges :
     core                                   :         4.00000000
     core leakage                           :         0.00129003
     valence                                :         8.00000000
     interstitial                           :         4.90889250
     charge in muffin-tin spheres :
                  atom     1     C          :         3.54555375
                  atom     2     C          :         3.54555375
     total charge in muffin-tins            :         7.09110750
     total charge                           :        12.00000000
 
 Wall time (seconds)                        :       323.64
 
 RMS change in effective potential (target) :  0.897498E-04  ( 0.100000E-05)
 Absolute change in total energy   (target) :  0.261929E-02  ( 0.100000E-06)
 Charge distance                   (target) :  0.377984E-04  ( 0.100000E-04)
 Abs. change in max-nonIBS-force   (target) :   0.00000      ( 0.250000E-05)
 
++++++++++++++++++++++++++++++++++++++++++++++++++++++++++++++++++++++++++++++++
| SCF iteration number :    8                                                  +
++++++++++++++++++++++++++++++++++++++++++++++++++++++++++++++++++++++++++++++++
 Total energy                               :       -76.19701833
 _______________________________________________________________
 Fermi energy                               :         0.18331313
 Kinetic energy                             :        75.51848149
 Coulomb energy                             :      -141.00433273
 Exchange energy                            :       -10.29691950
 Correlation energy                         :        -0.41424759
 
 DOS at Fermi energy (states/Ha/cell)       :         1.60816177
 
 Electron charges :
     core                                   :         4.00000000
     core leakage                           :         0.00129004
     valence                                :         8.00000000
     interstitial                           :         4.90888017
     charge in muffin-tin spheres :
                  atom     1     C          :         3.54555992
                  atom     2     C          :         3.54555992
     total charge in muffin-tins            :         7.09111983
     total charge                           :        12.00000000
 
 Wall time (seconds)                        :       369.88
 
 RMS change in effective potential (target) :  0.107554E-04  ( 0.100000E-05)
 Absolute change in total energy   (target) :  0.148252E-03  ( 0.100000E-06)
 Charge distance                   (target) :  0.431796E-05  ( 0.100000E-04)
 Abs. change in max-nonIBS-force   (target) :   0.00000      ( 0.250000E-05)
 
++++++++++++++++++++++++++++++++++++++++++++++++++++++++++++++++++++++++++++++++
| SCF iteration number :    9                                                  +
++++++++++++++++++++++++++++++++++++++++++++++++++++++++++++++++++++++++++++++++
 Total energy                               :       -76.19688889
 _______________________________________________________________
 Fermi energy                               :         0.18331648
 Kinetic energy                             :        75.51857146
 Coulomb energy                             :      -141.00429938
 Exchange energy                            :       -10.29691322
 Correlation energy                         :        -0.41424774
 
 DOS at Fermi energy (states/Ha/cell)       :         1.60818763
 
 Electron charges :
     core                                   :         4.00000000
     core leakage                           :         0.00129004
     valence                                :         8.00000000
     interstitial                           :         4.90889057
     charge in muffin-tin spheres :
                  atom     1     C          :         3.54555471
                  atom     2     C          :         3.54555471
     total charge in muffin-tins            :         7.09110943
     total charge                           :        12.00000000
 
 Wall time (seconds)                        :       415.87
 
 RMS change in effective potential (target) :  0.891141E-06  ( 0.100000E-05)
 Absolute change in total energy   (target) :  0.129435E-03  ( 0.100000E-06)
 Charge distance                   (target) :  0.236838E-05  ( 0.100000E-04)
 Abs. change in max-nonIBS-force   (target) :   0.00000      ( 0.250000E-05)
 
++++++++++++++++++++++++++++++++++++++++++++++++++++++++++++++++++++++++++++++++
| SCF iteration number :   10                                                  +
++++++++++++++++++++++++++++++++++++++++++++++++++++++++++++++++++++++++++++++++
 Total energy                               :       -76.19689053
 _______________________________________________________________
 Fermi energy                               :         0.18331645
 Kinetic energy                             :        75.51857071
 Coulomb energy                             :      -141.00430018
 Exchange energy                            :       -10.29691332
 Correlation energy                         :        -0.41424774
 
 DOS at Fermi energy (states/Ha/cell)       :         1.60818745
 
 Electron charges :
     core                                   :         4.00000000
     core leakage                           :         0.00129004
     valence                                :         8.00000000
     interstitial                           :         4.90889044
     charge in muffin-tin spheres :
                  atom     1     C          :         3.54555478
                  atom     2     C          :         3.54555478
     total charge in muffin-tins            :         7.09110956
     total charge                           :        12.00000000
 
 Wall time (seconds)                        :       461.83
 
 RMS change in effective potential (target) :  0.573488E-07  ( 0.100000E-05)
 Absolute change in total energy   (target) :  0.163467E-05  ( 0.100000E-06)
 Charge distance                   (target) :  0.262809E-07  ( 0.100000E-04)
 Abs. change in max-nonIBS-force   (target) :   0.00000      ( 0.250000E-05)
 
++++++++++++++++++++++++++++++++++++++++++++++++++++++++++++++++++++++++++++++++
| SCF iteration number :   11                                                  +
++++++++++++++++++++++++++++++++++++++++++++++++++++++++++++++++++++++++++++++++
 Total energy                               :       -76.19689059
 _______________________________________________________________
 Fermi energy                               :         0.18331644
 Kinetic energy                             :        75.51857065
 Coulomb energy                             :      -141.00430018
 Exchange energy                            :       -10.29691332
 Correlation energy                         :        -0.41424774
 
 DOS at Fermi energy (states/Ha/cell)       :         1.60818744
 
 Electron charges :
     core                                   :         4.00000000
     core leakage                           :         0.00129004
     valence                                :         8.00000000
     interstitial                           :         4.90889043
     charge in muffin-tin spheres :
                  atom     1     C          :         3.54555478
                  atom     2     C          :         3.54555478
     total charge in muffin-tins            :         7.09110957
     total charge                           :        12.00000000
 
 Wall time (seconds)                        :       507.88
 
 RMS change in effective potential (target) :  0.175307E-07  ( 0.100000E-05)
 Absolute change in total energy   (target) :  0.619869E-07  ( 0.100000E-06)
 Charge distance                   (target) :  0.140827E-08  ( 0.100000E-04)
 Abs. change in max-nonIBS-force   (target) :   0.00000      ( 0.250000E-05)
 
++++++++++++++++++++++++++++++++++++++++++++++++++++++++++++++++++++++++++++++++
| Convergence targets achieved. Performing final SCF iteration                 +
++++++++++++++++++++++++++++++++++++++++++++++++++++++++++++++++++++++++++++++++
 Total energy                               :       -76.20492497
 _______________________________________________________________
 Fermi energy                               :         0.18331644
 Kinetic energy                             :        75.51857064
 Coulomb energy                             :      -141.00430018
 Exchange energy                            :       -10.29691332
 Correlation energy                         :        -0.41424774
 DFT-D2 dispersion correction               :        -0.00803437
 
 DOS at Fermi energy (states/Ha/cell)       :         1.60818744
 
 Electron charges :
     core                                   :         4.00000000
     core leakage                           :         0.00129004
     valence                                :         8.00000000
     interstitial                           :         4.90889043
     charge in muffin-tin spheres :
                  atom     1     C          :         3.54555478
                  atom     2     C          :         3.54555478
     total charge in muffin-tins            :         7.09110957
     total charge                           :        12.00000000
 
++++++++++++++++++++++++++++++++++++++++++++++++++++++++++++++++++++++++++++++++
| Self-consistent loop stopped                                                 +
++++++++++++++++++++++++++++++++++++++++++++++++++++++++++++++++++++++++++++++++
 STATE.OUT is written
 
--------------------------------------------------------------------------------
| Writing atomic positions and forces                                          -
--------------------------------------------------------------------------------
 
 Atomic positions (lattice) :
 atom     1   C  :     0.00000000    0.00000000    0.00000000
 atom     2   C  :     0.33333333    0.33333333    0.00000000
 
 Total atomic forces including IBS (cartesian) :
 atom     1   C  :     0.00000000    0.00000000    0.00000000
 atom     2   C  :     0.00000000    0.00000000    0.00000000
 
 Atomic force components including IBS (cartesian) :
 atom     1   C  :     0.00000000    0.00000000    0.00000000   HF force
                 :     0.00000000    0.00000000    0.00000000   core correction
                 :     0.00000000    0.00000000    0.00000000   IBS correction
                 :     0.00000000    0.00000000    0.00000000   DFT-D2 force
 atom     2   C  :     0.00000000    0.00000000    0.00000000   HF force
                 :     0.00000000    0.00000000    0.00000000   core correction
                 :     0.00000000    0.00000000    0.00000000   IBS correction
                 :     0.00000000    0.00000000    0.00000000   DFT-D2 force
 
********************************************************************************
| Groundstate module stopped                                                   *
********************************************************************************
 
********************************************************************************
| Structure-optimization module started                                        *
********************************************************************************
 Output level for this task is set to normal
 
 Maximum displacement tau_BFGS   is         :         0.3000
 Maximum displacement tau_newton is         :         0.8000
 Maximum force target reached already at the initial configuration
 
********************************************************************************
| Structure-optimization module stopped                                        *
********************************************************************************
 
 Total time spent (seconds)                 :       590.58
 
================================================================================
| EXCITING BORON stopped                                                       =
================================================================================
