================================================================================
| EXCITING BORON started                                                       =
| version hash id:                                                             =
| MPI version using     16 processor(s)                                        =
|                                                                              =
| Date (DD-MM-YYYY) : 09-08-2015                                               =
| Time (hh:mm:ss)   : 22:11:47                                                 =
|                                                                              =
| All units are atomic (Hartree, Bohr, etc.)                                   =
================================================================================
 
********************************************************************************
| Structural optimisation starting from atomic densities                       *
********************************************************************************
 
++++++++++++++++++++++++++++++++++++++++++++++++++++++++++++++++++++++++++++++++
| Starting initialization                                                      +
++++++++++++++++++++++++++++++++++++++++++++++++++++++++++++++++++++++++++++++++
 
 Lattice vectors (cartesian) :
      2.2561102056      3.9076975036      0.0000000000
     -2.2561102056      3.9076975036      0.0000000000
      0.0000000000      0.0000000000      6.9594921953
 
 Reciprocal lattice vectors (cartesian) :
      1.3924819123      0.8039498069      0.0000000000
     -1.3924819123      0.8039498069      0.0000000000
      0.0000000000      0.0000000000      0.9028223800
 
 Unit cell volume                           :     122.7124975488
 Brillouin zone volume                      :       2.0213932435
 
 Species :    1 (C)
     parameters loaded from                 :    C.xml
     name                                   :    carbon
     nuclear charge                         :      -6.00000000
     electronic charge                      :       6.00000000
     atomic mass                            :   21894.16673000
     muffin-tin radius                      :       1.20000000
     # of radial points in muffin-tin       :     250
 
     atomic positions (lattice) :
       1 :   0.00000000  0.00000000  0.00000000
       2 :   0.33333333  0.33333333  0.00000000
 
 Total number of atoms per unit cell        :       2
 
 Spin treatment                             :    spin-unpolarised
 
 Number of Bravais lattice symmetries       :      24
 Number of crystal symmetries               :      24
 
 k-point grid                               :      34   34   24
 Total number of k-points                   :    1482
 k-point set is reduced with crystal symmetries
 
 R^MT_min * |G+k|_max (rgkmax)              :       8.00000000
 Species with R^MT_min                      :       1 (C)
 Maximum |G+k| for APW functions            :       6.66666667
 Maximum |G| for potential and density      :      20.00000000
 
 G-vector grid sizes                        :      30    30    45
 Total number of G-vectors                  :   16599
 
 Maximum angular momentum used for
     APW functions                          :       8
     computing H and O matrix elements      :       8
     potential and density                  :       8
     inner part of muffin-tin               :       2
 
 Total nuclear charge                       :     -12.00000000
 Total electronic charge                    :      12.00000000
 Total core charge                          :       4.00000000
 Total valence charge                       :       8.00000000
 
 Number of empty states                     :       5
 Total number of valence states             :      10
 
 Maximum Hamiltonian size                   :     641
 Maximum number of plane-waves              :     633
 Total number of local-orbitals             :       8
 
 Exchange-correlation type                  :      20
     Perdew-Burke-Ernzerhof, Phys. Rev. Lett. 77, 3865 (1996)
     Generalised gradient approximation (GGA)
 
 Smearing scheme                            :    Gaussian
 Smearing width                             :       0.01000000
 
 Using multisecant Broyden potential mixing
 
++++++++++++++++++++++++++++++++++++++++++++++++++++++++++++++++++++++++++++++++
| Ending initialization                                                        +
++++++++++++++++++++++++++++++++++++++++++++++++++++++++++++++++++++++++++++++++
 
********************************************************************************
| Groundstate module started                                                   *
********************************************************************************
 Output level for this task is set to normal
 
++++++++++++++++++++++++++++++++++++++++++++++++++++++++++++++++++++++++++++++++
| Self-consistent loop started                                                 +
++++++++++++++++++++++++++++++++++++++++++++++++++++++++++++++++++++++++++++++++
 Density and potential initialised from atomic data
 
 
++++++++++++++++++++++++++++++++++++++++++++++++++++++++++++++++++++++++++++++++
| SCF iteration number :    1                                                  +
++++++++++++++++++++++++++++++++++++++++++++++++++++++++++++++++++++++++++++++++
 Total energy                               :       -78.85396291
 _______________________________________________________________
 Fermi energy                               :         0.14788930
 Kinetic energy                             :        74.43001571
 Coulomb energy                             :      -142.27361059
 Exchange energy                            :       -10.58684986
 Correlation energy                         :        -0.42351816
 
 DOS at Fermi energy (states/Ha/cell)       :         0.58857376
 
 Electron charges :
     core                                   :         4.00000000
     core leakage                           :         0.00128988
     valence                                :         8.00000000
     interstitial                           :         4.36369494
     charge in muffin-tin spheres :
                  atom     1     C          :         3.81815253
                  atom     2     C          :         3.81815253
     total charge in muffin-tins            :         7.63630506
     total charge                           :        12.00000000
 
 Wall time (seconds)                        :        37.70
 
++++++++++++++++++++++++++++++++++++++++++++++++++++++++++++++++++++++++++++++++
| SCF iteration number :    2                                                  +
++++++++++++++++++++++++++++++++++++++++++++++++++++++++++++++++++++++++++++++++
 Total energy                               :       -77.88097412
 _______________________________________________________________
 Fermi energy                               :         0.17608080
 Kinetic energy                             :        75.11068619
 Coulomb energy                             :      -142.02449996
 Exchange energy                            :       -10.54279995
 Correlation energy                         :        -0.42436039
 
 DOS at Fermi energy (states/Ha/cell)       :         0.63124831
 
 Electron charges :
     core                                   :         4.00000000
     core leakage                           :         0.00130498
     valence                                :         8.00000000
     interstitial                           :         4.43765445
     charge in muffin-tin spheres :
                  atom     1     C          :         3.78117277
                  atom     2     C          :         3.78117277
     total charge in muffin-tins            :         7.56234555
     total charge                           :        12.00000000
 
 Wall time (seconds)                        :        72.26
 
 RMS change in effective potential (target) :   1.62365      ( 0.100000E-05)
 Absolute change in total energy   (target) :  0.972989      ( 0.100000E-06)
 Charge distance                   (target) :  0.146795E-01  ( 0.100000E-04)
 Abs. change in max-nonIBS-force   (target) :   0.00000      ( 0.250000E-05)
 
++++++++++++++++++++++++++++++++++++++++++++++++++++++++++++++++++++++++++++++++
| SCF iteration number :    3                                                  +
++++++++++++++++++++++++++++++++++++++++++++++++++++++++++++++++++++++++++++++++
 Total energy                               :       -77.18960465
 _______________________________________________________________
 Fermi energy                               :         0.19526702
 Kinetic energy                             :        75.58981600
 Coulomb energy                             :      -141.84370355
 Exchange energy                            :       -10.51069025
 Correlation energy                         :        -0.42502685
 
 DOS at Fermi energy (states/Ha/cell)       :         0.66713487
 
 Electron charges :
     core                                   :         4.00000000
     core leakage                           :         0.00131487
     valence                                :         8.00000000
     interstitial                           :         4.49187182
     charge in muffin-tin spheres :
                  atom     1     C          :         3.75406409
                  atom     2     C          :         3.75406409
     total charge in muffin-tins            :         7.50812818
     total charge                           :        12.00000000
 
 Wall time (seconds)                        :       107.31
 
 RMS change in effective potential (target) :   1.20020      ( 0.100000E-05)
 Absolute change in total energy   (target) :  0.691369      ( 0.100000E-06)
 Charge distance                   (target) :  0.108877E-01  ( 0.100000E-04)
 Abs. change in max-nonIBS-force   (target) :   0.00000      ( 0.250000E-05)
 
++++++++++++++++++++++++++++++++++++++++++++++++++++++++++++++++++++++++++++++++
| SCF iteration number :    4                                                  +
++++++++++++++++++++++++++++++++++++++++++++++++++++++++++++++++++++++++++++++++
 Total energy                               :       -76.88693241
 _______________________________________________________________
 Fermi energy                               :         0.20256678
 Kinetic energy                             :        75.81369148
 Coulomb energy                             :      -141.78169997
 Exchange energy                            :       -10.49343706
 Correlation energy                         :        -0.42548685
 
 DOS at Fermi energy (states/Ha/cell)       :         0.68819244
 
 Electron charges :
     core                                   :         4.00000000
     core leakage                           :         0.00130750
     valence                                :         8.00000000
     interstitial                           :         4.52624237
     charge in muffin-tin spheres :
                  atom     1     C          :         3.73687881
                  atom     2     C          :         3.73687881
     total charge in muffin-tins            :         7.47375763
     total charge                           :        12.00000000
 
 Wall time (seconds)                        :       142.38
 
 RMS change in effective potential (target) :  0.779439E-01  ( 0.100000E-05)
 Absolute change in total energy   (target) :  0.302672      ( 0.100000E-06)
 Charge distance                   (target) :  0.736861E-02  ( 0.100000E-04)
 Abs. change in max-nonIBS-force   (target) :   0.00000      ( 0.250000E-05)
 
++++++++++++++++++++++++++++++++++++++++++++++++++++++++++++++++++++++++++++++++
| SCF iteration number :    5                                                  +
++++++++++++++++++++++++++++++++++++++++++++++++++++++++++++++++++++++++++++++++
 Total energy                               :       -75.89429215
 _______________________________________________________________
 Fermi energy                               :         0.22877795
 Kinetic energy                             :        76.47460714
 Coulomb energy                             :      -141.49453291
 Exchange energy                            :       -10.44786557
 Correlation energy                         :        -0.42650081
 
 DOS at Fermi energy (states/Ha/cell)       :         0.74570686
 
 Electron charges :
     core                                   :         4.00000000
     core leakage                           :         0.00132953
     valence                                :         8.00000000
     interstitial                           :         4.59971662
     charge in muffin-tin spheres :
                  atom     1     C          :         3.70014169
                  atom     2     C          :         3.70014169
     total charge in muffin-tins            :         7.40028338
     total charge                           :        12.00000000
 
 Wall time (seconds)                        :       177.56
 
 RMS change in effective potential (target) :  0.338905E-01  ( 0.100000E-05)
 Absolute change in total energy   (target) :  0.992640      ( 0.100000E-06)
 Charge distance                   (target) :  0.147202E-01  ( 0.100000E-04)
 Abs. change in max-nonIBS-force   (target) :   0.00000      ( 0.250000E-05)
 
++++++++++++++++++++++++++++++++++++++++++++++++++++++++++++++++++++++++++++++++
| SCF iteration number :    6                                                  +
++++++++++++++++++++++++++++++++++++++++++++++++++++++++++++++++++++++++++++++++
 Total energy                               :       -76.20353557
 _______________________________________________________________
 Fermi energy                               :         0.22073655
 Kinetic energy                             :        76.26864672
 Coulomb energy                             :      -141.58383787
 Exchange energy                            :       -10.46216523
 Correlation energy                         :        -0.42617920
 
 DOS at Fermi energy (states/Ha/cell)       :         0.72725560
 
 Electron charges :
     core                                   :         4.00000000
     core leakage                           :         0.00132306
     valence                                :         8.00000000
     interstitial                           :         4.57655869
     charge in muffin-tin spheres :
                  atom     1     C          :         3.71172066
                  atom     2     C          :         3.71172066
     total charge in muffin-tins            :         7.42344131
     total charge                           :        12.00000000
 
 Wall time (seconds)                        :       212.68
 
 RMS change in effective potential (target) :  0.710144E-03  ( 0.100000E-05)
 Absolute change in total energy   (target) :  0.309243      ( 0.100000E-06)
 Charge distance                   (target) :  0.469142E-02  ( 0.100000E-04)
 Abs. change in max-nonIBS-force   (target) :   0.00000      ( 0.250000E-05)
 
++++++++++++++++++++++++++++++++++++++++++++++++++++++++++++++++++++++++++++++++
| SCF iteration number :    7                                                  +
++++++++++++++++++++++++++++++++++++++++++++++++++++++++++++++++++++++++++++++++
 Total energy                               :       -76.20126333
 _______________________________________________________________
 Fermi energy                               :         0.22080262
 Kinetic energy                             :        76.27067017
 Coulomb energy                             :      -141.58368267
 Exchange energy                            :       -10.46207209
 Correlation energy                         :        -0.42617874
 
 DOS at Fermi energy (states/Ha/cell)       :         0.72746357
 
 Electron charges :
     core                                   :         4.00000000
     core leakage                           :         0.00132298
     valence                                :         8.00000000
     interstitial                           :         4.57673572
     charge in muffin-tin spheres :
                  atom     1     C          :         3.71163214
                  atom     2     C          :         3.71163214
     total charge in muffin-tins            :         7.42326428
     total charge                           :        12.00000000
 
 Wall time (seconds)                        :       247.86
 
 RMS change in effective potential (target) :  0.170522E-03  ( 0.100000E-05)
 Absolute change in total energy   (target) :  0.227225E-02  ( 0.100000E-06)
 Charge distance                   (target) :  0.546212E-04  ( 0.100000E-04)
 Abs. change in max-nonIBS-force   (target) :   0.00000      ( 0.250000E-05)
 
++++++++++++++++++++++++++++++++++++++++++++++++++++++++++++++++++++++++++++++++
| SCF iteration number :    8                                                  +
++++++++++++++++++++++++++++++++++++++++++++++++++++++++++++++++++++++++++++++++
 Total energy                               :       -76.20253140
 _______________________________________________________________
 Fermi energy                               :         0.22076774
 Kinetic energy                             :        76.26971703
 Coulomb energy                             :      -141.58394422
 Exchange energy                            :       -10.46212624
 Correlation energy                         :        -0.42617797
 
 DOS at Fermi energy (states/Ha/cell)       :         0.72737183
 
 Electron charges :
     core                                   :         4.00000000
     core leakage                           :         0.00132298
     valence                                :         8.00000000
     interstitial                           :         4.57664369
     charge in muffin-tin spheres :
                  atom     1     C          :         3.71167815
                  atom     2     C          :         3.71167815
     total charge in muffin-tins            :         7.42335631
     total charge                           :        12.00000000
 
 Wall time (seconds)                        :       283.02
 
 RMS change in effective potential (target) :  0.180929E-04  ( 0.100000E-05)
 Absolute change in total energy   (target) :  0.126807E-02  ( 0.100000E-06)
 Charge distance                   (target) :  0.205958E-04  ( 0.100000E-04)
 Abs. change in max-nonIBS-force   (target) :   0.00000      ( 0.250000E-05)
 
++++++++++++++++++++++++++++++++++++++++++++++++++++++++++++++++++++++++++++++++
| SCF iteration number :    9                                                  +
++++++++++++++++++++++++++++++++++++++++++++++++++++++++++++++++++++++++++++++++
 Total energy                               :       -76.20235663
 _______________________________________________________________
 Fermi energy                               :         0.22077232
 Kinetic energy                             :        76.26983488
 Coulomb energy                             :      -141.58389506
 Exchange energy                            :       -10.46211831
 Correlation energy                         :        -0.42617814
 
 DOS at Fermi energy (states/Ha/cell)       :         0.72738159
 
 Electron charges :
     core                                   :         4.00000000
     core leakage                           :         0.00132298
     valence                                :         8.00000000
     interstitial                           :         4.57665656
     charge in muffin-tin spheres :
                  atom     1     C          :         3.71167172
                  atom     2     C          :         3.71167172
     total charge in muffin-tins            :         7.42334344
     total charge                           :        12.00000000
 
 Wall time (seconds)                        :       318.18
 
 RMS change in effective potential (target) :  0.180927E-05  ( 0.100000E-05)
 Absolute change in total energy   (target) :  0.174772E-03  ( 0.100000E-06)
 Charge distance                   (target) :  0.262264E-05  ( 0.100000E-04)
 Abs. change in max-nonIBS-force   (target) :   0.00000      ( 0.250000E-05)
 
++++++++++++++++++++++++++++++++++++++++++++++++++++++++++++++++++++++++++++++++
| SCF iteration number :   10                                                  +
++++++++++++++++++++++++++++++++++++++++++++++++++++++++++++++++++++++++++++++++
 Total energy                               :       -76.20235757
 _______________________________________________________________
 Fermi energy                               :         0.22077232
 Kinetic energy                             :        76.26983483
 Coulomb energy                             :      -141.58389589
 Exchange energy                            :       -10.46211838
 Correlation energy                         :        -0.42617813
 
 DOS at Fermi energy (states/Ha/cell)       :         0.72738161
 
 Electron charges :
     core                                   :         4.00000000
     core leakage                           :         0.00132298
     valence                                :         8.00000000
     interstitial                           :         4.57665649
     charge in muffin-tin spheres :
                  atom     1     C          :         3.71167175
                  atom     2     C          :         3.71167175
     total charge in muffin-tins            :         7.42334351
     total charge                           :        12.00000000
 
 Wall time (seconds)                        :       353.35
 
 RMS change in effective potential (target) :  0.610856E-07  ( 0.100000E-05)
 Absolute change in total energy   (target) :  0.942450E-06  ( 0.100000E-06)
 Charge distance                   (target) :  0.187073E-07  ( 0.100000E-04)
 Abs. change in max-nonIBS-force   (target) :   0.00000      ( 0.250000E-05)
 
++++++++++++++++++++++++++++++++++++++++++++++++++++++++++++++++++++++++++++++++
| SCF iteration number :   11                                                  +
++++++++++++++++++++++++++++++++++++++++++++++++++++++++++++++++++++++++++++++++
 Total energy                               :       -76.20235756
 _______________________________________________________________
 Fermi energy                               :         0.22077232
 Kinetic energy                             :        76.26983483
 Coulomb energy                             :      -141.58389588
 Exchange energy                            :       -10.46211837
 Correlation energy                         :        -0.42617813
 
 DOS at Fermi energy (states/Ha/cell)       :         0.72738161
 
 Electron charges :
     core                                   :         4.00000000
     core leakage                           :         0.00132298
     valence                                :         8.00000000
     interstitial                           :         4.57665649
     charge in muffin-tin spheres :
                  atom     1     C          :         3.71167175
                  atom     2     C          :         3.71167175
     total charge in muffin-tins            :         7.42334351
     total charge                           :        12.00000000
 
 Wall time (seconds)                        :       388.62
 
 RMS change in effective potential (target) :  0.149975E-07  ( 0.100000E-05)
 Absolute change in total energy   (target) :  0.127031E-07  ( 0.100000E-06)
 Charge distance                   (target) :  0.489458E-09  ( 0.100000E-04)
 Abs. change in max-nonIBS-force   (target) :   0.00000      ( 0.250000E-05)
 
++++++++++++++++++++++++++++++++++++++++++++++++++++++++++++++++++++++++++++++++
| Convergence targets achieved. Performing final SCF iteration                 +
++++++++++++++++++++++++++++++++++++++++++++++++++++++++++++++++++++++++++++++++
 Total energy                               :       -76.21014483
 _______________________________________________________________
 Fermi energy                               :         0.22077232
 Kinetic energy                             :        76.26983482
 Coulomb energy                             :      -141.58389588
 Exchange energy                            :       -10.46211838
 Correlation energy                         :        -0.42617813
 DFT-D2 dispersion correction               :        -0.00778726
 
 DOS at Fermi energy (states/Ha/cell)       :         0.72738161
 
 Electron charges :
     core                                   :         4.00000000
     core leakage                           :         0.00132298
     valence                                :         8.00000000
     interstitial                           :         4.57665649
     charge in muffin-tin spheres :
                  atom     1     C          :         3.71167175
                  atom     2     C          :         3.71167175
     total charge in muffin-tins            :         7.42334351
     total charge                           :        12.00000000
 
++++++++++++++++++++++++++++++++++++++++++++++++++++++++++++++++++++++++++++++++
| Self-consistent loop stopped                                                 +
++++++++++++++++++++++++++++++++++++++++++++++++++++++++++++++++++++++++++++++++
 STATE.OUT is written
 
--------------------------------------------------------------------------------
| Writing atomic positions and forces                                          -
--------------------------------------------------------------------------------
 
 Atomic positions (lattice) :
 atom     1   C  :     0.00000000    0.00000000    0.00000000
 atom     2   C  :     0.33333333    0.33333333    0.00000000
 
 Total atomic forces including IBS (cartesian) :
 atom     1   C  :     0.00000000    0.00000000    0.00000000
 atom     2   C  :     0.00000000    0.00000000    0.00000000
 
 Atomic force components including IBS (cartesian) :
 atom     1   C  :     0.00000000    0.00000000    0.00000000   HF force
                 :     0.00000000    0.00000000    0.00000000   core correction
                 :     0.00000000    0.00000000    0.00000000   IBS correction
                 :     0.00000000    0.00000000    0.00000000   DFT-D2 force
 atom     2   C  :     0.00000000    0.00000000    0.00000000   HF force
                 :     0.00000000    0.00000000    0.00000000   core correction
                 :     0.00000000    0.00000000    0.00000000   IBS correction
                 :     0.00000000    0.00000000    0.00000000   DFT-D2 force
 
********************************************************************************
| Groundstate module stopped                                                   *
********************************************************************************
 
********************************************************************************
| Structure-optimization module started                                        *
********************************************************************************
 Output level for this task is set to normal
 
 Maximum displacement tau_BFGS   is         :         0.3000
 Maximum displacement tau_newton is         :         0.8000
 Maximum force target reached already at the initial configuration
 
********************************************************************************
| Structure-optimization module stopped                                        *
********************************************************************************
 
 Total time spent (seconds)                 :       452.74
 
================================================================================
| EXCITING BORON stopped                                                       =
================================================================================
